../Core/Src/main.c:95:6:Flash_WriteData	40	static
../Core/Src/main.c:105:6:Flash_ReadData	24	static
../Core/Src/main.c:141:6:HX711_Init	8	static
../Core/Src/main.c:145:9:HX711_Read	24	static
../Core/Src/main.c:169:7:HX711_GetWeight	32	static
../Core/Src/main.c:188:6:SendIconToDWIN	16	static
../Core/Src/main.c:193:6:Reset_GPIO_Pins1	8	static
../Core/Src/main.c:200:6:Set_Valves1	24	static
../Core/Src/main.c:205:6:cycle1	16	static
../Core/Src/main.c:210:6:cycle_for_rinse1	24	static
../Core/Src/main.c:218:7:Water_pressure_get_PSI	48	static
../Core/Src/main.c:252:10:Water_pressure_get_mmHg	48	static
../Core/Src/main.c:287:6:WeightMeasurementTask	216	static
../Core/Src/main.c:714:5:Water_pressure_data	192	static
../Core/Src/main.c:864:6:Set_Valves	24	static
../Core/Src/main.c:870:6:Reset_GPIO_Pins	24	static
../Core/Src/main.c:876:6:cycle	32	static
../Core/Src/main.c:985:6:ValveOperatingTask	32	static
../Core/Src/main.c:1069:6:Rinsecycle	24	static
../Core/Src/main.c:1146:6:Draincycle	24	static
../Core/Src/main.c:1196:5:main	72	static
../Core/Src/main.c:1288:6:SystemClock_Config	88	static
../Core/Src/main.c:1331:13:MX_ADC1_Init	24	static
../Core/Src/main.c:1380:13:MX_USART1_UART_Init	8	static
../Core/Src/main.c:1411:13:MX_USART2_UART_Init	8	static
../Core/Src/main.c:1440:13:MX_DMA_Init	16	static
../Core/Src/main.c:1457:13:MX_GPIO_Init	40	static
../Core/Src/main.c:1518:6:StartDefaultTask	16	static
../Core/Src/main.c:1625:6:StartTask02	16	static
../Core/Src/main.c:1643:6:Error_Handler	4	static,ignoring_inline_asm
