16:09:50 **** Incremental Build of configuration Debug for project flashh ****
make -j8 all 
arm-none-eabi-gcc "../Core/Src/main.c" -mcpu=cortex-m4 -std=gnu11 -g3 -DDEBUG -DUSE_HAL_DRIVER -DSTM32F407xx -c -I../Core/Inc -I../Drivers/STM32F4xx_HAL_Driver/Inc -I../Drivers/STM32F4xx_HAL_Driver/Inc/Legacy -I../Drivers/CMSIS/Device/ST/STM32F4xx/Include -I../Drivers/CMSIS/Include -O0 -ffunction-sections -fdata-sections -Wall -fstack-usage -fcyclomatic-complexity -MMD -MP -MF"Core/Src/main.d" -MT"Core/Src/main.o" --specs=nano.specs -mfpu=fpv4-sp-d16 -mfloat-abi=hard -mthumb -o "Core/Src/main.o"
arm-none-eabi-gcc -o "flashh.elf" @"objects.list"   -mcpu=cortex-m4 -T"C:\Users\Admin\STM32CubeIDE\workspace_1.18.1\flashh\STM32F407VETX_FLASH.ld" --specs=nosys.specs -Wl,-Map="flashh.map" -Wl,--gc-sections -static --specs=nano.specs -mfpu=fpv4-sp-d16 -mfloat-abi=hard -mthumb -Wl,--start-group -lc -lm -Wl,--end-group
Finished building target: flashh.elf
 
arm-none-eabi-size  flashh.elf 
arm-none-eabi-objdump -h -S flashh.elf  > "flashh.list"
   text	   data	    bss	    dec	    hex	filename
   4868	     12	   1588	   6468	   1944	flashh.elf
Finished building: default.size.stdout
 
Finished building: flashh.list
 

16:09:51 Build Finished. 0 errors, 0 warnings. (took 701ms)

