12:59:25 **** Incremental Build of configuration Debug for project ha ****
make -j8 all 
arm-none-eabi-gcc "../Core/Src/main.c" -mcpu=cortex-m4 -std=gnu11 -g3 -DDEBUG -DUSE_HAL_DRIVER -DSTM32F407xx -c -I../Core/Inc -I../Drivers/STM32F4xx_HAL_Driver/Inc -I../Drivers/STM32F4xx_HAL_Driver/Inc/Legacy -I../Drivers/CMSIS/Device/ST/STM32F4xx/Include -I../Drivers/CMSIS/Include -O0 -ffunction-sections -fdata-sections -Wall -fstack-usage -fcyclomatic-complexity -MMD -MP -MF"Core/Src/main.d" -MT"Core/Src/main.o" --specs=nano.specs -mfpu=fpv4-sp-d16 -mfloat-abi=hard -mthumb -o "Core/Src/main.o"
arm-none-eabi-gcc -o "ha.elf" @"objects.list"   -mcpu=cortex-m4 -T"C:\Users\Admin\STM32CubeIDE\workspace_1.18.1\ha\STM32F407VETX_FLASH.ld" --specs=nosys.specs -Wl,-Map="ha.map" -Wl,--gc-sections -static --specs=nano.specs -mfpu=fpv4-sp-d16 -mfloat-abi=hard -mthumb -Wl,--start-group -lc -lm -Wl,--end-group
Finished building target: ha.elf
 
arm-none-eabi-size  ha.elf 
arm-none-eabi-objdump -h -S ha.elf  > "ha.list"
   text	   data	    bss	    dec	    hex	filename
   5904	     12	   1580	   7496	   1d48	ha.elf
Finished building: default.size.stdout
 
Finished building: ha.list
 

12:59:26 Build Finished. 0 errors, 0 warnings. (took 753ms)

