../Drivers/CMSIS/Include/core_cm4.h:1938:34:__NVIC_SystemReset	4	static,ignoring_inline_asm
../Core/Src/main.c:763:10:getElapsedMilliseconds	4	static
../Core/Src/main.c:778:6:HardFault_Handler	8	static
../Core/Src/main.c:787:5:main	264	static
../Core/Src/main.c:927:6:SystemClock_Config	88	static
../Core/Src/main.c:974:13:MX_ADC1_Init	24	static
../Core/Src/main.c:1026:13:MX_ADC2_Init	24	static
../Core/Src/main.c:1078:13:MX_ADC3_Init	24	static
../Core/Src/main.c:1130:13:MX_RTC_Init	72	static
../Core/Src/main.c:1212:13:MX_SPI1_Init	8	static
../Core/Src/main.c:1250:13:MX_SPI3_Init	8	static
../Core/Src/main.c:1288:13:MX_TIM1_Init	96	static
../Core/Src/main.c:1363:13:MX_TIM4_Init	64	static
../Core/Src/main.c:1422:13:MX_USART1_UART_Init	8	static
../Core/Src/main.c:1455:13:MX_USART2_UART_Init	8	static
../Core/Src/main.c:1486:13:MX_DMA_Init	16	static
../Core/Src/main.c:1508:13:MX_GPIO_Init	56	static
../Core/Src/main.c:1604:10:ICON_TOGGLE	32	static
../Core/Src/main.c:1645:6:display_icon_clr	24	static
../Core/Src/main.c:1660:10:display_data	24	static
../Core/Src/main.c:1898:6:SPI_Write	16	static
../Core/Src/main.c:1901:6:SPI_Read	16	static
../Core/Src/main.c:1904:6:W25Q_Reset	16	static
../Core/Src/main.c:1913:6:W25Q_Read	40	static
../Core/Src/main.c:1929:6:W25Q_Read1	48	static
../Core/Src/main.c:1959:6:write_enable	16	static
../Core/Src/main.c:1966:6:write_disable	16	static
../Core/Src/main.c:1974:10:bytetoWrite	16	static
../Core/Src/main.c:1983:6:erase_sector	32	static
../Core/Src/main.c:2005:6:W25Q_Write_Page	352	static
../Core/Src/main.c:2049:6:W25Q_Write_Page1	344	static
../Core/Src/main.c:2111:6:intiger_val_send_Backup	24	static
../Core/Src/main.c:2119:6:intiger_val_vt_send_Backup	32	static
../Core/Src/main.c:2132:6:cls_con	16	static
../Core/Src/main.c:2153:6:inc_drc_icon	16	static
../Core/Src/main.c:2165:6:intiger_val_send	24	static
../Core/Src/main.c:2175:6:intiger_val_vt_send	32	static
../Core/Src/main.c:2188:6:PIP_VAL	24	static
../Core/Src/main.c:2198:6:float_value_send	40	static
../Core/Src/main.c:2223:6:float_value_16bit_send	48	static
../Core/Src/main.c:2257:6:cls_cmd	24	static
../Core/Src/main.c:2570:6:Breath_calclution	8	static
../Core/Src/main.c:2585:6:Breath_calclution_Neo	4	static
../Core/Src/main.c:2625:6:Pre_set_value_show	8	static
../Core/Src/main.c:2652:6:modes_icon_change	24	static
../Core/Src/main.c:2659:6:battery_icon_change	24	static
../Core/Src/main.c:2664:6:muteUnmute_icon_change	24	static
../Core/Src/main.c:2669:6:alarm_icon_change	24	static
../Core/Src/main.c:2674:6:leak_icon_change	24	static
../Core/Src/main.c:2679:6:O2_Sensor	24	static
../Core/Src/main.c:2685:6:AC_Plug	24	static
../Core/Src/main.c:2690:5:Pressure_set_ppr	16	static
../Core/Src/main.c:2709:5:P_sensor_data	24	static
../Core/Src/main.c:2723:6:update_mbar_history	24	static
../Core/Src/main.c:2734:6:play_icon_change	24	static
../Core/Src/main.c:2739:6:bag_play_icon_change	24	static
../Core/Src/main.c:2745:6:ap_icon_change	24	static
../Core/Src/main.c:2762:8:target_flow_cal	24	static
../Core/Src/main.c:2767:8:user_flowe_cal	24	static
../Core/Src/main.c:2774:8:user_flowe_cal1	24	static
../Core/Src/main.c:2788:6:vt_alarm	32	static
../Core/Src/main.c:2800:6:mv_alarm	40	static
../Core/Src/main.c:2826:6:bag_mv_alarm	40	static
../Core/Src/main.c:2853:6:rr_alarm	24	static
../Core/Src/main.c:2861:6:P_Peak_pressure	24	static
../Core/Src/main.c:2868:6:Peep_live_pressure	24	static
../Core/Src/main.c:2875:6:Compliance	24	static
../Core/Src/main.c:2882:6:BUZZ_PWM	8	static
../Core/Src/main.c:2889:7:get_filtered_flow	32	static
../Core/Src/main.c:2965:6:update_pid_gains	24	static
../Core/Src/main.c:2976:6:VCV_MODE	24	static
../Core/Src/main.c:3090:6:PCV_MODE	8	static
../Core/Src/main.c:3121:5:Mandatory_MODE	24	static
../Core/Src/main.c:3163:6:Spontaneous_MODE	16	static
../Core/Src/main.c:3210:6:PSV_MODE	16	static
../Core/Src/main.c:3259:6:SIMV_MODE	8	static
../Core/Src/main.c:3290:6:Mandarine	8	static
../Core/Src/main.c:3372:7:Cuff_Leak_Test	24	static
../Core/Src/main.c:3410:7:CLT_MODE	16	static
../Core/Src/main.c:3460:6:BAG_MODE	8	static
../Core/Src/main.c:3496:6:PID_FLOW_SET_VALUE	56	static
../Core/Src/main.c:3551:6:VT_KEYPAD	24	static
../Core/Src/main.c:3632:6:SPI_Init	8	static
../Core/Src/main.c:3636:19:MCP3551_ReadData	24	static
../Core/Src/main.c:3666:6:oxy_per	40	static
../Core/Src/main.c:3696:7:convert_ADC_to_Percentage	16	static
../Core/Src/main.c:3708:6:computeFlowFromPressure	16	static
../Core/Src/main.c:3715:7:differential_flow	24	static
../Core/Src/main.c:3742:6:dwin_data	328	static
../Core/Src/main.c:5100:6:sensor_one	48	static
../Core/Src/main.c:5516:6:mode_ctr	16	static
../Core/Src/main.c:5663:6:Icon	24	static
../Core/Src/main.c:5776:6:Battery	16	static
../Core/Src/main.c:5874:6:Loop	24	static
../Core/Src/main.c:6095:6:FVG	24	static
../Core/Src/main.c:6218:6:backup	80	static
../Core/Src/main.c:6305:6:Clear_Button	16	static
../Core/Src/main.c:6315:6:value_reset	16	static
../Core/Src/main.c:6360:6:HAL_TIM_PeriodElapsedCallback	16	static
../Core/Src/main.c:6378:6:Error_Handler	4	static,ignoring_inline_asm
