../Drivers/CMSIS/Include/core_cm4.h:1938:34:__NVIC_SystemReset	4	static,ignoring_inline_asm
../Core/Src/main.c:642:10:getElapsedMilliseconds	4	static
../Core/Src/main.c:650:6:HardFault_Handler	8	static
../Core/Src/main.c:659:5:main	264	static
../Core/Src/main.c:797:6:SystemClock_Config	88	static
../Core/Src/main.c:844:13:MX_ADC1_Init	24	static
../Core/Src/main.c:896:13:MX_ADC2_Init	24	static
../Core/Src/main.c:948:13:MX_ADC3_Init	24	static
../Core/Src/main.c:1000:13:MX_RTC_Init	72	static
../Core/Src/main.c:1082:13:MX_SPI1_Init	8	static
../Core/Src/main.c:1120:13:MX_SPI3_Init	8	static
../Core/Src/main.c:1158:13:MX_TIM1_Init	80	static
../Core/Src/main.c:1223:13:MX_TIM4_Init	64	static
../Core/Src/main.c:1282:13:MX_USART1_UART_Init	8	static
../Core/Src/main.c:1315:13:MX_USART2_UART_Init	8	static
../Core/Src/main.c:1346:13:MX_DMA_Init	16	static
../Core/Src/main.c:1368:13:MX_GPIO_Init	56	static
../Core/Src/main.c:1460:10:ICON_TOGGLE	32	static
../Core/Src/main.c:1501:6:display_icon_clr	24	static
../Core/Src/main.c:1516:10:display_data	24	static
../Core/Src/main.c:1755:6:cls_con	16	static
../Core/Src/main.c:1776:6:inc_drc_icon	16	static
../Core/Src/main.c:1788:6:intiger_val_send	24	static
../Core/Src/main.c:1798:6:intiger_val_vt_send	32	static
../Core/Src/main.c:1811:6:PIP_VAL	24	static
../Core/Src/main.c:1821:6:float_value_send	40	static
../Core/Src/main.c:1846:6:float_value_16bit_send	48	static
../Core/Src/main.c:1880:6:cls_cmd	24	static
../Core/Src/main.c:2115:6:Breath_calclution	4	static
../Core/Src/main.c:2128:6:Pre_set_value_show	8	static
../Core/Src/main.c:2155:6:modes_icon_change	24	static
../Core/Src/main.c:2162:6:battery_icon_change	24	static
../Core/Src/main.c:2167:6:muteUnmute_icon_change	24	static
../Core/Src/main.c:2172:6:alarm_icon_change	24	static
../Core/Src/main.c:2177:6:leak_icon_change	24	static
../Core/Src/main.c:2182:6:O2_Sensor	24	static
../Core/Src/main.c:2188:6:AC_Plug	24	static
../Core/Src/main.c:2193:5:Pressure_set_ppr	16	static
../Core/Src/main.c:2211:5:P_sensor_data	24	static
../Core/Src/main.c:2224:6:update_mbar_history	24	static
../Core/Src/main.c:2235:6:play_icon_change	24	static
../Core/Src/main.c:2246:8:user_flowe_cal	24	static
../Core/Src/main.c:2253:8:user_flowe_cal1	24	static
../Core/Src/main.c:2261:6:vt_alarm	32	static
../Core/Src/main.c:2273:6:mv_alarm	40	static
../Core/Src/main.c:2300:6:rr_alarm	24	static
../Core/Src/main.c:2308:6:P_Peak_pressure	24	static
../Core/Src/main.c:2315:6:Peep_live_pressure	24	static
../Core/Src/main.c:2322:6:Compliance	24	static
../Core/Src/main.c:2329:6:BUZZ_PWM	8	static
../Core/Src/main.c:2337:6:VCV_MODE	24	static
../Core/Src/main.c:2376:6:PCV_MODE	8	static
../Core/Src/main.c:2400:5:Mandatory_MODE	32	static
../Core/Src/main.c:2436:6:Mandarine	8	static
../Core/Src/main.c:2460:6:Spontaneous_MODE	16	static
../Core/Src/main.c:2497:6:SIMV_MODE	8	static
../Core/Src/main.c:2529:6:PSV_MODE	8	static
../Core/Src/main.c:2568:7:Cuff_Leak_Test	24	static
../Core/Src/main.c:2606:7:CLT_MODE	24	static
../Core/Src/main.c:2656:6:BAG_MODE	8	static
../Core/Src/main.c:2666:6:PID_FLOW_SET_VALUE	56	static
../Core/Src/main.c:2676:6:VT_KEYPAD	24	static
../Core/Src/main.c:2736:6:SPI_Init	8	static
../Core/Src/main.c:2740:19:MCP3551_ReadData	24	static
../Core/Src/main.c:2770:6:oxy_per	40	static
../Core/Src/main.c:2800:7:convert_ADC_to_Percentage	16	static
../Core/Src/main.c:2811:6:SPI_Write	16	static
../Core/Src/main.c:2814:6:SPI_Read	16	static
../Core/Src/main.c:2817:6:W25Q_Reset	16	static
../Core/Src/main.c:2826:6:W25Q_Read	40	static
../Core/Src/main.c:2842:6:W25Q_Read1	48	static
../Core/Src/main.c:2872:6:write_enable	16	static
../Core/Src/main.c:2879:6:write_disable	16	static
../Core/Src/main.c:2887:10:bytetoWrite	16	static
../Core/Src/main.c:2896:6:erase_sector	32	static
../Core/Src/main.c:2918:6:W25Q_Write_Page	352	static
../Core/Src/main.c:2962:6:W25Q_Write_Page1	344	static
../Core/Src/main.c:3024:6:intiger_val_send_Backup	24	static
../Core/Src/main.c:3032:6:intiger_val_vt_send_Backup	32	static
../Core/Src/main.c:3065:6:dwin_data	272	static
../Core/Src/main.c:4199:6:sensor_one	48	static
../Core/Src/main.c:4464:6:mode_ctr	16	static
../Core/Src/main.c:4542:6:Icon	24	static
../Core/Src/main.c:4655:6:Battery	16	static
../Core/Src/main.c:4753:6:Loop	24	static
../Core/Src/main.c:4974:6:FVG	24	static
../Core/Src/main.c:5097:6:backup	104	static
../Core/Src/main.c:5180:6:Clear_Button	16	static
../Core/Src/main.c:5190:6:value_reset	16	static
../Core/Src/main.c:5235:6:HAL_TIM_PeriodElapsedCallback	16	static
../Core/Src/main.c:5253:6:Error_Handler	4	static,ignoring_inline_asm
