../Core/Src/stm32f4xx_it.c:75:6:NMI_Handler	4	static
../Core/Src/stm32f4xx_it.c:95:6:MemManage_Handler	4	static
../Core/Src/stm32f4xx_it.c:110:6:BusFault_Handler	4	static
../Core/Src/stm32f4xx_it.c:125:6:UsageFault_Handler	4	static
../Core/Src/stm32f4xx_it.c:140:6:DebugMon_Handler	4	static
../Core/Src/stm32f4xx_it.c:160:6:DMA1_Stream5_IRQHandler	8	static
../Core/Src/stm32f4xx_it.c:174:6:USART1_IRQHandler	8	static
../Core/Src/stm32f4xx_it.c:188:6:USART2_IRQHandler	8	static
../Core/Src/stm32f4xx_it.c:202:6:RTC_Alarm_IRQHandler	8	static
../Core/Src/stm32f4xx_it.c:216:6:TIM6_DAC_IRQHandler	8	static
../Core/Src/stm32f4xx_it.c:230:6:DMA2_Stream2_IRQHandler	8	static
