Archive member included to satisfy reference by file (symbol)

C:/ST/STM32CubeIDE_1.18.0/STM32CubeIDE/plugins/com.st.stm32cube.ide.mcu.externaltools.gnu-tools-for-stm32.13.3.rel1.win32_1.0.0.202411081344/tools/bin/../lib/gcc/arm-none-eabi/13.3.1/../../../../arm-none-eabi/lib/thumb/v7e-m+fp/hard\libc_nano.a(libc_a-exit.o)
                              C:/ST/STM32CubeIDE_1.18.0/STM32CubeIDE/plugins/com.st.stm32cube.ide.mcu.externaltools.gnu-tools-for-stm32.13.3.rel1.win32_1.0.0.202411081344/tools/bin/../lib/gcc/arm-none-eabi/13.3.1/../../../../arm-none-eabi/lib/thumb/v7e-m+fp/hard/crt0.o (exit)
C:/ST/STM32CubeIDE_1.18.0/STM32CubeIDE/plugins/com.st.stm32cube.ide.mcu.externaltools.gnu-tools-for-stm32.13.3.rel1.win32_1.0.0.202411081344/tools/bin/../lib/gcc/arm-none-eabi/13.3.1/../../../../arm-none-eabi/lib/thumb/v7e-m+fp/hard\libc_nano.a(libc_a-malloc.o)
                              ./Core/Src/main.o (malloc)
C:/ST/STM32CubeIDE_1.18.0/STM32CubeIDE/plugins/com.st.stm32cube.ide.mcu.externaltools.gnu-tools-for-stm32.13.3.rel1.win32_1.0.0.202411081344/tools/bin/../lib/gcc/arm-none-eabi/13.3.1/../../../../arm-none-eabi/lib/thumb/v7e-m+fp/hard\libc_nano.a(libc_a-mallocr.o)
                              C:/ST/STM32CubeIDE_1.18.0/STM32CubeIDE/plugins/com.st.stm32cube.ide.mcu.externaltools.gnu-tools-for-stm32.13.3.rel1.win32_1.0.0.202411081344/tools/bin/../lib/gcc/arm-none-eabi/13.3.1/../../../../arm-none-eabi/lib/thumb/v7e-m+fp/hard\libc_nano.a(libc_a-malloc.o) (_malloc_r)
C:/ST/STM32CubeIDE_1.18.0/STM32CubeIDE/plugins/com.st.stm32cube.ide.mcu.externaltools.gnu-tools-for-stm32.13.3.rel1.win32_1.0.0.202411081344/tools/bin/../lib/gcc/arm-none-eabi/13.3.1/../../../../arm-none-eabi/lib/thumb/v7e-m+fp/hard\libc_nano.a(libc_a-mlock.o)
                              C:/ST/STM32CubeIDE_1.18.0/STM32CubeIDE/plugins/com.st.stm32cube.ide.mcu.externaltools.gnu-tools-for-stm32.13.3.rel1.win32_1.0.0.202411081344/tools/bin/../lib/gcc/arm-none-eabi/13.3.1/../../../../arm-none-eabi/lib/thumb/v7e-m+fp/hard\libc_nano.a(libc_a-mallocr.o) (__malloc_lock)
C:/ST/STM32CubeIDE_1.18.0/STM32CubeIDE/plugins/com.st.stm32cube.ide.mcu.externaltools.gnu-tools-for-stm32.13.3.rel1.win32_1.0.0.202411081344/tools/bin/../lib/gcc/arm-none-eabi/13.3.1/../../../../arm-none-eabi/lib/thumb/v7e-m+fp/hard\libc_nano.a(libc_a-strtol.o)
                              ./Core/Src/main.o (strtol)
C:/ST/STM32CubeIDE_1.18.0/STM32CubeIDE/plugins/com.st.stm32cube.ide.mcu.externaltools.gnu-tools-for-stm32.13.3.rel1.win32_1.0.0.202411081344/tools/bin/../lib/gcc/arm-none-eabi/13.3.1/../../../../arm-none-eabi/lib/thumb/v7e-m+fp/hard\libc_nano.a(libc_a-ctype_.o)
                              C:/ST/STM32CubeIDE_1.18.0/STM32CubeIDE/plugins/com.st.stm32cube.ide.mcu.externaltools.gnu-tools-for-stm32.13.3.rel1.win32_1.0.0.202411081344/tools/bin/../lib/gcc/arm-none-eabi/13.3.1/../../../../arm-none-eabi/lib/thumb/v7e-m+fp/hard\libc_nano.a(libc_a-strtol.o) (_ctype_)
C:/ST/STM32CubeIDE_1.18.0/STM32CubeIDE/plugins/com.st.stm32cube.ide.mcu.externaltools.gnu-tools-for-stm32.13.3.rel1.win32_1.0.0.202411081344/tools/bin/../lib/gcc/arm-none-eabi/13.3.1/../../../../arm-none-eabi/lib/thumb/v7e-m+fp/hard\libc_nano.a(libc_a-findfp.o)
                              ./Middlewares/Third_Party/FreeRTOS/Source/tasks.o (__sf)
C:/ST/STM32CubeIDE_1.18.0/STM32CubeIDE/plugins/com.st.stm32cube.ide.mcu.externaltools.gnu-tools-for-stm32.13.3.rel1.win32_1.0.0.202411081344/tools/bin/../lib/gcc/arm-none-eabi/13.3.1/../../../../arm-none-eabi/lib/thumb/v7e-m+fp/hard\libc_nano.a(libc_a-fwalk.o)
                              C:/ST/STM32CubeIDE_1.18.0/STM32CubeIDE/plugins/com.st.stm32cube.ide.mcu.externaltools.gnu-tools-for-stm32.13.3.rel1.win32_1.0.0.202411081344/tools/bin/../lib/gcc/arm-none-eabi/13.3.1/../../../../arm-none-eabi/lib/thumb/v7e-m+fp/hard\libc_nano.a(libc_a-findfp.o) (_fwalk_sglue)
C:/ST/STM32CubeIDE_1.18.0/STM32CubeIDE/plugins/com.st.stm32cube.ide.mcu.externaltools.gnu-tools-for-stm32.13.3.rel1.win32_1.0.0.202411081344/tools/bin/../lib/gcc/arm-none-eabi/13.3.1/../../../../arm-none-eabi/lib/thumb/v7e-m+fp/hard\libc_nano.a(libc_a-sprintf.o)
                              ./Core/Src/main.o (sprintf)
C:/ST/STM32CubeIDE_1.18.0/STM32CubeIDE/plugins/com.st.stm32cube.ide.mcu.externaltools.gnu-tools-for-stm32.13.3.rel1.win32_1.0.0.202411081344/tools/bin/../lib/gcc/arm-none-eabi/13.3.1/../../../../arm-none-eabi/lib/thumb/v7e-m+fp/hard\libc_nano.a(libc_a-stdio.o)
                              C:/ST/STM32CubeIDE_1.18.0/STM32CubeIDE/plugins/com.st.stm32cube.ide.mcu.externaltools.gnu-tools-for-stm32.13.3.rel1.win32_1.0.0.202411081344/tools/bin/../lib/gcc/arm-none-eabi/13.3.1/../../../../arm-none-eabi/lib/thumb/v7e-m+fp/hard\libc_nano.a(libc_a-findfp.o) (__sread)
[...]
Memory Configuration

Name             Origin             Length             Attributes
CCMRAM           0x10000000         0x00010000         xrw
RAM              0x20000000         0x00020000         xrw
FLASH            0x08000000         0x00080000         xr
*default*        0x00000000         0xffffffff

Linker script and memory map

LOAD C:/ST/STM32CubeIDE_1.18.0/STM32CubeIDE/plugins/com.st.stm32cube.ide.mcu.externaltools.gnu-tools-for-stm32.13.3.rel1.win32_1.0.0.202411081344/tools/bin/../lib/gcc/arm-none-eabi/13.3.1/thumb/v7e-m+fp/hard/crti.o
LOAD C:/ST/STM32CubeIDE_1.18.0/STM32CubeIDE/plugins/com.st.stm32cube.ide.mcu.externaltools.gnu-tools-for-stm32.13.3.rel1.win32_1.0.0.202411081344/tools/bin/../lib/gcc/arm-none-eabi/13.3.1/thumb/v7e-m+fp/hard/crtbegin.o
LOAD C:/ST/STM32CubeIDE_1.18.0/STM32CubeIDE/plugins/com.st.stm32cube.ide.mcu.externaltools.gnu-tools-for-stm32.13.3.rel1.win32_1.0.0.202411081344/tools/bin/../lib/gcc/arm-none-eabi/13.3.1/../../../../arm-none-eabi/lib/thumb/v7e-m+fp/hard/crt0.o
LOAD ./Core/Src/freertos.o
LOAD ./Core/Src/main.o
LOAD ./Core/Src/pid_c.o
LOAD ./Core/Src/stm32f4xx_hal_msp.o
LOAD ./Core/Src/stm32f4xx_hal_timebase_tim.o
LOAD ./Core/Src/stm32f4xx_it.o
LOAD ./Core/Src/syscalls.o
LOAD ./Core/Src/sysmem.o
LOAD ./Core/Src/system_stm32f4xx.o
LOAD ./Core/Startup/startup_stm32f407vetx.o
LOAD ./Drivers/STM32F4xx_HAL_Driver/Src/stm32f4xx_hal.o
LOAD ./Drivers/STM32F4xx_HAL_Driver/Src/stm32f4xx_hal_adc.o
LOAD ./Drivers/STM32F4xx_HAL_Driver/Src/stm32f4xx_hal_adc_ex.o
LOAD ./Drivers/STM32F4xx_HAL_Driver/Src/stm32f4xx_hal_cortex.o
LOAD ./Drivers/STM32F4xx_HAL_Driver/Src/stm32f4xx_hal_dma.o
LOAD ./Drivers/STM32F4xx_HAL_Driver/Src/stm32f4xx_hal_dma_ex.o
LOAD ./Drivers/STM32F4xx_HAL_Driver/Src/stm32f4xx_hal_exti.o
LOAD ./Drivers/STM32F4xx_HAL_Driver/Src/stm32f4xx_hal_flash.o
LOAD ./Drivers/STM32F4xx_HAL_Driver/Src/stm32f4xx_hal_flash_ex.o
LOAD ./Drivers/STM32F4xx_HAL_Driver/Src/stm32f4xx_hal_flash_ramfunc.o
LOAD ./Drivers/STM32F4xx_HAL_Driver/Src/stm32f4xx_hal_gpio.o
LOAD ./Drivers/STM32F4xx_HAL_Driver/Src/stm32f4xx_hal_pwr.o
LOAD ./Drivers/STM32F4xx_HAL_Driver/Src/stm32f4xx_hal_pwr_ex.o
LOAD ./Drivers/STM32F4xx_HAL_Driver/Src/stm32f4xx_hal_rcc.o
LOAD ./Drivers/STM32F4xx_HAL_Driver/Src/stm32f4xx_hal_rcc_ex.o
LOAD ./Drivers/STM32F4xx_HAL_Driver/Src/stm32f4xx_hal_rtc.o
LOAD ./Drivers/STM32F4xx_HAL_Driver/Src/stm32f4xx_hal_rtc_ex.o
LOAD ./Drivers/STM32F4xx_HAL_Driver/Src/stm32f4xx_hal_spi.o
LOAD ./Drivers/STM32F4xx_HAL_Driver/Src/stm32f4xx_hal_tim.o
LOAD ./Drivers/STM32F4xx_HAL_Driver/Src/stm32f4xx_hal_tim_ex.o
LOAD ./Drivers/STM32F4xx_HAL_Driver/Src/stm32f4xx_hal_uart.o
LOAD ./Drivers/STM32F4xx_HAL_Driver/Src/stm32f4xx_ll_adc.o
LOAD ./Middlewares/Third_Party/FreeRTOS/Source/CMSIS_RTOS/cmsis_os.o
LOAD ./Middlewares/Third_Party/FreeRTOS/Source/croutine.o
LOAD ./Middlewares/Third_Party/FreeRTOS/Source/event_groups.o
LOAD ./Middlewares/Third_Party/FreeRTOS/Source/list.o
LOAD ./Middlewares/Third_Party/FreeRTOS/Source/queue.o
LOAD ./Middlewares/Third_Party/FreeRTOS/Source/stream_buffer.o
LOAD ./Middlewares/Third_Party/FreeRTOS/Source/tasks.o
LOAD ./Middlewares/Third_Party/FreeRTOS/Source/timers.o
LOAD ./Middlewares/Third_Party/FreeRTOS/Source/portable/GCC/ARM_CM4F/port.o
LOAD ./Middlewares/Third_Party/FreeRTOS/Source/portable/MemMang/heap_4.o
START GROUP
LOAD C:/ST/STM32CubeIDE_1.18.0/STM32CubeIDE/plugins/com.st.stm32cube.ide.mcu.externaltools.gnu-tools-for-stm32.13.3.rel1.win32_1.0.0.202411081344/tools/bin/../lib/gcc/arm-none-eabi/13.3.1/../../../../arm-none-eabi/lib/thumb/v7e-m+fp/hard\libc_nano.a
LOAD C:/ST/STM32CubeIDE_1.18.0/STM32CubeIDE/plugins/com.st.stm32cube.ide.mcu.externaltools.gnu-tools-for-stm32.13.3.rel1.win32_1.0.0.202411081344/tools/bin/../lib/gcc/arm-none-eabi/13.3.1/../../../../arm-none-eabi/lib/thumb/v7e-m+fp/hard\libm.a
END GROUP
START GROUP
LOAD C:/ST/STM32CubeIDE_1.18.0/STM32CubeIDE/plugins/com.st.stm32cube.ide.mcu.externaltools.gnu-tools-for-stm32.13.3.rel1.win32_1.0.0.202411081344/tools/bin/../lib/gcc/arm-none-eabi/13.3.1/thumb/v7e-m+fp/hard\libgcc.a
LOAD C:/ST/STM32CubeIDE_1.18.0/STM32CubeIDE/plugins/com.st.stm32cube.ide.mcu.externaltools.gnu-tools-for-stm32.13.3.rel1.win32_1.0.0.202411081344/tools/bin/../lib/gcc/arm-none-eabi/13.3.1/../../../../arm-none-eabi/lib/thumb/v7e-m+fp/hard\libc_nano.a
END GROUP
START GROUP
LOAD C:/ST/STM32CubeIDE_1.18.0/STM32CubeIDE/plugins/com.st.stm32cube.ide.mcu.externaltools.gnu-tools-for-stm32.13.3.rel1.win32_1.0.0.202411081344/tools/bin/../lib/gcc/arm-none-eabi/13.3.1/thumb/v7e-m+fp/hard\libgcc.a
LOAD C:/ST/STM32CubeIDE_1.18.0/STM32CubeIDE/plugins/com.st.stm32cube.ide.mcu.externaltools.gnu-tools-for-stm32.13.3.rel1.win32_1.0.0.202411081344/tools/bin/../lib/gcc/arm-none-eabi/13.3.1/../../../../arm-none-eabi/lib/thumb/v7e-m+fp/hard\libc_nano.a
LOAD C:/ST/STM32CubeIDE_1.18.0/STM32CubeIDE/plugins/com.st.stm32cube.ide.mcu.externaltools.gnu-tools-for-stm32.13.3.rel1.win32_1.0.0.202411081344/tools/bin/../lib/gcc/arm-none-eabi/13.3.1/../../../../arm-none-eabi/lib/thumb/v7e-m+fp/hard\libnosys.a
END GROUP
START GROUP
LOAD C:/ST/STM32CubeIDE_1.18.0/STM32CubeIDE/plugins/com.st.stm32cube.ide.mcu.externaltools.gnu-tools-for-stm32.13.3.rel1.win32_1.0.0.202411081344/tools/bin/../lib/gcc/arm-none-eabi/13.3.1/thumb/v7e-m+fp/hard\libgcc.a
LOAD C:/ST/STM32CubeIDE_1.18.0/STM32CubeIDE/plugins/com.st.stm32cube.ide.mcu.externaltools.gnu-tools-for-stm32.13.3.rel1.win32_1.0.0.202411081344/tools/bin/../lib/gcc/arm-none-eabi/13.3.1/../../../../arm-none-eabi/lib/thumb/v7e-m+fp/hard\libc_nano.a
LOAD C:/ST/STM32CubeIDE_1.18.0/STM32CubeIDE/plugins/com.st.stm32cube.ide.mcu.externaltools.gnu-tools-for-stm32.13.3.rel1.win32_1.0.0.202411081344/tools/bin/../lib/gcc/arm-none-eabi/13.3.1/../../../../arm-none-eabi/lib/thumb/v7e-m+fp/hard\libnosys.a
END GROUP
LOAD C:/ST/STM32CubeIDE_1.18.0/STM32CubeIDE/plugins/com.st.stm32cube.ide.mcu.externaltools.gnu-tools-for-stm32.13.3.rel1.win32_1.0.0.202411081344/tools/bin/../lib/gcc/arm-none-eabi/13.3.1/thumb/v7e-m+fp/hard/crtend.o
LOAD C:/ST/STM32CubeIDE_1.18.0/STM32CubeIDE/plugins/com.st.stm32cube.ide.mcu.externaltools.gnu-tools-for-stm32.13.3.rel1.win32_1.0.0.202411081344/tools/bin/../lib/gcc/arm-none-eabi/13.3.1/thumb/v7e-m+fp/hard/crtn.o
                0x20020000                        _estack = (ORIGIN (RAM) + LENGTH (RAM))
                0x00000200                        _Min_Heap_Size = 0x200
                0x00000400                        _Min_Stack_Size = 0x400

.isr_vector     0x08000000      0x188
                0x08000000                        . = ALIGN (0x4)
 *(.isr_vector)
 .isr_vector    0x08000000      0x188 ./Core/Startup/startup_stm32f407vetx.o
                0x08000000                g_pfnVectors
                0x08000188                        . = ALIGN (0x4)

.text           0x08000190    0x13e58
                0x08000190                        . = ALIGN (0x4)
 *(.text)
 .text          0x08000190       0x40 C:/ST/STM32CubeIDE_1.18.0/STM32CubeIDE/plugins/com.st.stm32cube.ide.mcu.externaltools.gnu-tools-for-stm32.13.3.rel1.win32_1.0.0.202411081344/tools/bin/../lib/gcc/arm-none-eabi/13.3.1/thumb/v7e-m+fp/hard/crtbegin.o
 .text          0x080001d0       0xa0 C:/ST/STM32CubeIDE_1.18.0/STM32CubeIDE/plugins/com.st.stm32cube.ide.mcu.externaltools.gnu-tools-for-stm32.13.3.rel1.win32_1.0.0.202411081344/tools/bin/../lib/gcc/arm-none-eabi/13.3.1/../../../../arm-none-eabi/lib/thumb/v7e-m+fp/hard\libc_nano.a(libc_a-memchr.o)
                0x080001d0                memchr
 .text          0x08000270      0x378 C:/ST/STM32CubeIDE_1.18.0/STM32CubeIDE/plugins/com.st.stm32cube.ide.mcu.externaltools.gnu-tools-for-stm32.13.3.rel1.win32_1.0.0.202411081344/tools/bin/../lib/gcc/arm-none-eabi/13.3.1/thumb/v7e-m+fp/hard\libgcc.a(_arm_addsubdf3.o)
                0x08000270                __aeabi_drsub
                0x08000278                __aeabi_dsub
                0x08000278                __subdf3
                0x0800027c                __aeabi_dadd
                0x0800027c                __adddf3
                0x080004f4                __floatunsidf
                0x080004f4                __aeabi_ui2d
                0x08000514                __floatsidf
                0x08000514                __aeabi_i2d
                0x08000538                __aeabi_f2d
                0x08000538                __extendsfdf2
                0x0800057c                __floatundidf
                0x0800057c                __aeabi_ul2d
                0x0800058c                __floatdidf
                0x0800058c                __aeabi_l2d
 .text          0x080005e8      0x424 C:/ST/STM32CubeIDE_1.18.0/STM32CubeIDE/plugins/com.st.stm32cube.ide.mcu.externaltools.gnu-tools-for-stm32.13.3.rel1.win32_1.0.0.202411081344/tools/bin/../lib/gcc/arm-none-eabi/13.3.1/thumb/v7e-m+fp/hard\libgcc.a(_arm_muldivdf3.o)
                0x080005e8                __aeabi_dmul
                0x080005e8                __muldf3
                0x0800083c                __divdf3
                0x0800083c                __aeabi_ddiv
 .text          0x08000a0c      0x110 C:/ST/STM32CubeIDE_1.18.0/STM32CubeIDE/plugins/com.st.stm32cube.ide.mcu.externaltools.gnu-tools-for-stm32.13.3.rel1.win32_1.0.0.202411081344/tools/bin/../lib/gcc/arm-none-eabi/13.3.1/thumb/v7e-m+fp/hard\libgcc.a(_arm_cmpdf2.o)
                0x08000a0c                __gtdf2
                0x08000a0c                __gedf2
                0x08000a14                __ltdf2
                0x08000a14                __ledf2
                0x08000a1c                __nedf2
                0x08000a1c                __eqdf2
                0x08000a1c                __cmpdf2
                0x08000a98                __aeabi_cdrcmple
                0x08000aa8                __aeabi_cdcmpeq
                0x08000aa8                __aeabi_cdcmple
                0x08000ab8                __aeabi_dcmpeq
                0x08000acc                __aeabi_dcmplt
                0x08000ae0                __aeabi_dcmple
                0x08000af4                __aeabi_dcmpge
                0x08000b08                __aeabi_dcmpgt
 .text          0x08000b1c       0x2c C:/ST/STM32CubeIDE_1.18.0/STM32CubeIDE/plugins/com.st.stm32cube.ide.mcu.externaltools.gnu-tools-for-stm32.13.3.rel1.win32_1.0.0.202411081344/tools/bin/../lib/gcc/arm-none-eabi/13.3.1/thumb/v7e-m+fp/hard\libgcc.a(_arm_unorddf2.o)
                0x08000b1c                __unorddf2
                0x08000b1c                __aeabi_dcmpun
 .text          0x08000b48       0x50 C:/ST/STM32CubeIDE_1.18.0/STM32CubeIDE/plugins/com.st.stm32cube.ide.mcu.externaltools.gnu-tools-for-stm32.13.3.rel1.win32_1.0.0.202411081344/tools/bin/../lib/gcc/arm-none-eabi/13.3.1/thumb/v7e-m+fp/hard\libgcc.a(_arm_fixdfsi.o)
                0x08000b48                __aeabi_d2iz
                0x08000b48                __fixdfsi
 .text          0x08000b98       0x40 C:/ST/STM32CubeIDE_1.18.0/STM32CubeIDE/plugins/com.st.stm32cube.ide.mcu.externaltools.gnu-tools-for-stm32.13.3.rel1.win32_1.0.0.202411081344/tools/bin/../lib/gcc/arm-none-eabi/13.3.1/thumb/v7e-m+fp/hard\libgcc.a(_arm_fixunsdfsi.o)
                0x08000b98                __aeabi_d2uiz
                0x08000b98                __fixunsdfsi
 .text          0x08000bd8       0xa0 C:/ST/STM32CubeIDE_1.18.0/STM32CubeIDE/plugins/com.st.stm32cube.ide.mcu.externaltools.gnu-tools-for-stm32.13.3.rel1.win32_1.0.0.202411081344/tools/bin/../lib/gcc/arm-none-eabi/13.3.1/thumb/v7e-m+fp/hard\libgcc.a(_arm_truncdfsf2.o)
                0x08000bd8                __truncdfsf2
                0x08000bd8                __aeabi_d2f
 .text          0x08000c78       0x30 C:/ST/STM32CubeIDE_1.18.0/STM32CubeIDE/plugins/com.st.stm32cube.ide.mcu.externaltools.gnu-tools-for-stm32.13.3.rel1.win32_1.0.0.202411081344/tools/bin/../lib/gcc/arm-none-eabi/13.3.1/thumb/v7e-m+fp/hard\libgcc.a(_aeabi_uldivmod.o)
                0x08000c78                __aeabi_uldivmod
 .text          0x08000ca8      0x2f8 C:/ST/STM32CubeIDE_1.18.0/STM32CubeIDE/plugins/com.st.stm32cube.ide.mcu.externaltools.gnu-tools-for-stm32.13.3.rel1.win32_1.0.0.202411081344/tools/bin/../lib/gcc/arm-none-eabi/13.3.1/thumb/v7e-m+fp/hard\libgcc.a(_udivmoddi4.o)
                0x08000ca8                __udivmoddi4
 .text          0x08000fa0        0x4 C:/ST/STM32CubeIDE_1.18.0/STM32CubeIDE/plugins/com.st.stm32cube.ide.mcu.externaltools.gnu-tools-for-stm32.13.3.rel1.win32_1.0.0.202411081344/tools/bin/../lib/gcc/arm-none-eabi/13.3.1/thumb/v7e-m+fp/hard\libgcc.a(_dvmd_tls.o)
                0x08000fa0                __aeabi_idiv0
                0x08000fa0                __aeabi_ldiv0
 *(.text*)
 .text.vApplicationGetIdleTaskMemory
                0x08000fa4       0x34 ./Core/Src/freertos.o
                0x08000fa4                vApplicationGetIdleTaskMemory
 .text.vApplicationGetTimerTaskMemory
                0x08000fd8       0x34 ./Core/Src/freertos.o
                0x08000fd8                vApplicationGetTimerTaskMemory
 .text.__NVIC_SystemReset
                0x0800100c       0x2c ./Core/Src/main.o
 .text.HardFault_Handler
                0x08001038        0x8 ./Core/Src/main.o
                0x08001038                HardFault_Handler
 .text.main     0x08001040      0x26c ./Core/Src/main.o
                0x08001040                main
 .text.SystemClock_Config
                0x080012ac       0xd8 ./Core/Src/main.o
                0x080012ac                SystemClock_Config
 .text.MX_ADC1_Init
                0x08001384       0xa4 ./Core/Src/main.o
 .text.MX_ADC2_Init
                0x08001428       0xa4 ./Core/Src/main.o
 .text.MX_ADC3_Init
                0x080014cc       0xa4 ./Core/Src/main.o
 .text.MX_RTC_Init
                0x08001570      0x118 ./Core/Src/main.o
 .text.MX_SPI1_Init
                0x08001688       0x6c ./Core/Src/main.o
 .text.MX_SPI3_Init
                0x080016f4       0x6c ./Core/Src/main.o
 .text.MX_TIM1_Init
                0x08001760      0x104 ./Core/Src/main.o
 .text.MX_TIM4_Init
                0x08001864       0xec ./Core/Src/main.o
 .text.MX_USART1_UART_Init
                0x08001950       0x54 ./Core/Src/main.o
 .text.MX_USART2_UART_Init
                0x080019a4       0x54 ./Core/Src/main.o
 .text.MX_DMA_Init
                0x080019f8       0x6c ./Core/Src/main.o
 .text.MX_GPIO_Init
                0x08001a64      0x1f4 ./Core/Src/main.o
 .text.ICON_TOGGLE
                0x08001c58       0xe8 ./Core/Src/main.o
                0x08001c58                ICON_TOGGLE
 .text.display_icon_clr
                0x08001d40       0x60 ./Core/Src/main.o
                0x08001d40                display_icon_clr
 .text.display_data
                0x08001da0      0x438 ./Core/Src/main.o
                0x08001da0                display_data
 .text.cls_con  0x080021d8       0x88 ./Core/Src/main.o
                0x080021d8                cls_con
 .text.inc_drc_icon
                0x08002260       0x64 ./Core/Src/main.o
                0x08002260                inc_drc_icon
 .text.intiger_val_send
                0x080022c4       0x48 ./Core/Src/main.o
                0x080022c4                intiger_val_send
 .text.intiger_val_vt_send
                0x0800230c       0x60 ./Core/Src/main.o
                0x0800230c                intiger_val_vt_send
 .text.PIP_VAL  0x0800236c       0x4c ./Core/Src/main.o
                0x0800236c                PIP_VAL
 .text.cls_cmd  0x080023b8      0x7c4 ./Core/Src/main.o
                0x080023b8                cls_cmd
 .text.Breath_calclution
                0x08002b7c      0x114 ./Core/Src/main.o
                0x08002b7c                Breath_calclution
 .text.Pre_set_value_show
                0x08002c90      0x154 ./Core/Src/main.o
                0x08002c90                Pre_set_value_show
 .text.modes_icon_change
                0x08002de4       0x3c ./Core/Src/main.o
                0x08002de4                modes_icon_change
 .text.battery_icon_change
                0x08002e20       0x3c ./Core/Src/main.o
                0x08002e20                battery_icon_change
 .text.muteUnmute_icon_change
                0x08002e5c       0x3c ./Core/Src/main.o
                0x08002e5c                muteUnmute_icon_change
 .text.alarm_icon_change
                0x08002e98       0x3c ./Core/Src/main.o
                0x08002e98                alarm_icon_change
 .text.leak_icon_change
                0x08002ed4       0x3c ./Core/Src/main.o
                0x08002ed4                leak_icon_change
 .text.O2_Sensor
                0x08002f10       0x3c ./Core/Src/main.o
                0x08002f10                O2_Sensor
 .text.AC_Plug  0x08002f4c       0x3c ./Core/Src/main.o
                0x08002f4c                AC_Plug
 .text.update_mbar_history
                0x08002f88       0x94 ./Core/Src/main.o
                0x08002f88                update_mbar_history
 .text.play_icon_change
                0x0800301c       0x3c ./Core/Src/main.o
                0x0800301c                play_icon_change
 .text.user_flowe_cal
                0x08003058       0xb0 ./Core/Src/main.o
                0x08003058                user_flowe_cal
 .text.vt_alarm
                0x08003108       0x54 ./Core/Src/main.o
                0x08003108                vt_alarm
 .text.mv_alarm
                0x0800315c       0xf8 ./Core/Src/main.o
                0x0800315c                mv_alarm
 .text.rr_alarm
                0x08003254       0x3c ./Core/Src/main.o
                0x08003254                rr_alarm
 .text.P_Peak_pressure
                0x08003290       0x3c ./Core/Src/main.o
                0x08003290                P_Peak_pressure
 .text.Peep_live_pressure
                0x080032cc       0x3c ./Core/Src/main.o
                0x080032cc                Peep_live_pressure
 .text.Compliance
                0x08003308       0x3c ./Core/Src/main.o
                0x08003308                Compliance
 .text.BUZZ_PWM
                0x08003344       0x30 ./Core/Src/main.o
                0x08003344                BUZZ_PWM
 .text.VCV_MODE
                0x08003374      0x1b0 ./Core/Src/main.o
                0x08003374                VCV_MODE
 .text.PCV_MODE
                0x08003524      0x100 ./Core/Src/main.o
                0x08003524                PCV_MODE
 .text.Mandatory_MODE
                0x08003624      0x180 ./Core/Src/main.o
                0x08003624                Mandatory_MODE
 .text.Mandarine
                0x080037a4       0x7c ./Core/Src/main.o
                0x080037a4                Mandarine
 .text.SIMV_MODE
                0x08003820       0x40 ./Core/Src/main.o
                0x08003820                SIMV_MODE
 .text.PSV_MODE
                0x08003860      0x110 ./Core/Src/main.o
                0x08003860                PSV_MODE
 .text.CLT_MODE
                0x08003970      0x1a0 ./Core/Src/main.o
                0x08003970                CLT_MODE
 .text.BAG_MODE
                0x08003b10       0x48 ./Core/Src/main.o
                0x08003b10                BAG_MODE
 .text.PID_FLOW_SET_VALUE
                0x08003b58       0xa0 ./Core/Src/main.o
                0x08003b58                PID_FLOW_SET_VALUE
 .text.VT_KEYPAD
                0x08003bf8      0x258 ./Core/Src/main.o
                0x08003bf8                VT_KEYPAD
 .text.SPI_Init
                0x08003e50       0x14 ./Core/Src/main.o
                0x08003e50                SPI_Init
 .text.MCP3551_ReadData
                0x08003e64       0x98 ./Core/Src/main.o
                0x08003e64                MCP3551_ReadData
 .text.oxy_per  0x08003efc       0xbc ./Core/Src/main.o
                0x08003efc                oxy_per
 .text.convert_ADC_to_Percentage
                0x08003fb8       0x90 ./Core/Src/main.o
                0x08003fb8                convert_ADC_to_Percentage
 .text.SPI_Write
                0x08004048       0x28 ./Core/Src/main.o
                0x08004048                SPI_Write
 .text.SPI_Read
                0x08004070       0x28 ./Core/Src/main.o
                0x08004070                SPI_Read
 .text.W25Q_Read
                0x08004098       0x68 ./Core/Src/main.o
                0x08004098                W25Q_Read
 .text.W25Q_Read1
                0x08004100       0xc8 ./Core/Src/main.o
                0x08004100                W25Q_Read1
 .text.write_enable
                0x080041c8       0x3c ./Core/Src/main.o
                0x080041c8                write_enable
 .text.write_disable
                0x08004204       0x3c ./Core/Src/main.o
                0x08004204                write_disable
 .text.bytetoWrite
                0x08004240       0x2c ./Core/Src/main.o
                0x08004240                bytetoWrite
 .text.erase_sector
                0x0800426c       0x70 ./Core/Src/main.o
                0x0800426c                erase_sector
 .text.W25Q_Write_Page
                0x080042dc      0x250 ./Core/Src/main.o
                0x080042dc                W25Q_Write_Page
 .text.W25Q_Write_Page1
                0x0800452c      0x2b4 ./Core/Src/main.o
                0x0800452c                W25Q_Write_Page1
 .text.intiger_val_send_Backup
                0x080047e0       0x48 ./Core/Src/main.o
                0x080047e0                intiger_val_send_Backup
 .text.intiger_val_vt_send_Backup
                0x08004828       0x60 ./Core/Src/main.o
                0x08004828                intiger_val_vt_send_Backup
 .text.dwin_data
                0x08004888     0x25c4 ./Core/Src/main.o
                0x08004888                dwin_data
 *fill*         0x08006e4c        0x4 
 .text.sensor_one
                0x08006e50      0xc1c ./Core/Src/main.o
                0x08006e50                sensor_one
 *fill*         0x08007a6c        0x4 
 .text.mode_ctr
                0x08007a70      0x1d8 ./Core/Src/main.o
                0x08007a70                mode_ctr
 .text.Icon     0x08007c48      0x560 ./Core/Src/main.o
                0x08007c48                Icon
 .text.Battery  0x080081a8      0x5f4 ./Core/Src/main.o
                0x080081a8                Battery
 .text.Loop     0x0800879c      0x658 ./Core/Src/main.o
                0x0800879c                Loop
 .text.FVG      0x08008df4      0x3c8 ./Core/Src/main.o
                0x08008df4                FVG
 .text.backup   0x080091bc      0x3d0 ./Core/Src/main.o
                0x080091bc                backup
 .text.Clear_Button
                0x0800958c       0x30 ./Core/Src/main.o
                0x0800958c                Clear_Button
 .text.value_reset
                0x080095bc      0x1b0 ./Core/Src/main.o
                0x080095bc                value_reset
 .text.HAL_TIM_PeriodElapsedCallback
                0x0800976c       0x24 ./Core/Src/main.o
                0x0800976c                HAL_TIM_PeriodElapsedCallback
 .text.Error_Handler
                0x08009790        0xc ./Core/Src/main.o
                0x08009790                Error_Handler
 .text.PID_Init
                0x0800979c       0x74 ./Core/Src/pid_c.o
                0x0800979c                PID_Init
 .text.PID      0x08009810       0x98 ./Core/Src/pid_c.o
                0x08009810                PID
 .text.PID_Compute
                0x080098a8      0x1d4 ./Core/Src/pid_c.o
                0x080098a8                PID_Compute
 .text.PID_SetMode
                0x08009a7c       0x3c ./Core/Src/pid_c.o
                0x08009a7c                PID_SetMode
 .text.PID_SetOutputLimits
                0x08009ab8       0xdc ./Core/Src/pid_c.o
                0x08009ab8                PID_SetOutputLimits
 .text.PID_SetTunings2
                0x08009b94      0x150 ./Core/Src/pid_c.o
                0x08009b94                PID_SetTunings2
 .text.PID_SetControllerDirection
                0x08009ce4       0x80 ./Core/Src/pid_c.o
                0x08009ce4                PID_SetControllerDirection
 .text.PID_SetSampleTime
                0x08009d64       0x76 ./Core/Src/pid_c.o
                0x08009d64                PID_SetSampleTime
 *fill*         0x08009dda        0x2 
 .text.HAL_MspInit
                0x08009ddc       0x58 ./Core/Src/stm32f4xx_hal_msp.o
                0x08009ddc                HAL_MspInit
 .text.HAL_ADC_MspInit
                0x08009e34      0x14c ./Core/Src/stm32f4xx_hal_msp.o
                0x08009e34                HAL_ADC_MspInit
 .text.HAL_RTC_MspInit
                0x08009f80       0x64 ./Core/Src/stm32f4xx_hal_msp.o
                0x08009f80                HAL_RTC_MspInit
 .text.HAL_SPI_MspInit
                0x08009fe4       0xfc ./Core/Src/stm32f4xx_hal_msp.o
                0x08009fe4                HAL_SPI_MspInit
 .text.HAL_TIM_PWM_MspInit
                0x0800a0e0       0x44 ./Core/Src/stm32f4xx_hal_msp.o
                0x0800a0e0                HAL_TIM_PWM_MspInit
 .text.HAL_TIM_Base_MspInit
                0x0800a124       0x44 ./Core/Src/stm32f4xx_hal_msp.o
                0x0800a124                HAL_TIM_Base_MspInit
 .text.HAL_TIM_MspPostInit
                0x0800a168       0xc8 ./Core/Src/stm32f4xx_hal_msp.o
                0x0800a168                HAL_TIM_MspPostInit
 .text.HAL_UART_MspInit
                0x0800a230      0x1e4 ./Core/Src/stm32f4xx_hal_msp.o
                0x0800a230                HAL_UART_MspInit
 .text.HAL_InitTick
                0x0800a414       0xf8 ./Core/Src/stm32f4xx_hal_timebase_tim.o
                0x0800a414                HAL_InitTick
 .text.NMI_Handler
                0x0800a50c        0x8 ./Core/Src/stm32f4xx_it.o
                0x0800a50c                NMI_Handler
 .text.MemManage_Handler
                0x0800a514        0x8 ./Core/Src/stm32f4xx_it.o
                0x0800a514                MemManage_Handler
 .text.BusFault_Handler
                0x0800a51c        0x8 ./Core/Src/stm32f4xx_it.o
                0x0800a51c                BusFault_Handler
 .text.UsageFault_Handler
                0x0800a524        0x8 ./Core/Src/stm32f4xx_it.o
                0x0800a524                UsageFault_Handler
 .text.DebugMon_Handler
                0x0800a52c        0xe ./Core/Src/stm32f4xx_it.o
                0x0800a52c                DebugMon_Handler
 *fill*         0x0800a53a        0x2 
 .text.DMA1_Stream5_IRQHandler
                0x0800a53c       0x14 ./Core/Src/stm32f4xx_it.o
                0x0800a53c                DMA1_Stream5_IRQHandler
 .text.USART1_IRQHandler
                0x0800a550       0x14 ./Core/Src/stm32f4xx_it.o
                0x0800a550                USART1_IRQHandler
 .text.USART2_IRQHandler
                0x0800a564       0x14 ./Core/Src/stm32f4xx_it.o
                0x0800a564                USART2_IRQHandler
 .text.RTC_Alarm_IRQHandler
                0x0800a578       0x14 ./Core/Src/stm32f4xx_it.o
                0x0800a578                RTC_Alarm_IRQHandler
 .text.TIM6_DAC_IRQHandler
                0x0800a58c       0x14 ./Core/Src/stm32f4xx_it.o
                0x0800a58c                TIM6_DAC_IRQHandler
 .text.DMA2_Stream2_IRQHandler
                0x0800a5a0       0x14 ./Core/Src/stm32f4xx_it.o
                0x0800a5a0                DMA2_Stream2_IRQHandler
 .text._sbrk    0x0800a5b4       0x6c ./Core/Src/sysmem.o
                0x0800a5b4                _sbrk
 .text.SystemInit
                0x0800a620       0x24 ./Core/Src/system_stm32f4xx.o
                0x0800a620                SystemInit
 .text.Reset_Handler
                0x0800a644       0x50 ./Core/Startup/startup_stm32f407vetx.o
                0x0800a644                Reset_Handler
 .text.Default_Handler
                0x0800a694        0x2 ./Core/Startup/startup_stm32f407vetx.o
                0x0800a694                HASH_RNG_IRQHandler
                0x0800a694                EXTI2_IRQHandler
                0x0800a694                TIM8_CC_IRQHandler
                0x0800a694                TIM1_CC_IRQHandler
                0x0800a694                DMA2_Stream5_IRQHandler
                0x0800a694                PVD_IRQHandler
                0x0800a694                SDIO_IRQHandler
                0x0800a694                TAMP_STAMP_IRQHandler
                0x0800a694                CAN2_RX1_IRQHandler
                0x0800a694                EXTI3_IRQHandler
                0x0800a694                TIM8_TRG_COM_TIM14_IRQHandler
                0x0800a694                TIM1_UP_TIM10_IRQHandler
                0x0800a694                TIM8_UP_TIM13_IRQHandler
                0x0800a694                I2C3_ER_IRQHandler
                0x0800a694                EXTI0_IRQHandler
                0x0800a694                I2C2_EV_IRQHandler
                0x0800a694                DMA1_Stream2_IRQHandler
                0x0800a694                CAN1_RX0_IRQHandler
                0x0800a694                FPU_IRQHandler
                0x0800a694                OTG_HS_WKUP_IRQHandler
                0x0800a694                CAN2_SCE_IRQHandler
                0x0800a694                SPI1_IRQHandler
                0x0800a694                TIM1_BRK_TIM9_IRQHandler
                0x0800a694                DCMI_IRQHandler
                0x0800a694                CAN2_RX0_IRQHandler
                0x0800a694                DMA2_Stream3_IRQHandler
                0x0800a694                USART6_IRQHandler
                0x0800a694                USART3_IRQHandler
                0x0800a694                CAN1_RX1_IRQHandler
                0x0800a694                UART5_IRQHandler
                0x0800a694                DMA2_Stream0_IRQHandler
                0x0800a694                TIM4_IRQHandler
                0x0800a694                I2C1_EV_IRQHandler
                0x0800a694                DMA1_Stream6_IRQHandler
                0x0800a694                DMA1_Stream1_IRQHandler
                0x0800a694                UART4_IRQHandler
                0x0800a694                TIM3_IRQHandler
                0x0800a694                RCC_IRQHandler
                0x0800a694                TIM8_BRK_TIM12_IRQHandler
                0x0800a694                Default_Handler
                0x0800a694                EXTI15_10_IRQHandler
                0x0800a694                ADC_IRQHandler
                0x0800a694                DMA1_Stream7_IRQHandler
                0x0800a694                TIM7_IRQHandler
                0x0800a694                CAN2_TX_IRQHandler
                0x0800a694                TIM5_IRQHandler
                0x0800a694                DMA2_Stream7_IRQHandler
                0x0800a694                I2C3_EV_IRQHandler
                0x0800a694                EXTI9_5_IRQHandler
                0x0800a694                RTC_WKUP_IRQHandler
                0x0800a694                ETH_WKUP_IRQHandler
                0x0800a694                SPI2_IRQHandler
                0x0800a694                OTG_HS_EP1_IN_IRQHandler
                0x0800a694                DMA1_Stream0_IRQHandler
                0x0800a694                CAN1_TX_IRQHandler
                0x0800a694                EXTI4_IRQHandler
                0x0800a694                FSMC_IRQHandler
                0x0800a694                ETH_IRQHandler
                0x0800a694                OTG_HS_EP1_OUT_IRQHandler
                0x0800a694                WWDG_IRQHandler
                0x0800a694                TIM2_IRQHandler
                0x0800a694                OTG_FS_WKUP_IRQHandler
                0x0800a694                TIM1_TRG_COM_TIM11_IRQHandler
                0x0800a694                OTG_HS_IRQHandler
                0x0800a694                EXTI1_IRQHandler
                0x0800a694                I2C2_ER_IRQHandler
                0x0800a694                DMA2_Stream1_IRQHandler
                0x0800a694                CAN1_SCE_IRQHandler
                0x0800a694                FLASH_IRQHandler
                0x0800a694                DMA2_Stream4_IRQHandler
                0x0800a694                OTG_FS_IRQHandler
                0x0800a694                SPI3_IRQHandler
                0x0800a694                DMA1_Stream4_IRQHandler
                0x0800a694                I2C1_ER_IRQHandler
                0x0800a694                DMA2_Stream6_IRQHandler
                0x0800a694                DMA1_Stream3_IRQHandler
 *fill*         0x0800a696        0x2 
 .text.HAL_Init
                0x0800a698       0x44 ./Drivers/STM32F4xx_HAL_Driver/Src/stm32f4xx_hal.o
                0x0800a698                HAL_Init
 .text.HAL_IncTick
                0x0800a6dc       0x28 ./Drivers/STM32F4xx_HAL_Driver/Src/stm32f4xx_hal.o
                0x0800a6dc                HAL_IncTick
 .text.HAL_GetTick
                0x0800a704       0x18 ./Drivers/STM32F4xx_HAL_Driver/Src/stm32f4xx_hal.o
                0x0800a704                HAL_GetTick
 .text.HAL_Delay
                0x0800a71c       0x48 ./Drivers/STM32F4xx_HAL_Driver/Src/stm32f4xx_hal.o
                0x0800a71c                HAL_Delay
 .text.HAL_ADC_Init
                0x0800a764       0x86 ./Drivers/STM32F4xx_HAL_Driver/Src/stm32f4xx_hal_adc.o
                0x0800a764                HAL_ADC_Init
 *fill*         0x0800a7ea        0x2 
 .text.HAL_ADC_Start
                0x0800a7ec      0x1a4 ./Drivers/STM32F4xx_HAL_Driver/Src/stm32f4xx_hal_adc.o
                0x0800a7ec                HAL_ADC_Start
 .text.HAL_ADC_Stop
                0x0800a990       0x66 ./Drivers/STM32F4xx_HAL_Driver/Src/stm32f4xx_hal_adc.o
                0x0800a990                HAL_ADC_Stop
 .text.HAL_ADC_PollForConversion
                0x0800a9f6      0x116 ./Drivers/STM32F4xx_HAL_Driver/Src/stm32f4xx_hal_adc.o
                0x0800a9f6                HAL_ADC_PollForConversion
 .text.HAL_ADC_GetValue
                0x0800ab0c       0x1a ./Drivers/STM32F4xx_HAL_Driver/Src/stm32f4xx_hal_adc.o
                0x0800ab0c                HAL_ADC_GetValue
 *fill*         0x0800ab26        0x2 
 .text.HAL_ADC_ConfigChannel
                0x0800ab28      0x244 ./Drivers/STM32F4xx_HAL_Driver/Src/stm32f4xx_hal_adc.o
                0x0800ab28                HAL_ADC_ConfigChannel
 .text.ADC_Init
                0x0800ad6c      0x1f8 ./Drivers/STM32F4xx_HAL_Driver/Src/stm32f4xx_hal_adc.o
 .text.__NVIC_SetPriorityGrouping
                0x0800af64       0x48 ./Drivers/STM32F4xx_HAL_Driver/Src/stm32f4xx_hal_cortex.o
 .text.__NVIC_GetPriorityGrouping
                0x0800afac       0x1c ./Drivers/STM32F4xx_HAL_Driver/Src/stm32f4xx_hal_cortex.o
 .text.__NVIC_EnableIRQ
                0x0800afc8       0x3c ./Drivers/STM32F4xx_HAL_Driver/Src/stm32f4xx_hal_cortex.o
 .text.__NVIC_SetPriority
                0x0800b004       0x54 ./Drivers/STM32F4xx_HAL_Driver/Src/stm32f4xx_hal_cortex.o
 .text.NVIC_EncodePriority
                0x0800b058       0x66 ./Drivers/STM32F4xx_HAL_Driver/Src/stm32f4xx_hal_cortex.o
 .text.HAL_NVIC_SetPriorityGrouping
                0x0800b0be       0x16 ./Drivers/STM32F4xx_HAL_Driver/Src/stm32f4xx_hal_cortex.o
                0x0800b0be                HAL_NVIC_SetPriorityGrouping
 .text.HAL_NVIC_SetPriority
                0x0800b0d4       0x38 ./Drivers/STM32F4xx_HAL_Driver/Src/stm32f4xx_hal_cortex.o
                0x0800b0d4                HAL_NVIC_SetPriority
 .text.HAL_NVIC_EnableIRQ
                0x0800b10c       0x1c ./Drivers/STM32F4xx_HAL_Driver/Src/stm32f4xx_hal_cortex.o
                0x0800b10c                HAL_NVIC_EnableIRQ
 .text.HAL_DMA_Init
                0x0800b128      0x15c ./Drivers/STM32F4xx_HAL_Driver/Src/stm32f4xx_hal_dma.o
                0x0800b128                HAL_DMA_Init
 .text.HAL_DMA_Start_IT
                0x0800b284       0xb0 ./Drivers/STM32F4xx_HAL_Driver/Src/stm32f4xx_hal_dma.o
                0x0800b284                HAL_DMA_Start_IT
 .text.HAL_DMA_Abort
                0x0800b334       0xe0 ./Drivers/STM32F4xx_HAL_Driver/Src/stm32f4xx_hal_dma.o
                0x0800b334                HAL_DMA_Abort
 .text.HAL_DMA_Abort_IT
                0x0800b414       0x44 ./Drivers/STM32F4xx_HAL_Driver/Src/stm32f4xx_hal_dma.o
                0x0800b414                HAL_DMA_Abort_IT
 .text.HAL_DMA_IRQHandler
                0x0800b458      0x314 ./Drivers/STM32F4xx_HAL_Driver/Src/stm32f4xx_hal_dma.o
                0x0800b458                HAL_DMA_IRQHandler
 .text.DMA_SetConfig
                0x0800b76c       0x5c ./Drivers/STM32F4xx_HAL_Driver/Src/stm32f4xx_hal_dma.o
 .text.DMA_CalcBaseAndBitshift
                0x0800b7c8       0x6c ./Drivers/STM32F4xx_HAL_Driver/Src/stm32f4xx_hal_dma.o
 .text.DMA_CheckFifoParam
                0x0800b834       0xf8 ./Drivers/STM32F4xx_HAL_Driver/Src/stm32f4xx_hal_dma.o
 .text.HAL_GPIO_Init
                0x0800b92c      0x338 ./Drivers/STM32F4xx_HAL_Driver/Src/stm32f4xx_hal_gpio.o
                0x0800b92c                HAL_GPIO_Init
 .text.HAL_GPIO_ReadPin
                0x0800bc64       0x30 ./Drivers/STM32F4xx_HAL_Driver/Src/stm32f4xx_hal_gpio.o
                0x0800bc64                HAL_GPIO_ReadPin
 .text.HAL_GPIO_WritePin
                0x0800bc94       0x32 ./Drivers/STM32F4xx_HAL_Driver/Src/stm32f4xx_hal_gpio.o
                0x0800bc94                HAL_GPIO_WritePin
 *fill*         0x0800bcc6        0x2 
 .text.HAL_RCC_OscConfig
                0x0800bcc8      0x4f0 ./Drivers/STM32F4xx_HAL_Driver/Src/stm32f4xx_hal_rcc.o
                0x0800bcc8                HAL_RCC_OscConfig
 .text.HAL_RCC_ClockConfig
                0x0800c1b8      0x1cc ./Drivers/STM32F4xx_HAL_Driver/Src/stm32f4xx_hal_rcc.o
                0x0800c1b8                HAL_RCC_ClockConfig
 .text.HAL_RCC_GetSysClockFreq
                0x0800c384      0x20c ./Drivers/STM32F4xx_HAL_Driver/Src/stm32f4xx_hal_rcc.o
                0x0800c384                HAL_RCC_GetSysClockFreq
 .text.HAL_RCC_GetHCLKFreq
                0x0800c590       0x18 ./Drivers/STM32F4xx_HAL_Driver/Src/stm32f4xx_hal_rcc.o
                0x0800c590                HAL_RCC_GetHCLKFreq
 .text.HAL_RCC_GetPCLK1Freq
                0x0800c5a8       0x28 ./Drivers/STM32F4xx_HAL_Driver/Src/stm32f4xx_hal_rcc.o
                0x0800c5a8                HAL_RCC_GetPCLK1Freq
 .text.HAL_RCC_GetPCLK2Freq
                0x0800c5d0       0x28 ./Drivers/STM32F4xx_HAL_Driver/Src/stm32f4xx_hal_rcc.o
                0x0800c5d0                HAL_RCC_GetPCLK2Freq
 .text.HAL_RCC_GetClockConfig
                0x0800c5f8       0x64 ./Drivers/STM32F4xx_HAL_Driver/Src/stm32f4xx_hal_rcc.o
                0x0800c5f8                HAL_RCC_GetClockConfig
 .text.HAL_RCCEx_PeriphCLKConfig
                0x0800c65c      0x1c4 ./Drivers/STM32F4xx_HAL_Driver/Src/stm32f4xx_hal_rcc_ex.o
                0x0800c65c                HAL_RCCEx_PeriphCLKConfig
 .text.HAL_RTC_Init
                0x0800c820      0x106 ./Drivers/STM32F4xx_HAL_Driver/Src/stm32f4xx_hal_rtc.o
                0x0800c820                HAL_RTC_Init
 .text.HAL_RTC_SetTime
                0x0800c926      0x134 ./Drivers/STM32F4xx_HAL_Driver/Src/stm32f4xx_hal_rtc.o
                0x0800c926                HAL_RTC_SetTime
 .text.HAL_RTC_SetDate
                0x0800ca5a      0x108 ./Drivers/STM32F4xx_HAL_Driver/Src/stm32f4xx_hal_rtc.o
                0x0800ca5a                HAL_RTC_SetDate
 *fill*         0x0800cb62        0x2 
 .text.HAL_RTC_SetAlarm_IT
                0x0800cb64      0x288 ./Drivers/STM32F4xx_HAL_Driver/Src/stm32f4xx_hal_rtc.o
                0x0800cb64                HAL_RTC_SetAlarm_IT
 .text.HAL_RTC_AlarmIRQHandler
                0x0800cdec       0x8c ./Drivers/STM32F4xx_HAL_Driver/Src/stm32f4xx_hal_rtc.o
                0x0800cdec                HAL_RTC_AlarmIRQHandler
 .text.HAL_RTC_AlarmAEventCallback
                0x0800ce78       0x14 ./Drivers/STM32F4xx_HAL_Driver/Src/stm32f4xx_hal_rtc.o
                0x0800ce78                HAL_RTC_AlarmAEventCallback
 .text.HAL_RTC_WaitForSynchro
                0x0800ce8c       0x4c ./Drivers/STM32F4xx_HAL_Driver/Src/stm32f4xx_hal_rtc.o
                0x0800ce8c                HAL_RTC_WaitForSynchro
 .text.RTC_EnterInitMode
                0x0800ced8       0x6e ./Drivers/STM32F4xx_HAL_Driver/Src/stm32f4xx_hal_rtc.o
                0x0800ced8                RTC_EnterInitMode
 .text.RTC_ExitInitMode
                0x0800cf46       0x4a ./Drivers/STM32F4xx_HAL_Driver/Src/stm32f4xx_hal_rtc.o
                0x0800cf46                RTC_ExitInitMode
 .text.RTC_ByteToBcd2
                0x0800cf90       0x3c ./Drivers/STM32F4xx_HAL_Driver/Src/stm32f4xx_hal_rtc.o
                0x0800cf90                RTC_ByteToBcd2
 .text.HAL_RTCEx_AlarmBEventCallback
                0x0800cfcc       0x14 ./Drivers/STM32F4xx_HAL_Driver/Src/stm32f4xx_hal_rtc_ex.o
                0x0800cfcc                HAL_RTCEx_AlarmBEventCallback
 .text.HAL_SPI_Init
                0x0800cfe0      0x112 ./Drivers/STM32F4xx_HAL_Driver/Src/stm32f4xx_hal_spi.o
                0x0800cfe0                HAL_SPI_Init
 .text.HAL_SPI_Transmit
                0x0800d0f2      0x288 ./Drivers/STM32F4xx_HAL_Driver/Src/stm32f4xx_hal_spi.o
                0x0800d0f2                HAL_SPI_Transmit
 .text.HAL_SPI_Receive
                0x0800d37a      0x232 ./Drivers/STM32F4xx_HAL_Driver/Src/stm32f4xx_hal_spi.o
                0x0800d37a                HAL_SPI_Receive
 .text.HAL_SPI_TransmitReceive
                0x0800d5ac      0x352 ./Drivers/STM32F4xx_HAL_Driver/Src/stm32f4xx_hal_spi.o
                0x0800d5ac                HAL_SPI_TransmitReceive
 *fill*         0x0800d8fe        0x2 
 .text.SPI_WaitFlagStateUntilTimeout
                0x0800d900      0x110 ./Drivers/STM32F4xx_HAL_Driver/Src/stm32f4xx_hal_spi.o
 .text.SPI_EndRxTransaction
                0x0800da10       0xca ./Drivers/STM32F4xx_HAL_Driver/Src/stm32f4xx_hal_spi.o
 *fill*         0x0800dada        0x2 
 .text.SPI_EndRxTxTransaction
                0x0800dadc       0xa8 ./Drivers/STM32F4xx_HAL_Driver/Src/stm32f4xx_hal_spi.o
 .text.HAL_TIM_Base_Init
                0x0800db84       0x9e ./Drivers/STM32F4xx_HAL_Driver/Src/stm32f4xx_hal_tim.o
                0x0800db84                HAL_TIM_Base_Init
 *fill*         0x0800dc22        0x2 
 .text.HAL_TIM_Base_Start_IT
                0x0800dc24       0xe0 ./Drivers/STM32F4xx_HAL_Driver/Src/stm32f4xx_hal_tim.o
                0x0800dc24                HAL_TIM_Base_Start_IT
 .text.HAL_TIM_PWM_Init
                0x0800dd04       0x9e ./Drivers/STM32F4xx_HAL_Driver/Src/stm32f4xx_hal_tim.o
                0x0800dd04                HAL_TIM_PWM_Init
 *fill*         0x0800dda2        0x2 
 .text.HAL_TIM_PWM_Start
                0x0800dda4      0x190 ./Drivers/STM32F4xx_HAL_Driver/Src/stm32f4xx_hal_tim.o
                0x0800dda4                HAL_TIM_PWM_Start
 .text.HAL_TIM_IRQHandler
                0x0800df34      0x1e0 ./Drivers/STM32F4xx_HAL_Driver/Src/stm32f4xx_hal_tim.o
                0x0800df34                HAL_TIM_IRQHandler
 .text.HAL_TIM_PWM_ConfigChannel
                0x0800e114      0x184 ./Drivers/STM32F4xx_HAL_Driver/Src/stm32f4xx_hal_tim.o
                0x0800e114                HAL_TIM_PWM_ConfigChannel
 .text.HAL_TIM_ConfigClockSource
                0x0800e298      0x18e ./Drivers/STM32F4xx_HAL_Driver/Src/stm32f4xx_hal_tim.o
                0x0800e298                HAL_TIM_ConfigClockSource
 .text.HAL_TIM_OC_DelayElapsedCallback
                0x0800e426       0x14 ./Drivers/STM32F4xx_HAL_Driver/Src/stm32f4xx_hal_tim.o
                0x0800e426                HAL_TIM_OC_DelayElapsedCallback
 .text.HAL_TIM_IC_CaptureCallback
                0x0800e43a       0x14 ./Drivers/STM32F4xx_HAL_Driver/Src/stm32f4xx_hal_tim.o
                0x0800e43a                HAL_TIM_IC_CaptureCallback
 .text.HAL_TIM_PWM_PulseFinishedCallback
                0x0800e44e       0x14 ./Drivers/STM32F4xx_HAL_Driver/Src/stm32f4xx_hal_tim.o
                0x0800e44e                HAL_TIM_PWM_PulseFinishedCallback
 .text.HAL_TIM_TriggerCallback
                0x0800e462       0x14 ./Drivers/STM32F4xx_HAL_Driver/Src/stm32f4xx_hal_tim.o
                0x0800e462                HAL_TIM_TriggerCallback
 *fill*         0x0800e476        0x2 
 .text.TIM_Base_SetConfig
                0x0800e478      0x158 ./Drivers/STM32F4xx_HAL_Driver/Src/stm32f4xx_hal_tim.o
                0x0800e478                TIM_Base_SetConfig
 .text.TIM_OC1_SetConfig
                0x0800e5d0       0xe0 ./Drivers/STM32F4xx_HAL_Driver/Src/stm32f4xx_hal_tim.o
 .text.TIM_OC2_SetConfig
                0x0800e6b0       0xec ./Drivers/STM32F4xx_HAL_Driver/Src/stm32f4xx_hal_tim.o
                0x0800e6b0                TIM_OC2_SetConfig
 .text.TIM_OC3_SetConfig
                0x0800e79c       0xe8 ./Drivers/STM32F4xx_HAL_Driver/Src/stm32f4xx_hal_tim.o
 .text.TIM_OC4_SetConfig
                0x0800e884       0xac ./Drivers/STM32F4xx_HAL_Driver/Src/stm32f4xx_hal_tim.o
 .text.TIM_TI1_ConfigInputStage
                0x0800e930       0x5e ./Drivers/STM32F4xx_HAL_Driver/Src/stm32f4xx_hal_tim.o
 .text.TIM_TI2_ConfigInputStage
                0x0800e98e       0x60 ./Drivers/STM32F4xx_HAL_Driver/Src/stm32f4xx_hal_tim.o
 .text.TIM_ITRx_SetConfig
                0x0800e9ee       0x36 ./Drivers/STM32F4xx_HAL_Driver/Src/stm32f4xx_hal_tim.o
 .text.TIM_ETR_SetConfig
                0x0800ea24       0x40 ./Drivers/STM32F4xx_HAL_Driver/Src/stm32f4xx_hal_tim.o
                0x0800ea24                TIM_ETR_SetConfig
 .text.TIM_CCxChannelCmd
                0x0800ea64       0x4a ./Drivers/STM32F4xx_HAL_Driver/Src/stm32f4xx_hal_tim.o
                0x0800ea64                TIM_CCxChannelCmd
 *fill*         0x0800eaae        0x2 
 .text.HAL_TIMEx_MasterConfigSynchronization
                0x0800eab0       0xf8 ./Drivers/STM32F4xx_HAL_Driver/Src/stm32f4xx_hal_tim_ex.o
                0x0800eab0                HAL_TIMEx_MasterConfigSynchronization
 .text.HAL_TIMEx_ConfigBreakDeadTime
                0x0800eba8       0xa4 ./Drivers/STM32F4xx_HAL_Driver/Src/stm32f4xx_hal_tim_ex.o
                0x0800eba8                HAL_TIMEx_ConfigBreakDeadTime
 .text.HAL_TIMEx_CommutCallback
                0x0800ec4c       0x14 ./Drivers/STM32F4xx_HAL_Driver/Src/stm32f4xx_hal_tim_ex.o
                0x0800ec4c                HAL_TIMEx_CommutCallback
 .text.HAL_TIMEx_BreakCallback
                0x0800ec60       0x14 ./Drivers/STM32F4xx_HAL_Driver/Src/stm32f4xx_hal_tim_ex.o
                0x0800ec60                HAL_TIMEx_BreakCallback
 .text.HAL_UART_Init
                0x0800ec74       0xa0 ./Drivers/STM32F4xx_HAL_Driver/Src/stm32f4xx_hal_uart.o
                0x0800ec74                HAL_UART_Init
 .text.HAL_UART_Transmit
                0x0800ed14      0x116 ./Drivers/STM32F4xx_HAL_Driver/Src/stm32f4xx_hal_uart.o
                0x0800ed14                HAL_UART_Transmit
 .text.HAL_UART_Receive_IT
                0x0800ee2a       0x4a ./Drivers/STM32F4xx_HAL_Driver/Src/stm32f4xx_hal_uart.o
                0x0800ee2a                HAL_UART_Receive_IT
 .text.HAL_UART_Receive_DMA
                0x0800ee74       0x4a ./Drivers/STM32F4xx_HAL_Driver/Src/stm32f4xx_hal_uart.o
                0x0800ee74                HAL_UART_Receive_DMA
 *fill*         0x0800eebe        0x2 
 .text.HAL_UART_AbortReceive_IT
                0x0800eec0      0x164 ./Drivers/STM32F4xx_HAL_Driver/Src/stm32f4xx_hal_uart.o
                0x0800eec0                HAL_UART_AbortReceive_IT
 .text.HAL_UART_IRQHandler
                0x0800f024      0x524 ./Drivers/STM32F4xx_HAL_Driver/Src/stm32f4xx_hal_uart.o
                0x0800f024                HAL_UART_IRQHandler
 .text.HAL_UART_TxCpltCallback
                0x0800f548       0x14 ./Drivers/STM32F4xx_HAL_Driver/Src/stm32f4xx_hal_uart.o
                0x0800f548                HAL_UART_TxCpltCallback
 .text.HAL_UART_RxCpltCallback
                0x0800f55c       0x14 ./Drivers/STM32F4xx_HAL_Driver/Src/stm32f4xx_hal_uart.o
                0x0800f55c                HAL_UART_RxCpltCallback
 .text.HAL_UART_RxHalfCpltCallback
                0x0800f570       0x14 ./Drivers/STM32F4xx_HAL_Driver/Src/stm32f4xx_hal_uart.o
                0x0800f570                HAL_UART_RxHalfCpltCallback
 .text.HAL_UART_ErrorCallback
                0x0800f584       0x14 ./Drivers/STM32F4xx_HAL_Driver/Src/stm32f4xx_hal_uart.o
                0x0800f584                HAL_UART_ErrorCallback
 .text.HAL_UART_AbortReceiveCpltCallback
                0x0800f598       0x14 ./Drivers/STM32F4xx_HAL_Driver/Src/stm32f4xx_hal_uart.o
                0x0800f598                HAL_UART_AbortReceiveCpltCallback
 .text.HAL_UARTEx_RxEventCallback
                0x0800f5ac       0x18 ./Drivers/STM32F4xx_HAL_Driver/Src/stm32f4xx_hal_uart.o
                0x0800f5ac                HAL_UARTEx_RxEventCallback
 .text.UART_DMAReceiveCplt
                0x0800f5c4      0x12c ./Drivers/STM32F4xx_HAL_Driver/Src/stm32f4xx_hal_uart.o
 .text.UART_DMARxHalfCplt
                0x0800f6f0       0x3c ./Drivers/STM32F4xx_HAL_Driver/Src/stm32f4xx_hal_uart.o
 .text.UART_DMAError
                0x0800f72c       0x94 ./Drivers/STM32F4xx_HAL_Driver/Src/stm32f4xx_hal_uart.o
 .text.UART_WaitOnFlagUntilTimeout
                0x0800f7c0       0xb2 ./Drivers/STM32F4xx_HAL_Driver/Src/stm32f4xx_hal_uart.o
 .text.UART_Start_Receive_IT
                0x0800f872       0x74 ./Drivers/STM32F4xx_HAL_Driver/Src/stm32f4xx_hal_uart.o
                0x0800f872                UART_Start_Receive_IT
 *fill*         0x0800f8e6        0x2 
 .text.UART_Start_Receive_DMA
                0x0800f8e8      0x134 ./Drivers/STM32F4xx_HAL_Driver/Src/stm32f4xx_hal_uart.o
                0x0800f8e8                UART_Start_Receive_DMA
 .text.UART_EndTxTransfer
                0x0800fa1c       0x50 ./Drivers/STM32F4xx_HAL_Driver/Src/stm32f4xx_hal_uart.o
 .text.UART_EndRxTransfer
                0x0800fa6c       0xc6 ./Drivers/STM32F4xx_HAL_Driver/Src/stm32f4xx_hal_uart.o
 .text.UART_DMAAbortOnError
                0x0800fb32       0x28 ./Drivers/STM32F4xx_HAL_Driver/Src/stm32f4xx_hal_uart.o
 .text.UART_DMARxOnlyAbortCallback
                0x0800fb5a       0x30 ./Drivers/STM32F4xx_HAL_Driver/Src/stm32f4xx_hal_uart.o
 .text.UART_Transmit_IT
                0x0800fb8a       0xa0 ./Drivers/STM32F4xx_HAL_Driver/Src/stm32f4xx_hal_uart.o
 .text.UART_EndTransmit_IT
                0x0800fc2a       0x30 ./Drivers/STM32F4xx_HAL_Driver/Src/stm32f4xx_hal_uart.o
 .text.UART_Receive_IT
                0x0800fc5a      0x17c ./Drivers/STM32F4xx_HAL_Driver/Src/stm32f4xx_hal_uart.o
 *fill*         0x0800fdd6        0x2 
 .text.UART_SetConfig
                0x0800fdd8      0x4e8 ./Drivers/STM32F4xx_HAL_Driver/Src/stm32f4xx_hal_uart.o
 .text.makeFreeRtosPriority
                0x080102c0       0x30 ./Middlewares/Third_Party/FreeRTOS/Source/CMSIS_RTOS/cmsis_os.o
 .text.inHandlerMode
                0x080102f0       0x24 ./Middlewares/Third_Party/FreeRTOS/Source/CMSIS_RTOS/cmsis_os.o
 .text.osKernelStart
                0x08010314        0xe ./Middlewares/Third_Party/FreeRTOS/Source/CMSIS_RTOS/cmsis_os.o
                0x08010314                osKernelStart
 .text.osThreadCreate
                0x08010322       0x98 ./Middlewares/Third_Party/FreeRTOS/Source/CMSIS_RTOS/cmsis_os.o
                0x08010322                osThreadCreate
 .text.osDelay  0x080103ba       0x28 ./Middlewares/Third_Party/FreeRTOS/Source/CMSIS_RTOS/cmsis_os.o
                0x080103ba                osDelay
 *fill*         0x080103e2        0x2 
 .text.osTimerCreate
                0x080103e4       0x68 ./Middlewares/Third_Party/FreeRTOS/Source/CMSIS_RTOS/cmsis_os.o
                0x080103e4                osTimerCreate
 .text.osTimerStart
                0x0801044c       0x88 ./Middlewares/Third_Party/FreeRTOS/Source/CMSIS_RTOS/cmsis_os.o
                0x0801044c                osTimerStart
 .text.osTimerStop
                0x080104d4       0x78 ./Middlewares/Third_Party/FreeRTOS/Source/CMSIS_RTOS/cmsis_os.o
                0x080104d4                osTimerStop
 .text.osSemaphoreCreate
                0x0801054c       0x64 ./Middlewares/Third_Party/FreeRTOS/Source/CMSIS_RTOS/cmsis_os.o
                0x0801054c                osSemaphoreCreate
 .text.vListInitialise
                0x080105b0       0x40 ./Middlewares/Third_Party/FreeRTOS/Source/list.o
                0x080105b0                vListInitialise
 .text.vListInitialiseItem
                0x080105f0       0x1a ./Middlewares/Third_Party/FreeRTOS/Source/list.o
                0x080105f0                vListInitialiseItem
 .text.vListInsertEnd
                0x0801060a       0x48 ./Middlewares/Third_Party/FreeRTOS/Source/list.o
                0x0801060a                vListInsertEnd
 .text.vListInsert
                0x08010652       0x72 ./Middlewares/Third_Party/FreeRTOS/Source/list.o
                0x08010652                vListInsert
 .text.uxListRemove
                0x080106c4       0x54 ./Middlewares/Third_Party/FreeRTOS/Source/list.o
                0x080106c4                uxListRemove
 .text.xQueueGenericReset
                0x08010718       0xd4 ./Middlewares/Third_Party/FreeRTOS/Source/queue.o
                0x08010718                xQueueGenericReset
 .text.xQueueGenericCreateStatic
                0x080107ec       0xfa ./Middlewares/Third_Party/FreeRTOS/Source/queue.o
                0x080107ec                xQueueGenericCreateStatic
 .text.xQueueGenericCreate
                0x080108e6       0x76 ./Middlewares/Third_Party/FreeRTOS/Source/queue.o
                0x080108e6                xQueueGenericCreate
 .text.prvInitialiseNewQueue
                0x0801095c       0x3e ./Middlewares/Third_Party/FreeRTOS/Source/queue.o
 *fill*         0x0801099a        0x2 
 .text.xQueueGenericSend
                0x0801099c      0x204 ./Middlewares/Third_Party/FreeRTOS/Source/queue.o
                0x0801099c                xQueueGenericSend
 .text.xQueueGenericSendFromISR
                0x08010ba0      0x13c ./Middlewares/Third_Party/FreeRTOS/Source/queue.o
                0x08010ba0                xQueueGenericSendFromISR
 .text.xQueueReceive
                0x08010cdc      0x1c4 ./Middlewares/Third_Party/FreeRTOS/Source/queue.o
                0x08010cdc                xQueueReceive
 .text.prvCopyDataToQueue
                0x08010ea0       0xd4 ./Middlewares/Third_Party/FreeRTOS/Source/queue.o
 .text.prvCopyDataFromQueue
                0x08010f74       0x4c ./Middlewares/Third_Party/FreeRTOS/Source/queue.o
 .text.prvUnlockQueue
                0x08010fc0       0xa4 ./Middlewares/Third_Party/FreeRTOS/Source/queue.o
 .text.prvIsQueueEmpty
                0x08011064       0x2c ./Middlewares/Third_Party/FreeRTOS/Source/queue.o
 .text.prvIsQueueFull
                0x08011090       0x30 ./Middlewares/Third_Party/FreeRTOS/Source/queue.o
 .text.vQueueAddToRegistry
                0x080110c0       0x54 ./Middlewares/Third_Party/FreeRTOS/Source/queue.o
                0x080110c0                vQueueAddToRegistry
 .text.vQueueWaitForMessageRestricted
                0x08011114       0x68 ./Middlewares/Third_Party/FreeRTOS/Source/queue.o
                0x08011114                vQueueWaitForMessageRestricted
 .text.xTaskCreateStatic
                0x0801117c       0xc0 ./Middlewares/Third_Party/FreeRTOS/Source/tasks.o
                0x0801117c                xTaskCreateStatic
 .text.xTaskCreate
                0x0801123c       0x8a ./Middlewares/Third_Party/FreeRTOS/Source/tasks.o
                0x0801123c                xTaskCreate
 *fill*         0x080112c6        0x2 
 .text.prvInitialiseNewTask
                0x080112c8      0x140 ./Middlewares/Third_Party/FreeRTOS/Source/tasks.o
 .text.prvAddNewTaskToReadyList
                0x08011408       0xd4 ./Middlewares/Third_Party/FreeRTOS/Source/tasks.o
 .text.vTaskDelay
                0x080114dc       0x6c ./Middlewares/Third_Party/FreeRTOS/Source/tasks.o
                0x080114dc                vTaskDelay
 .text.vTaskSuspend
                0x08011548      0x128 ./Middlewares/Third_Party/FreeRTOS/Source/tasks.o
                0x08011548                vTaskSuspend
 .text.prvTaskIsTaskSuspended
                0x08011670       0x64 ./Middlewares/Third_Party/FreeRTOS/Source/tasks.o
 .text.vTaskResume
                0x080116d4       0xbc ./Middlewares/Third_Party/FreeRTOS/Source/tasks.o
                0x080116d4                vTaskResume
 .text.vTaskStartScheduler
                0x08011790       0xe0 ./Middlewares/Third_Party/FreeRTOS/Source/tasks.o
                0x08011790                vTaskStartScheduler
 .text.vTaskSuspendAll
                0x08011870       0x1c ./Middlewares/Third_Party/FreeRTOS/Source/tasks.o
                0x08011870                vTaskSuspendAll
 .text.xTaskResumeAll
                0x0801188c      0x13c ./Middlewares/Third_Party/FreeRTOS/Source/tasks.o
                0x0801188c                xTaskResumeAll
 .text.xTaskGetTickCount
                0x080119c8       0x20 ./Middlewares/Third_Party/FreeRTOS/Source/tasks.o
                0x080119c8                xTaskGetTickCount
 .text.xTaskIncrementTick
                0x080119e8      0x174 ./Middlewares/Third_Party/FreeRTOS/Source/tasks.o
                0x080119e8                xTaskIncrementTick
 .text.vTaskSwitchContext
                0x08011b5c       0xc8 ./Middlewares/Third_Party/FreeRTOS/Source/tasks.o
                0x08011b5c                vTaskSwitchContext
 .text.vTaskPlaceOnEventList
                0x08011c24       0x4c ./Middlewares/Third_Party/FreeRTOS/Source/tasks.o
                0x08011c24                vTaskPlaceOnEventList
 .text.vTaskPlaceOnEventListRestricted
                0x08011c70       0x58 ./Middlewares/Third_Party/FreeRTOS/Source/tasks.o
                0x08011c70                vTaskPlaceOnEventListRestricted
 .text.xTaskRemoveFromEventList
                0x08011cc8       0xc8 ./Middlewares/Third_Party/FreeRTOS/Source/tasks.o
                0x08011cc8                xTaskRemoveFromEventList
 .text.vTaskInternalSetTimeOutState
                0x08011d90       0x2c ./Middlewares/Third_Party/FreeRTOS/Source/tasks.o
                0x08011d90                vTaskInternalSetTimeOutState
 .text.xTaskCheckForTimeOut
                0x08011dbc       0xc8 ./Middlewares/Third_Party/FreeRTOS/Source/tasks.o
                0x08011dbc                xTaskCheckForTimeOut
 .text.vTaskMissedYield
                0x08011e84       0x18 ./Middlewares/Third_Party/FreeRTOS/Source/tasks.o
                0x08011e84                vTaskMissedYield
 .text.prvIdleTask
                0x08011e9c       0x30 ./Middlewares/Third_Party/FreeRTOS/Source/tasks.o
 .text.prvInitialiseTaskLists
                0x08011ecc       0x80 ./Middlewares/Third_Party/FreeRTOS/Source/tasks.o
 .text.prvCheckTasksWaitingTermination
                0x08011f4c       0x5c ./Middlewares/Third_Party/FreeRTOS/Source/tasks.o
 .text.prvDeleteTCB
                0x08011fa8       0x6a ./Middlewares/Third_Party/FreeRTOS/Source/tasks.o
 *fill*         0x08012012        0x2 
 .text.prvResetNextTaskUnblockTime
                0x08012014       0x40 ./Middlewares/Third_Party/FreeRTOS/Source/tasks.o
 .text.xTaskGetSchedulerState
                0x08012054       0x3c ./Middlewares/Third_Party/FreeRTOS/Source/tasks.o
                0x08012054                xTaskGetSchedulerState
 .text.xTaskPriorityDisinherit
                0x08012090      0x110 ./Middlewares/Third_Party/FreeRTOS/Source/tasks.o
                0x08012090                xTaskPriorityDisinherit
 .text.prvAddCurrentTaskToDelayedList
                0x080121a0       0xcc ./Middlewares/Third_Party/FreeRTOS/Source/tasks.o
 .text.xTimerCreateTimerTask
                0x0801226c       0x94 ./Middlewares/Third_Party/FreeRTOS/Source/timers.o
                0x0801226c                xTimerCreateTimerTask
 .text.xTimerCreate
                0x08012300       0x42 ./Middlewares/Third_Party/FreeRTOS/Source/timers.o
                0x08012300                xTimerCreate
 .text.xTimerCreateStatic
                0x08012342       0x80 ./Middlewares/Third_Party/FreeRTOS/Source/timers.o
                0x08012342                xTimerCreateStatic
 .text.prvInitialiseNewTimer
                0x080123c2       0x78 ./Middlewares/Third_Party/FreeRTOS/Source/timers.o
 *fill*         0x0801243a        0x2 
 .text.xTimerGenericCommand
                0x0801243c       0x9c ./Middlewares/Third_Party/FreeRTOS/Source/timers.o
                0x0801243c                xTimerGenericCommand
 .text.prvProcessExpiredTimer
                0x080124d8       0x9c ./Middlewares/Third_Party/FreeRTOS/Source/timers.o
 .text.prvTimerTask
                0x08012574       0x26 ./Middlewares/Third_Party/FreeRTOS/Source/timers.o
 *fill*         0x0801259a        0x2 
 .text.prvProcessTimerOrBlockTask
                0x0801259c       0x9c ./Middlewares/Third_Party/FreeRTOS/Source/timers.o
 .text.prvGetNextExpireTime
                0x08012638       0x48 ./Middlewares/Third_Party/FreeRTOS/Source/timers.o
 .text.prvSampleTimeNow
                0x08012680       0x40 ./Middlewares/Third_Party/FreeRTOS/Source/timers.o
 .text.prvInsertTimerInActiveList
                0x080126c0       0x84 ./Middlewares/Third_Party/FreeRTOS/Source/timers.o
 .text.prvProcessReceivedCommands
                0x08012744      0x194 ./Middlewares/Third_Party/FreeRTOS/Source/timers.o
 .text.prvSwitchTimerLists
                0x080128d8       0xcc ./Middlewares/Third_Party/FreeRTOS/Source/timers.o
 .text.prvCheckForValidListAndQueue
                0x080129a4       0x80 ./Middlewares/Third_Party/FreeRTOS/Source/timers.o
 .text.pxPortInitialiseStack
                0x08012a24       0x68 ./Middlewares/Third_Party/FreeRTOS/Source/portable/GCC/ARM_CM4F/port.o
                0x08012a24                pxPortInitialiseStack
 .text.prvTaskExitError
                0x08012a8c       0x5c ./Middlewares/Third_Party/FreeRTOS/Source/portable/GCC/ARM_CM4F/port.o
 *fill*         0x08012ae8        0x8 
 .text.SVC_Handler
                0x08012af0       0x28 ./Middlewares/Third_Party/FreeRTOS/Source/portable/GCC/ARM_CM4F/port.o
                0x08012af0                SVC_Handler
 .text.prvPortStartFirstTask
                0x08012b18       0x28 ./Middlewares/Third_Party/FreeRTOS/Source/portable/GCC/ARM_CM4F/port.o
 .text.xPortStartScheduler
                0x08012b40      0x148 ./Middlewares/Third_Party/FreeRTOS/Source/portable/GCC/ARM_CM4F/port.o
                0x08012b40                xPortStartScheduler
 .text.vPortEnterCritical
                0x08012c88       0x64 ./Middlewares/Third_Party/FreeRTOS/Source/portable/GCC/ARM_CM4F/port.o
                0x08012c88                vPortEnterCritical
 .text.vPortExitCritical
                0x08012cec       0x54 ./Middlewares/Third_Party/FreeRTOS/Source/portable/GCC/ARM_CM4F/port.o
                0x08012cec                vPortExitCritical
 .text.PendSV_Handler
                0x08012d40       0x68 ./Middlewares/Third_Party/FreeRTOS/Source/portable/GCC/ARM_CM4F/port.o
                0x08012d40                PendSV_Handler
 .text.SysTick_Handler
                0x08012da8       0x44 ./Middlewares/Third_Party/FreeRTOS/Source/portable/GCC/ARM_CM4F/port.o
                0x08012da8                SysTick_Handler
 .text.vPortSetupTimerInterrupt
                0x08012dec       0x48 ./Middlewares/Third_Party/FreeRTOS/Source/portable/GCC/ARM_CM4F/port.o
                0x08012dec                vPortSetupTimerInterrupt
 .text.vPortEnableVFP
                0x08012e34       0x14 ./Middlewares/Third_Party/FreeRTOS/Source/portable/GCC/ARM_CM4F/port.o
 .text.vPortValidateInterruptPriority
                0x08012e48       0x84 ./Middlewares/Third_Party/FreeRTOS/Source/portable/GCC/ARM_CM4F/port.o
                0x08012e48                vPortValidateInterruptPriority
 .text.pvPortMalloc
                0x08012ecc      0x19c ./Middlewares/Third_Party/FreeRTOS/Source/portable/MemMang/heap_4.o
                0x08012ecc                pvPortMalloc
 .text.vPortFree
                0x08013068       0xc8 ./Middlewares/Third_Party/FreeRTOS/Source/portable/MemMang/heap_4.o
                0x08013068                vPortFree
 .text.prvHeapInit
                0x08013130       0xc4 ./Middlewares/Third_Party/FreeRTOS/Source/portable/MemMang/heap_4.o
 .text.prvInsertBlockIntoFreeList
                0x080131f4       0xb4 ./Middlewares/Third_Party/FreeRTOS/Source/portable/MemMang/heap_4.o
 .text.malloc   0x080132a8       0x10 C:/ST/STM32CubeIDE_1.18.0/STM32CubeIDE/plugins/com.st.stm32cube.ide.mcu.externaltools.gnu-tools-for-stm32.13.3.rel1.win32_1.0.0.202411081344/tools/bin/../lib/gcc/arm-none-eabi/13.3.1/../../../../arm-none-eabi/lib/thumb/v7e-m+fp/hard\libc_nano.a(libc_a-malloc.o)
                0x080132a8                malloc
 .text.free     0x080132b8       0x10 C:/ST/STM32CubeIDE_1.18.0/STM32CubeIDE/plugins/com.st.stm32cube.ide.mcu.externaltools.gnu-tools-for-stm32.13.3.rel1.win32_1.0.0.202411081344/tools/bin/../lib/gcc/arm-none-eabi/13.3.1/../../../../arm-none-eabi/lib/thumb/v7e-m+fp/hard\libc_nano.a(libc_a-malloc.o)
                0x080132b8                free
 .text.sbrk_aligned
                0x080132c8       0x44 C:/ST/STM32CubeIDE_1.18.0/STM32CubeIDE/plugins/com.st.stm32cube.ide.mcu.externaltools.gnu-tools-for-stm32.13.3.rel1.win32_1.0.0.202411081344/tools/bin/../lib/gcc/arm-none-eabi/13.3.1/../../../../arm-none-eabi/lib/thumb/v7e-m+fp/hard\libc_nano.a(libc_a-mallocr.o)
 .text._malloc_r
                0x0801330c      0x100 C:/ST/STM32CubeIDE_1.18.0/STM32CubeIDE/plugins/com.st.stm32cube.ide.mcu.externaltools.gnu-tools-for-stm32.13.3.rel1.win32_1.0.0.202411081344/tools/bin/../lib/gcc/arm-none-eabi/13.3.1/../../../../arm-none-eabi/lib/thumb/v7e-m+fp/hard\libc_nano.a(libc_a-mallocr.o)
                0x0801330c                _malloc_r
 .text.__malloc_lock
                0x0801340c        0xc C:/ST/STM32CubeIDE_1.18.0/STM32CubeIDE/plugins/com.st.stm32cube.ide.mcu.externaltools.gnu-tools-for-stm32.13.3.rel1.win32_1.0.0.202411081344/tools/bin/../lib/gcc/arm-none-eabi/13.3.1/../../../../arm-none-eabi/lib/thumb/v7e-m+fp/hard\libc_nano.a(libc_a-mlock.o)
                0x0801340c                __malloc_lock
 .text.__malloc_unlock
                0x08013418        0xc C:/ST/STM32CubeIDE_1.18.0/STM32CubeIDE/plugins/com.st.stm32cube.ide.mcu.externaltools.gnu-tools-for-stm32.13.3.rel1.win32_1.0.0.202411081344/tools/bin/../lib/gcc/arm-none-eabi/13.3.1/../../../../arm-none-eabi/lib/thumb/v7e-m+fp/hard\libc_nano.a(libc_a-mlock.o)
                0x08013418                __malloc_unlock
 .text._strtol_l.isra.0
                0x08013424       0xf4 C:/ST/STM32CubeIDE_1.18.0/STM32CubeIDE/plugins/com.st.stm32cube.ide.mcu.externaltools.gnu-tools-for-stm32.13.3.rel1.win32_1.0.0.202411081344/tools/bin/../lib/gcc/arm-none-eabi/13.3.1/../../../../arm-none-eabi/lib/thumb/v7e-m+fp/hard\libc_nano.a(libc_a-strtol.o)
 .text.strtol   0x08013518       0x14 C:/ST/STM32CubeIDE_1.18.0/STM32CubeIDE/plugins/com.st.stm32cube.ide.mcu.externaltools.gnu-tools-for-stm32.13.3.rel1.win32_1.0.0.202411081344/tools/bin/../lib/gcc/arm-none-eabi/13.3.1/../../../../arm-none-eabi/lib/thumb/v7e-m+fp/hard\libc_nano.a(libc_a-strtol.o)
                0x08013518                strtol
 .text.sprintf  0x0801352c       0x44 C:/ST/STM32CubeIDE_1.18.0/STM32CubeIDE/plugins/com.st.stm32cube.ide.mcu.externaltools.gnu-tools-for-stm32.13.3.rel1.win32_1.0.0.202411081344/tools/bin/../lib/gcc/arm-none-eabi/13.3.1/../../../../arm-none-eabi/lib/thumb/v7e-m+fp/hard\libc_nano.a(libc_a-sprintf.o)
                0x0801352c                siprintf
                0x0801352c                sprintf
 .text.memset   0x08013570       0x10 C:/ST/STM32CubeIDE_1.18.0/STM32CubeIDE/plugins/com.st.stm32cube.ide.mcu.externaltools.gnu-tools-for-stm32.13.3.rel1.win32_1.0.0.202411081344/tools/bin/../lib/gcc/arm-none-eabi/13.3.1/../../../../arm-none-eabi/lib/thumb/v7e-m+fp/hard\libc_nano.a(libc_a-memset.o)
                0x08013570                memset
 .text._reclaim_reent
                0x08013580       0xbc C:/ST/STM32CubeIDE_1.18.0/STM32CubeIDE/plugins/com.st.stm32cube.ide.mcu.externaltools.gnu-tools-for-stm32.13.3.rel1.win32_1.0.0.202411081344/tools/bin/../lib/gcc/arm-none-eabi/13.3.1/../../../../arm-none-eabi/lib/thumb/v7e-m+fp/hard\libc_nano.a(libc_a-reent.o)
                0x08013580                _reclaim_reent
 .text._sbrk_r  0x0801363c       0x20 C:/ST/STM32CubeIDE_1.18.0/STM32CubeIDE/plugins/com.st.stm32cube.ide.mcu.externaltools.gnu-tools-for-stm32.13.3.rel1.win32_1.0.0.202411081344/tools/bin/../lib/gcc/arm-none-eabi/13.3.1/../../../../arm-none-eabi/lib/thumb/v7e-m+fp/hard\libc_nano.a(libc_a-sbrkr.o)
                0x0801363c                _sbrk_r
 .text.__errno  0x0801365c        0xc C:/ST/STM32CubeIDE_1.18.0/STM32CubeIDE/plugins/com.st.stm32cube.ide.mcu.externaltools.gnu-tools-for-stm32.13.3.rel1.win32_1.0.0.202411081344/tools/bin/../lib/gcc/arm-none-eabi/13.3.1/../../../../arm-none-eabi/lib/thumb/v7e-m+fp/hard\libc_nano.a(libc_a-errno.o)
                0x0801365c                __errno
 .text.__libc_init_array
                0x08013668       0x48 C:/ST/STM32CubeIDE_1.18.0/STM32CubeIDE/plugins/com.st.stm32cube.ide.mcu.externaltools.gnu-tools-for-stm32.13.3.rel1.win32_1.0.0.202411081344/tools/bin/../lib/gcc/arm-none-eabi/13.3.1/../../../../arm-none-eabi/lib/thumb/v7e-m+fp/hard\libc_nano.a(libc_a-init.o)
                0x08013668                __libc_init_array
 .text.__retarget_lock_acquire_recursive
                0x080136b0        0x2 C:/ST/STM32CubeIDE_1.18.0/STM32CubeIDE/plugins/com.st.stm32cube.ide.mcu.externaltools.gnu-tools-for-stm32.13.3.rel1.win32_1.0.0.202411081344/tools/bin/../lib/gcc/arm-none-eabi/13.3.1/../../../../arm-none-eabi/lib/thumb/v7e-m+fp/hard\libc_nano.a(libc_a-lock.o)
                0x080136b0                __retarget_lock_acquire_recursive
 .text.__retarget_lock_release_recursive
                0x080136b2        0x2 C:/ST/STM32CubeIDE_1.18.0/STM32CubeIDE/plugins/com.st.stm32cube.ide.mcu.externaltools.gnu-tools-for-stm32.13.3.rel1.win32_1.0.0.202411081344/tools/bin/../lib/gcc/arm-none-eabi/13.3.1/../../../../arm-none-eabi/lib/thumb/v7e-m+fp/hard\libc_nano.a(libc_a-lock.o)
                0x080136b2                __retarget_lock_release_recursive
 .text.memcpy   0x080136b4       0x1c C:/ST/STM32CubeIDE_1.18.0/STM32CubeIDE/plugins/com.st.stm32cube.ide.mcu.externaltools.gnu-tools-for-stm32.13.3.rel1.win32_1.0.0.202411081344/tools/bin/../lib/gcc/arm-none-eabi/13.3.1/../../../../arm-none-eabi/lib/thumb/v7e-m+fp/hard\libc_nano.a(libc_a-memcpy-stub.o)
                0x080136b4                memcpy
 .text._free_r  0x080136d0       0x94 C:/ST/STM32CubeIDE_1.18.0/STM32CubeIDE/plugins/com.st.stm32cube.ide.mcu.externaltools.gnu-tools-for-stm32.13.3.rel1.win32_1.0.0.202411081344/tools/bin/../lib/gcc/arm-none-eabi/13.3.1/../../../../arm-none-eabi/lib/thumb/v7e-m+fp/hard\libc_nano.a(libc_a-freer.o)
                0x080136d0                _free_r
 .text.__ssputs_r
                0x08013764       0xb6 C:/ST/STM32CubeIDE_1.18.0/STM32CubeIDE/plugins/com.st.stm32cube.ide.mcu.externaltools.gnu-tools-for-stm32.13.3.rel1.win32_1.0.0.202411081344/tools/bin/../lib/gcc/arm-none-eabi/13.3.1/../../../../arm-none-eabi/lib/thumb/v7e-m+fp/hard\libc_nano.a(libc_a-nano-svfprintf.o)
                0x08013764                __ssputs_r
 *fill*         0x0801381a        0x2 
 .text._svfprintf_r
                0x0801381c      0x1f8 C:/ST/STM32CubeIDE_1.18.0/STM32CubeIDE/plugins/com.st.stm32cube.ide.mcu.externaltools.gnu-tools-for-stm32.13.3.rel1.win32_1.0.0.202411081344/tools/bin/../lib/gcc/arm-none-eabi/13.3.1/../../../../arm-none-eabi/lib/thumb/v7e-m+fp/hard\libc_nano.a(libc_a-nano-svfprintf.o)
                0x0801381c                _svfiprintf_r
                0x0801381c                _svfprintf_r
 .text._printf_common
                0x08013a14       0xda C:/ST/STM32CubeIDE_1.18.0/STM32CubeIDE/plugins/com.st.stm32cube.ide.mcu.externaltools.gnu-tools-for-stm32.13.3.rel1.win32_1.0.0.202411081344/tools/bin/../lib/gcc/arm-none-eabi/13.3.1/../../../../arm-none-eabi/lib/thumb/v7e-m+fp/hard\libc_nano.a(libc_a-nano-vfprintf_i.o)
                0x08013a14                _printf_common
 *fill*         0x08013aee        0x2 
 .text._printf_i
                0x08013af0      0x23c C:/ST/STM32CubeIDE_1.18.0/STM32CubeIDE/plugins/com.st.stm32cube.ide.mcu.externaltools.gnu-tools-for-stm32.13.3.rel1.win32_1.0.0.202411081344/tools/bin/../lib/gcc/arm-none-eabi/13.3.1/../../../../arm-none-eabi/lib/thumb/v7e-m+fp/hard\libc_nano.a(libc_a-nano-vfprintf_i.o)
                0x08013af0                _printf_i
 .text.memmove  0x08013d2c       0x34 C:/ST/STM32CubeIDE_1.18.0/STM32CubeIDE/plugins/com.st.stm32cube.ide.mcu.externaltools.gnu-tools-for-stm32.13.3.rel1.win32_1.0.0.202411081344/tools/bin/../lib/gcc/arm-none-eabi/13.3.1/../../../../arm-none-eabi/lib/thumb/v7e-m+fp/hard\libc_nano.a(libc_a-memmove.o)
                0x08013d2c                memmove
 .text._realloc_r
                0x08013d60       0x5c C:/ST/STM32CubeIDE_1.18.0/STM32CubeIDE/plugins/com.st.stm32cube.ide.mcu.externaltools.gnu-tools-for-stm32.13.3.rel1.win32_1.0.0.202411081344/tools/bin/../lib/gcc/arm-none-eabi/13.3.1/../../../../arm-none-eabi/lib/thumb/v7e-m+fp/hard\libc_nano.a(libc_a-reallocr.o)
                0x08013d60                _realloc_r
 .text._malloc_usable_size_r
                0x08013dbc       0x10 C:/ST/STM32CubeIDE_1.18.0/STM32CubeIDE/plugins/com.st.stm32cube.ide.mcu.externaltools.gnu-tools-for-stm32.13.3.rel1.win32_1.0.0.202411081344/tools/bin/../lib/gcc/arm-none-eabi/13.3.1/../../../../arm-none-eabi/lib/thumb/v7e-m+fp/hard\libc_nano.a(libc_a-msizer.o)
                0x08013dbc                _malloc_usable_size_r
 .text.sqrt     0x08013dcc       0x58 C:/ST/STM32CubeIDE_1.18.0/STM32CubeIDE/plugins/com.st.stm32cube.ide.mcu.externaltools.gnu-tools-for-stm32.13.3.rel1.win32_1.0.0.202411081344/tools/bin/../lib/gcc/arm-none-eabi/13.3.1/../../../../arm-none-eabi/lib/thumb/v7e-m+fp/hard\libm.a(libm_a-w_sqrt.o)
                0x08013dcc                sqrt
 .text.__ieee754_sqrt
                0x08013e24      0x1ac C:/ST/STM32CubeIDE_1.18.0/STM32CubeIDE/plugins/com.st.stm32cube.ide.mcu.externaltools.gnu-tools-for-stm32.13.3.rel1.win32_1.0.0.202411081344/tools/bin/../lib/gcc/arm-none-eabi/13.3.1/../../../../arm-none-eabi/lib/thumb/v7e-m+fp/hard\libm.a(libm_a-e_sqrt.o)
                0x08013e24                __ieee754_sqrt
 *(.glue_7)
 .glue_7        0x08013fd0        0x0 linker stubs
 *(.glue_7t)
 .glue_7t       0x08013fd0        0x0 linker stubs
 *(.eh_frame)
 .eh_frame      0x08013fd0        0x0 C:/ST/STM32CubeIDE_1.18.0/STM32CubeIDE/plugins/com.st.stm32cube.ide.mcu.externaltools.gnu-tools-for-stm32.13.3.rel1.win32_1.0.0.202411081344/tools/bin/../lib/gcc/arm-none-eabi/13.3.1/thumb/v7e-m+fp/hard/crtbegin.o
 *(.init)
 .init          0x08013fd0        0x4 C:/ST/STM32CubeIDE_1.18.0/STM32CubeIDE/plugins/com.st.stm32cube.ide.mcu.externaltools.gnu-tools-for-stm32.13.3.rel1.win32_1.0.0.202411081344/tools/bin/../lib/gcc/arm-none-eabi/13.3.1/thumb/v7e-m+fp/hard/crti.o
                0x08013fd0                _init
 .init          0x08013fd4        0x8 C:/ST/STM32CubeIDE_1.18.0/STM32CubeIDE/plugins/com.st.stm32cube.ide.mcu.externaltools.gnu-tools-for-stm32.13.3.rel1.win32_1.0.0.202411081344/tools/bin/../lib/gcc/arm-none-eabi/13.3.1/thumb/v7e-m+fp/hard/crtn.o
 *(.fini)
 .fini          0x08013fdc        0x4 C:/ST/STM32CubeIDE_1.18.0/STM32CubeIDE/plugins/com.st.stm32cube.ide.mcu.externaltools.gnu-tools-for-stm32.13.3.rel1.win32_1.0.0.202411081344/tools/bin/../lib/gcc/arm-none-eabi/13.3.1/thumb/v7e-m+fp/hard/crti.o
                0x08013fdc                _fini
 .fini          0x08013fe0        0x8 C:/ST/STM32CubeIDE_1.18.0/STM32CubeIDE/plugins/com.st.stm32cube.ide.mcu.externaltools.gnu-tools-for-stm32.13.3.rel1.win32_1.0.0.202411081344/tools/bin/../lib/gcc/arm-none-eabi/13.3.1/thumb/v7e-m+fp/hard/crtn.o
                0x08013fe8                        . = ALIGN (0x4)
                0x08013fe8                        _etext = .

.vfp11_veneer   0x08013fe8        0x0
 .vfp11_veneer  0x08013fe8        0x0 linker stubs

.v4_bx          0x08013fe8        0x0
 .v4_bx         0x08013fe8        0x0 linker stubs

.iplt           0x08013fe8        0x0
 .iplt          0x08013fe8        0x0 C:/ST/STM32CubeIDE_1.18.0/STM32CubeIDE/plugins/com.st.stm32cube.ide.mcu.externaltools.gnu-tools-for-stm32.13.3.rel1.win32_1.0.0.202411081344/tools/bin/../lib/gcc/arm-none-eabi/13.3.1/thumb/v7e-m+fp/hard/crtbegin.o

.rodata         0x08013fe8      0x348
                0x08013fe8                        . = ALIGN (0x4)
 *(.rodata)
 .rodata        0x08013fe8      0x1c8 ./Core/Src/main.o
 .rodata        0x080141b0        0x1 ./Middlewares/Third_Party/FreeRTOS/Source/CMSIS_RTOS/cmsis_os.o
 *fill*         0x080141b1        0x3 
 .rodata        0x080141b4        0x5 ./Middlewares/Third_Party/FreeRTOS/Source/tasks.o
 *fill*         0x080141b9        0x3 
 .rodata        0x080141bc        0xd ./Middlewares/Third_Party/FreeRTOS/Source/timers.o
 *(.rodata*)
 *fill*         0x080141c9        0x3 
 .rodata.AHBPrescTable
                0x080141cc       0x10 ./Core/Src/system_stm32f4xx.o
                0x080141cc                AHBPrescTable
 .rodata.APBPrescTable
                0x080141dc        0x8 ./Core/Src/system_stm32f4xx.o
                0x080141dc                APBPrescTable
 .rodata.flagBitshiftOffset.0
                0x080141e4        0x8 ./Drivers/STM32F4xx_HAL_Driver/Src/stm32f4xx_hal_dma.o
 .rodata._ctype_
                0x080141ec      0x101 C:/ST/STM32CubeIDE_1.18.0/STM32CubeIDE/plugins/com.st.stm32cube.ide.mcu.externaltools.gnu-tools-for-stm32.13.3.rel1.win32_1.0.0.202411081344/tools/bin/../lib/gcc/arm-none-eabi/13.3.1/../../../../arm-none-eabi/lib/thumb/v7e-m+fp/hard\libc_nano.a(libc_a-ctype_.o)
                0x080141ec                _ctype_
 .rodata._svfprintf_r.str1.1
                0x080142ed       0x33 C:/ST/STM32CubeIDE_1.18.0/STM32CubeIDE/plugins/com.st.stm32cube.ide.mcu.externaltools.gnu-tools-for-stm32.13.3.rel1.win32_1.0.0.202411081344/tools/bin/../lib/gcc/arm-none-eabi/13.3.1/../../../../arm-none-eabi/lib/thumb/v7e-m+fp/hard\libc_nano.a(libc_a-nano-svfprintf.o)
                                 0x11 (size before relaxing)
 .rodata._printf_i.str1.1
                0x08014320       0x22 C:/ST/STM32CubeIDE_1.18.0/STM32CubeIDE/plugins/com.st.stm32cube.ide.mcu.externaltools.gnu-tools-for-stm32.13.3.rel1.win32_1.0.0.202411081344/tools/bin/../lib/gcc/arm-none-eabi/13.3.1/../../../../arm-none-eabi/lib/thumb/v7e-m+fp/hard\libc_nano.a(libc_a-nano-vfprintf_i.o)
 .rodata.tiny   0x08014320        0x8 C:/ST/STM32CubeIDE_1.18.0/STM32CubeIDE/plugins/com.st.stm32cube.ide.mcu.externaltools.gnu-tools-for-stm32.13.3.rel1.win32_1.0.0.202411081344/tools/bin/../lib/gcc/arm-none-eabi/13.3.1/../../../../arm-none-eabi/lib/thumb/v7e-m+fp/hard\libm.a(libm_a-e_sqrt.o)
 .rodata.one    0x08014328        0x8 C:/ST/STM32CubeIDE_1.18.0/STM32CubeIDE/plugins/com.st.stm32cube.ide.mcu.externaltools.gnu-tools-for-stm32.13.3.rel1.win32_1.0.0.202411081344/tools/bin/../lib/gcc/arm-none-eabi/13.3.1/../../../../arm-none-eabi/lib/thumb/v7e-m+fp/hard\libm.a(libm_a-e_sqrt.o)
                0x08014344                        . = ALIGN (0x4)

.ARM.extab      0x08014330        0x0
                0x08014330                        . = ALIGN (0x4)
 *(.ARM.extab* .gnu.linkonce.armextab.*)
                0x08014330                        . = ALIGN (0x4)

.ARM            0x08014330        0x8
                0x08014330                        . = ALIGN (0x4)
                0x08014330                        __exidx_start = .
 *(.ARM.exidx*)
 .ARM.exidx     0x08014330        0x8 C:/ST/STM32CubeIDE_1.18.0/STM32CubeIDE/plugins/com.st.stm32cube.ide.mcu.externaltools.gnu-tools-for-stm32.13.3.rel1.win32_1.0.0.202411081344/tools/bin/../lib/gcc/arm-none-eabi/13.3.1/../../../../arm-none-eabi/lib/thumb/v7e-m+fp/hard\libc_nano.a(libc_a-memchr.o)
 .ARM.exidx     0x08014338        0x0 C:/ST/STM32CubeIDE_1.18.0/STM32CubeIDE/plugins/com.st.stm32cube.ide.mcu.externaltools.gnu-tools-for-stm32.13.3.rel1.win32_1.0.0.202411081344/tools/bin/../lib/gcc/arm-none-eabi/13.3.1/thumb/v7e-m+fp/hard\libgcc.a(_udivmoddi4.o)
                                  0x8 (size before relaxing)
                0x08014338                        __exidx_end = .
                0x08014338                        . = ALIGN (0x4)

.preinit_array  0x08014338        0x0
                0x08014338                        . = ALIGN (0x4)
                0x08014338                        PROVIDE (__preinit_array_start = .)
 *(.preinit_array*)
                0x08014338                        PROVIDE (__preinit_array_end = .)
                0x08014338                        . = ALIGN (0x4)

.init_array     0x08014338        0x4
                0x08014338                        . = ALIGN (0x4)
                0x08014338                        PROVIDE (__init_array_start = .)
 *(SORT_BY_NAME(.init_array.*))
 *(.init_array*)
 .init_array    0x08014338        0x4 C:/ST/STM32CubeIDE_1.18.0/STM32CubeIDE/plugins/com.st.stm32cube.ide.mcu.externaltools.gnu-tools-for-stm32.13.3.rel1.win32_1.0.0.202411081344/tools/bin/../lib/gcc/arm-none-eabi/13.3.1/thumb/v7e-m+fp/hard/crtbegin.o
                0x0801433c                        PROVIDE (__init_array_end = .)
                0x0801433c                        . = ALIGN (0x4)

.fini_array     0x0801433c        0x4
                0x0801433c                        . = ALIGN (0x4)
                [!provide]                        PROVIDE (__fini_array_start = .)
 *(SORT_BY_NAME(.fini_array.*))
 *(.fini_array*)
 .fini_array    0x0801433c        0x4 C:/ST/STM32CubeIDE_1.18.0/STM32CubeIDE/plugins/com.st.stm32cube.ide.mcu.externaltools.gnu-tools-for-stm32.13.3.rel1.win32_1.0.0.202411081344/tools/bin/../lib/gcc/arm-none-eabi/13.3.1/thumb/v7e-m+fp/hard/crtbegin.o
                [!provide]                        PROVIDE (__fini_array_end = .)
                0x08014340                        . = ALIGN (0x4)
                0x08014340                        _sidata = LOADADDR (.data)

.rel.dyn        0x08014340        0x0
 .rel.iplt      0x08014340        0x0 C:/ST/STM32CubeIDE_1.18.0/STM32CubeIDE/plugins/com.st.stm32cube.ide.mcu.externaltools.gnu-tools-for-stm32.13.3.rel1.win32_1.0.0.202411081344/tools/bin/../lib/gcc/arm-none-eabi/13.3.1/thumb/v7e-m+fp/hard/crtbegin.o

.data           0x20000000      0x1b4 load address 0x08014340
                0x20000000                        . = ALIGN (0x4)
                0x20000000                        _sdata = .
 *(.data)
 *(.data*)
 .data.y_coor   0x20000000        0x4 ./Core/Src/main.o
                0x20000000                y_coor
 .data.x_coor   0x20000004        0x4 ./Core/Src/main.o
                0x20000004                x_coor
 .data.vt_coor  0x20000008        0x4 ./Core/Src/main.o
                0x20000008                vt_coor
 .data.fl_coor  0x2000000c        0x4 ./Core/Src/main.o
                0x2000000c                fl_coor
 .data.offset   0x20000010        0x4 ./Core/Src/main.o
                0x20000010                offset
 .data.scal_fact
                0x20000014        0x4 ./Core/Src/main.o
                0x20000014                scal_fact
 .data.hI       0x20000018        0x4 ./Core/Src/main.o
                0x20000018                hI
 .data.insP_value
                0x2000001c        0x4 ./Core/Src/main.o
                0x2000001c                insP_value
 .data.exp_value
                0x20000020        0x4 ./Core/Src/main.o
                0x20000020                exp_value
 .data.vt_value
                0x20000024        0x2 ./Core/Src/main.o
                0x20000024                vt_value
 .data.PLR_value
                0x20000026        0x1 ./Core/Src/main.o
                0x20000026                PLR_value
 .data.RR_value
                0x20000027        0x1 ./Core/Src/main.o
                0x20000027                RR_value
 .data.PIP_value
                0x20000028        0x1 ./Core/Src/main.o
                0x20000028                PIP_value
 *fill*         0x20000029        0x3 
 .data.temp_insP_value
                0x2000002c        0x4 ./Core/Src/main.o
                0x2000002c                temp_insP_value
 .data.temp_exp_value
                0x20000030        0x4 ./Core/Src/main.o
                0x20000030                temp_exp_value
 .data.vt_temp_value
                0x20000034        0x2 ./Core/Src/main.o
                0x20000034                vt_temp_value
 *fill*         0x20000036        0x2 
 .data.PLR_temp_value
                0x20000038        0x4 ./Core/Src/main.o
                0x20000038                PLR_temp_value
 .data.RR_temp_value
                0x2000003c        0x1 ./Core/Src/main.o
                0x2000003c                RR_temp_value
 .data.RR_alarm_min_value
                0x2000003d        0x1 ./Core/Src/main.o
                0x2000003d                RR_alarm_min_value
 .data.peep_alarm_min_value
                0x2000003e        0x1 ./Core/Src/main.o
                0x2000003e                peep_alarm_min_value
 .data.O2_alarm_min_value
                0x2000003f        0x1 ./Core/Src/main.o
                0x2000003f                O2_alarm_min_value
 .data.P_peak_alarm_max_value
                0x20000040        0x1 ./Core/Src/main.o
                0x20000040                P_peak_alarm_max_value
 .data.MV_alarm_max_value
                0x20000041        0x1 ./Core/Src/main.o
                0x20000041                MV_alarm_max_value
 .data.RR_alarm_max_value
                0x20000042        0x1 ./Core/Src/main.o
                0x20000042                RR_alarm_max_value
 .data.peep_alarm_max_value
                0x20000043        0x1 ./Core/Src/main.o
                0x20000043                peep_alarm_max_value
 .data.O2_alarm_max_value
                0x20000044        0x1 ./Core/Src/main.o
                0x20000044                O2_alarm_max_value
 *fill*         0x20000045        0x3 
 .data.data_val2
                0x20000048       0x16 ./Core/Src/main.o
                0x20000048                data_val2
 *fill*         0x2000005e        0x2 
 .data.line     0x20000060       0x16 ./Core/Src/main.o
                0x20000060                line
 *fill*         0x20000076        0x2 
 .data.line_graph
                0x20000078       0x1a ./Core/Src/main.o
                0x20000078                line_graph
 *fill*         0x20000092        0x2 
 .data.line_gr8
                0x20000094       0x2e ./Core/Src/main.o
                0x20000094                line_gr8
 *fill*         0x200000c2        0x2 
 .data.line_gr81
                0x200000c4       0x2e ./Core/Src/main.o
                0x200000c4                line_gr81
 *fill*         0x200000f2        0x2 
 .data.flowvt   0x200000f4       0x2a ./Core/Src/main.o
                0x200000f4                flowvt
 *fill*         0x2000011e        0x2 
 .data.GREEN_ICON
                0x20000120       0x16 ./Core/Src/main.o
                0x20000120                GREEN_ICON
 *fill*         0x20000136        0x2 
 .data.BLUE_ICON
                0x20000138       0x16 ./Core/Src/main.o
                0x20000138                BLUE_ICON
 *fill*         0x2000014e        0x2 
 .data.insPause_vale
                0x20000150        0x4 ./Core/Src/main.o
                0x20000150                insPause_vale
 .data.SystemCoreClock
                0x20000154        0x4 ./Core/Src/system_stm32f4xx.o
                0x20000154                SystemCoreClock
 .data.uwTickPrio
                0x20000158        0x4 ./Drivers/STM32F4xx_HAL_Driver/Src/stm32f4xx_hal.o
                0x20000158                uwTickPrio
 .data.uwTickFreq
                0x2000015c        0x1 ./Drivers/STM32F4xx_HAL_Driver/Src/stm32f4xx_hal.o
                0x2000015c                uwTickFreq
 *fill*         0x2000015d        0x3 
 .data.uxCriticalNesting
                0x20000160        0x4 ./Middlewares/Third_Party/FreeRTOS/Source/portable/GCC/ARM_CM4F/port.o
 .data._impure_ptr
                0x20000164        0x4 C:/ST/STM32CubeIDE_1.18.0/STM32CubeIDE/plugins/com.st.stm32cube.ide.mcu.externaltools.gnu-tools-for-stm32.13.3.rel1.win32_1.0.0.202411081344/tools/bin/../lib/gcc/arm-none-eabi/13.3.1/../../../../arm-none-eabi/lib/thumb/v7e-m+fp/hard\libc_nano.a(libc_a-impure.o)
                0x20000164                _impure_ptr
 .data._impure_data
                0x20000168       0x4c C:/ST/STM32CubeIDE_1.18.0/STM32CubeIDE/plugins/com.st.stm32cube.ide.mcu.externaltools.gnu-tools-for-stm32.13.3.rel1.win32_1.0.0.202411081344/tools/bin/../lib/gcc/arm-none-eabi/13.3.1/../../../../arm-none-eabi/lib/thumb/v7e-m+fp/hard\libc_nano.a(libc_a-impure.o)
                0x20000168                _impure_data
 *(.RamFunc)
 *(.RamFunc*)
                0x200001b4                        . = ALIGN (0x4)
                0x200001b4                        _edata = .
                0x080144f4                        _siccmram = LOADADDR (.ccmram)

.igot.plt       0x200001b4        0x0 load address 0x080144f4
 .igot.plt      0x200001b4        0x0 C:/ST/STM32CubeIDE_1.18.0/STM32CubeIDE/plugins/com.st.stm32cube.ide.mcu.externaltools.gnu-tools-for-stm32.13.3.rel1.win32_1.0.0.202411081344/tools/bin/../lib/gcc/arm-none-eabi/13.3.1/thumb/v7e-m+fp/hard/crtbegin.o

.ccmram         0x10000000        0x0 load address 0x080144f4
                0x10000000                        . = ALIGN (0x4)
                0x10000000                        _sccmram = .
 *(.ccmram)
 *(.ccmram*)
                0x10000000                        . = ALIGN (0x4)
                0x10000000                        _eccmram = .
                0x10000000                        . = ALIGN (0x4)

.bss            0x200001b8     0x5638
                0x200001b8                        _sbss = .
                0x200001b8                        __bss_start__ = _sbss
 *(.bss)
 .bss           0x200001b8       0x1c C:/ST/STM32CubeIDE_1.18.0/STM32CubeIDE/plugins/com.st.stm32cube.ide.mcu.externaltools.gnu-tools-for-stm32.13.3.rel1.win32_1.0.0.202411081344/tools/bin/../lib/gcc/arm-none-eabi/13.3.1/thumb/v7e-m+fp/hard/crtbegin.o
 *(.bss*)
 .bss.xIdleTaskTCBBuffer
                0x200001d4       0xa0 ./Core/Src/freertos.o
 .bss.xIdleStack
                0x20000274      0x200 ./Core/Src/freertos.o
 .bss.xTimerTaskTCBBuffer
                0x20000474       0xa0 ./Core/Src/freertos.o
 .bss.xTimerStack
                0x20000514      0x800 ./Core/Src/freertos.o
 *fill*         0x20000d14        0x4 
 .bss.TPID      0x20000d18       0x70 ./Core/Src/main.o
                0x20000d18                TPID
 .bss.hadc1     0x20000d88       0x48 ./Core/Src/main.o
                0x20000d88                hadc1
 .bss.hadc2     0x20000dd0       0x48 ./Core/Src/main.o
                0x20000dd0                hadc2
 .bss.hadc3     0x20000e18       0x48 ./Core/Src/main.o
                0x20000e18                hadc3
 .bss.hrtc      0x20000e60       0x20 ./Core/Src/main.o
                0x20000e60                hrtc
 .bss.hspi1     0x20000e80       0x58 ./Core/Src/main.o
                0x20000e80                hspi1
 .bss.hspi3     0x20000ed8       0x58 ./Core/Src/main.o
                0x20000ed8                hspi3
 .bss.htim1     0x20000f30       0x48 ./Core/Src/main.o
                0x20000f30                htim1
 .bss.htim4     0x20000f78       0x48 ./Core/Src/main.o
                0x20000f78                htim4
 .bss.huart1    0x20000fc0       0x48 ./Core/Src/main.o
                0x20000fc0                huart1
 .bss.huart2    0x20001008       0x48 ./Core/Src/main.o
                0x20001008                huart2
 .bss.hdma_usart1_rx
                0x20001050       0x60 ./Core/Src/main.o
                0x20001050                hdma_usart1_rx
 .bss.hdma_usart2_rx
                0x200010b0       0x60 ./Core/Src/main.o
                0x200010b0                hdma_usart2_rx
 .bss.dwinHandle
                0x20001110        0x4 ./Core/Src/main.o
                0x20001110                dwinHandle
 .bss.sensorHandle
                0x20001114        0x4 ./Core/Src/main.o
                0x20001114                sensorHandle
 .bss.mode_controlHandle
                0x20001118        0x4 ./Core/Src/main.o
                0x20001118                mode_controlHandle
 .bss.NotificationHandle
                0x2000111c        0x4 ./Core/Src/main.o
                0x2000111c                NotificationHandle
 .bss.BT_ADCHandle
                0x20001120        0x4 ./Core/Src/main.o
                0x20001120                BT_ADCHandle
 .bss.Loop_GraphHandle
                0x20001124        0x4 ./Core/Src/main.o
                0x20001124                Loop_GraphHandle
 .bss.FVGraphHandle
                0x20001128        0x4 ./Core/Src/main.o
                0x20001128                FVGraphHandle
 .bss.BackupHandle
                0x2000112c        0x4 ./Core/Src/main.o
                0x2000112c                BackupHandle
 .bss.Button_clearHandle
                0x20001130        0x4 ./Core/Src/main.o
                0x20001130                Button_clearHandle
 .bss.Touch_value_resetHandle
                0x20001134        0x4 ./Core/Src/main.o
                0x20001134                Touch_value_resetHandle
 .bss.EEPROMHandle
                0x20001138        0x4 ./Core/Src/main.o
                0x20001138                EEPROMHandle
 .bss.ab        0x2000113c        0x2 ./Core/Src/main.o
                0x2000113c                ab
 .bss.bc        0x2000113e        0x2 ./Core/Src/main.o
                0x2000113e                bc
 .bss.cd        0x20001140        0x2 ./Core/Src/main.o
                0x20001140                cd
 .bss.de        0x20001142        0x2 ./Core/Src/main.o
                0x20001142                de
 .bss.v_y       0x20001144        0x4 ./Core/Src/main.o
                0x20001144                v_y
 .bss.p_x       0x20001148        0x4 ./Core/Src/main.o
                0x20001148                p_x
 .bss.p_x1      0x2000114c        0x4 ./Core/Src/main.o
                0x2000114c                p_x1
 .bss.n1n2      0x20001150        0x4 ./Core/Src/main.o
                0x20001150                n1n2
 .bss.m1m2      0x20001154        0x4 ./Core/Src/main.o
                0x20001154                m1m2
 .bss.FV        0x20001158        0x4 ./Core/Src/main.o
                0x20001158                FV
 .bss.vt_x      0x2000115c        0x4 ./Core/Src/main.o
                0x2000115c                vt_x
 .bss.fl_y      0x20001160        0x4 ./Core/Src/main.o
                0x20001160                fl_y