Archive member included to satisfy reference by file (symbol)

C:/ST/STM32CubeIDE_1.15.1/STM32CubeIDE/plugins/com.st.stm32cube.ide.mcu.externaltools.gnu-tools-for-stm32.13.3.rel1.win32_1.0.0.202411081344/tools/bin/../lib/gcc/arm-none-eabi/13.3.1/../../../../arm-none-eabi/lib/thumb/v7e-m+fp/hard\libc_nano.a(libc_a-exit.o)
                              C:/ST/STM32CubeIDE_1.15.1/STM32CubeIDE/plugins/com.st.stm32cube.ide.mcu.externaltools.gnu-tools-for-stm32.13.3.rel1.win32_1.0.0.202411081344/tools/bin/../lib/gcc/arm-none-eabi/13.3.1/../../../../arm-none-eabi/lib/thumb/v7e-m+fp/hard/crt0.o (exit)
C:/ST/STM32CubeIDE_1.15.1/STM32CubeIDE/plugins/com.st.stm32cube.ide.mcu.externaltools.gnu-tools-for-stm32.13.3.rel1.win32_1.0.0.202411081344/tools/bin/../lib/gcc/arm-none-eabi/13.3.1/../../../../arm-none-eabi/lib/thumb/v7e-m+fp/hard\libc_nano.a(libc_a-malloc.o)
                              ./Core/Src/main.o (malloc)
C:/ST/STM32CubeIDE_1.15.1/STM32CubeIDE/plugins/com.st.stm32cube.ide.mcu.externaltools.gnu-tools-for-stm32.13.3.rel1.win32_1.0.0.202411081344/tools/bin/../lib/gcc/arm-none-eabi/13.3.1/../../../../arm-none-eabi/lib/thumb/v7e-m+fp/hard\libc_nano.a(libc_a-mallocr.o)
                              C:/ST/STM32CubeIDE_1.15.1/STM32CubeIDE/plugins/com.st.stm32cube.ide.mcu.externaltools.gnu-tools-for-stm32.13.3.rel1.win32_1.0.0.202411081344/tools/bin/../lib/gcc/arm-none-eabi/13.3.1/../../../../arm-none-eabi/lib/thumb/v7e-m+fp/hard\libc_nano.a(libc_a-malloc.o) (_malloc_r)
C:/ST/STM32CubeIDE_1.15.1/STM32CubeIDE/plugins/com.st.stm32cube.ide.mcu.externaltools.gnu-tools-for-stm32.13.3.rel1.win32_1.0.0.202411081344/tools/bin/../lib/gcc/arm-none-eabi/13.3.1/../../../../arm-none-eabi/lib/thumb/v7e-m+fp/hard\libc_nano.a(libc_a-mlock.o)
                              C:/ST/STM32CubeIDE_1.15.1/STM32CubeIDE/plugins/com.st.stm32cube.ide.mcu.externaltools.gnu-tools-for-stm32.13.3.rel1.win32_1.0.0.202411081344/tools/bin/../lib/gcc/arm-none-eabi/13.3.1/../../../../arm-none-eabi/lib/thumb/v7e-m+fp/hard\libc_nano.a(libc_a-mallocr.o) (__malloc_lock)
C:/ST/STM32CubeIDE_1.15.1/STM32CubeIDE/plugins/com.st.stm32cube.ide.mcu.externaltools.gnu-tools-for-stm32.13.3.rel1.win32_1.0.0.202411081344/tools/bin/../lib/gcc/arm-none-eabi/13.3.1/../../../../arm-none-eabi/lib/thumb/v7e-m+fp/hard\libc_nano.a(libc_a-strtol.o)
                              ./Core/Src/main.o (strtol)
C:/ST/STM32CubeIDE_1.15.1/STM32CubeIDE/plugins/com.st.stm32cube.ide.mcu.externaltools.gnu-tools-for-stm32.13.3.rel1.win32_1.0.0.202411081344/tools/bin/../lib/gcc/arm-none-eabi/13.3.1/../../../../arm-none-eabi/lib/thumb/v7e-m+fp/hard\libc_nano.a(libc_a-ctype_.o)
                              C:/ST/STM32CubeIDE_1.15.1/STM32CubeIDE/plugins/com.st.stm32cube.ide.mcu.externaltools.gnu-tools-for-stm32.13.3.rel1.win32_1.0.0.202411081344/tools/bin/../lib/gcc/arm-none-eabi/13.3.1/../../../../arm-none-eabi/lib/thumb/v7e-m+fp/hard\libc_nano.a(libc_a-strtol.o) (_ctype_)
C:/ST/STM32CubeIDE_1.15.1/STM32CubeIDE/plugins/com.st.stm32cube.ide.mcu.externaltools.gnu-tools-for-stm32.13.3.rel1.win32_1.0.0.202411081344/tools/bin/../lib/gcc/arm-none-eabi/13.3.1/../../../../arm-none-eabi/lib/thumb/v7e-m+fp/hard\libc_nano.a(libc_a-findfp.o)
                              ./Middlewares/Third_Party/FreeRTOS/Source/tasks.o (__sf)
C:/ST/STM32CubeIDE_1.15.1/STM32CubeIDE/plugins/com.st.stm32cube.ide.mcu.externaltools.gnu-tools-for-stm32.13.3.rel1.win32_1.0.0.202411081344/tools/bin/../lib/gcc/arm-none-eabi/13.3.1/../../../../arm-none-eabi/lib/thumb/v7e-m+fp/hard\libc_nano.a(libc_a-fwalk.o)
                              C:/ST/STM32CubeIDE_1.15.1/STM32CubeIDE/plugins/com.st.stm32cube.ide.mcu.externaltools.gnu-tools-for-stm32.13.3.rel1.win32_1.0.0.202411081344/tools/bin/../lib/gcc/arm-none-eabi/13.3.1/../../../../arm-none-eabi/lib/thumb/v7e-m+fp/hard\libc_nano.a(libc_a-findfp.o) (_fwalk_sglue)
C:/ST/STM32CubeIDE_1.15.1/STM32CubeIDE/plugins/com.st.stm32cube.ide.mcu.externaltools.gnu-tools-for-stm32.13.3.rel1.win32_1.0.0.202411081344/tools/bin/../lib/gcc/arm-none-eabi/13.3.1/../../../../arm-none-eabi/lib/thumb/v7e-m+fp/hard\libc_nano.a(libc_a-sprintf.o)
                              ./Core/Src/main.o (sprintf)
C:/ST/STM32CubeIDE_1.15.1/STM32CubeIDE/plugins/com.st.stm32cube.ide.mcu.externaltools.gnu-tools-for-stm32.13.3.rel1.win32_1.0.0.202411081344/tools/bin/../lib/gcc/arm-none-eabi/13.3.1/../../../../arm-none-eabi/lib/thumb/v7e-m+fp/hard\libc_nano.a(libc_a-stdio.o)
                              C:/ST/STM32CubeIDE_1.15.1/STM32CubeIDE/plugins/com.st.stm32cube.ide.mcu.externaltools.gnu-tools-for-stm32.13.3.rel1.win32_1.0.0.202411081344/tools/bin/../lib/gcc/arm-none-eabi/13.3.1/../../../../arm-none-eabi/lib/thumb/v7e-m+fp/hard\libc_nano.a(libc_a-findfp.o) (__sread)
[...]
Memory Configuration

Name             Origin             Length             Attributes
CCMRAM           0x10000000         0x00010000         xrw
RAM              0x20000000         0x00020000         xrw
FLASH            0x08000000         0x00080000         xr
*default*        0x00000000         0xffffffff

Linker script and memory map

LOAD C:/ST/STM32CubeIDE_1.15.1/STM32CubeIDE/plugins/com.st.stm32cube.ide.mcu.externaltools.gnu-tools-for-stm32.13.3.rel1.win32_1.0.0.202411081344/tools/bin/../lib/gcc/arm-none-eabi/13.3.1/thumb/v7e-m+fp/hard/crti.o
LOAD C:/ST/STM32CubeIDE_1.15.1/STM32CubeIDE/plugins/com.st.stm32cube.ide.mcu.externaltools.gnu-tools-for-stm32.13.3.rel1.win32_1.0.0.202411081344/tools/bin/../lib/gcc/arm-none-eabi/13.3.1/thumb/v7e-m+fp/hard/crtbegin.o
LOAD C:/ST/STM32CubeIDE_1.15.1/STM32CubeIDE/plugins/com.st.stm32cube.ide.mcu.externaltools.gnu-tools-for-stm32.13.3.rel1.win32_1.0.0.202411081344/tools/bin/../lib/gcc/arm-none-eabi/13.3.1/../../../../arm-none-eabi/lib/thumb/v7e-m+fp/hard/crt0.o
LOAD ./Core/Src/FLASH_SECTOR_F4.o
LOAD ./Core/Src/freertos.o
LOAD ./Core/Src/main.o
LOAD ./Core/Src/pid_c.o
LOAD ./Core/Src/stm32f4xx_hal_msp.o
LOAD ./Core/Src/stm32f4xx_hal_timebase_tim.o
LOAD ./Core/Src/stm32f4xx_it.o
LOAD ./Core/Src/syscalls.o
LOAD ./Core/Src/sysmem.o
LOAD ./Core/Src/system_stm32f4xx.o
LOAD ./Core/Startup/startup_stm32f407vetx.o
LOAD ./Drivers/STM32F4xx_HAL_Driver/Src/stm32f4xx_hal.o
LOAD ./Drivers/STM32F4xx_HAL_Driver/Src/stm32f4xx_hal_adc.o
LOAD ./Drivers/STM32F4xx_HAL_Driver/Src/stm32f4xx_hal_adc_ex.o
LOAD ./Drivers/STM32F4xx_HAL_Driver/Src/stm32f4xx_hal_cortex.o
LOAD ./Drivers/STM32F4xx_HAL_Driver/Src/stm32f4xx_hal_dma.o
LOAD ./Drivers/STM32F4xx_HAL_Driver/Src/stm32f4xx_hal_dma_ex.o
LOAD ./Drivers/STM32F4xx_HAL_Driver/Src/stm32f4xx_hal_exti.o
LOAD ./Drivers/STM32F4xx_HAL_Driver/Src/stm32f4xx_hal_flash.o
LOAD ./Drivers/STM32F4xx_HAL_Driver/Src/stm32f4xx_hal_flash_ex.o
LOAD ./Drivers/STM32F4xx_HAL_Driver/Src/stm32f4xx_hal_flash_ramfunc.o
LOAD ./Drivers/STM32F4xx_HAL_Driver/Src/stm32f4xx_hal_gpio.o
LOAD ./Drivers/STM32F4xx_HAL_Driver/Src/stm32f4xx_hal_pwr.o
LOAD ./Drivers/STM32F4xx_HAL_Driver/Src/stm32f4xx_hal_pwr_ex.o
LOAD ./Drivers/STM32F4xx_HAL_Driver/Src/stm32f4xx_hal_rcc.o
LOAD ./Drivers/STM32F4xx_HAL_Driver/Src/stm32f4xx_hal_rcc_ex.o
LOAD ./Drivers/STM32F4xx_HAL_Driver/Src/stm32f4xx_hal_rtc.o
LOAD ./Drivers/STM32F4xx_HAL_Driver/Src/stm32f4xx_hal_rtc_ex.o
LOAD ./Drivers/STM32F4xx_HAL_Driver/Src/stm32f4xx_hal_spi.o
LOAD ./Drivers/STM32F4xx_HAL_Driver/Src/stm32f4xx_hal_tim.o
LOAD ./Drivers/STM32F4xx_HAL_Driver/Src/stm32f4xx_hal_tim_ex.o
LOAD ./Drivers/STM32F4xx_HAL_Driver/Src/stm32f4xx_hal_uart.o
LOAD ./Drivers/STM32F4xx_HAL_Driver/Src/stm32f4xx_ll_adc.o
LOAD ./Middlewares/Third_Party/FreeRTOS/Source/CMSIS_RTOS/cmsis_os.o
LOAD ./Middlewares/Third_Party/FreeRTOS/Source/croutine.o
LOAD ./Middlewares/Third_Party/FreeRTOS/Source/event_groups.o
LOAD ./Middlewares/Third_Party/FreeRTOS/Source/list.o
LOAD ./Middlewares/Third_Party/FreeRTOS/Source/queue.o
LOAD ./Middlewares/Third_Party/FreeRTOS/Source/stream_buffer.o
LOAD ./Middlewares/Third_Party/FreeRTOS/Source/tasks.o
LOAD ./Middlewares/Third_Party/FreeRTOS/Source/timers.o
LOAD ./Middlewares/Third_Party/FreeRTOS/Source/portable/GCC/ARM_CM4F/port.o
LOAD ./Middlewares/Third_Party/FreeRTOS/Source/portable/MemMang/heap_4.o
START GROUP
LOAD C:/ST/STM32CubeIDE_1.15.1/STM32CubeIDE/plugins/com.st.stm32cube.ide.mcu.externaltools.gnu-tools-for-stm32.13.3.rel1.win32_1.0.0.202411081344/tools/bin/../lib/gcc/arm-none-eabi/13.3.1/../../../../arm-none-eabi/lib/thumb/v7e-m+fp/hard\libc_nano.a
LOAD C:/ST/STM32CubeIDE_1.15.1/STM32CubeIDE/plugins/com.st.stm32cube.ide.mcu.externaltools.gnu-tools-for-stm32.13.3.rel1.win32_1.0.0.202411081344/tools/bin/../lib/gcc/arm-none-eabi/13.3.1/../../../../arm-none-eabi/lib/thumb/v7e-m+fp/hard\libm.a
END GROUP
START GROUP
LOAD C:/ST/STM32CubeIDE_1.15.1/STM32CubeIDE/plugins/com.st.stm32cube.ide.mcu.externaltools.gnu-tools-for-stm32.13.3.rel1.win32_1.0.0.202411081344/tools/bin/../lib/gcc/arm-none-eabi/13.3.1/thumb/v7e-m+fp/hard\libgcc.a
LOAD C:/ST/STM32CubeIDE_1.15.1/STM32CubeIDE/plugins/com.st.stm32cube.ide.mcu.externaltools.gnu-tools-for-stm32.13.3.rel1.win32_1.0.0.202411081344/tools/bin/../lib/gcc/arm-none-eabi/13.3.1/../../../../arm-none-eabi/lib/thumb/v7e-m+fp/hard\libc_nano.a
END GROUP
START GROUP
LOAD C:/ST/STM32CubeIDE_1.15.1/STM32CubeIDE/plugins/com.st.stm32cube.ide.mcu.externaltools.gnu-tools-for-stm32.13.3.rel1.win32_1.0.0.202411081344/tools/bin/../lib/gcc/arm-none-eabi/13.3.1/thumb/v7e-m+fp/hard\libgcc.a
LOAD C:/ST/STM32CubeIDE_1.15.1/STM32CubeIDE/plugins/com.st.stm32cube.ide.mcu.externaltools.gnu-tools-for-stm32.13.3.rel1.win32_1.0.0.202411081344/tools/bin/../lib/gcc/arm-none-eabi/13.3.1/../../../../arm-none-eabi/lib/thumb/v7e-m+fp/hard\libc_nano.a
LOAD C:/ST/STM32CubeIDE_1.15.1/STM32CubeIDE/plugins/com.st.stm32cube.ide.mcu.externaltools.gnu-tools-for-stm32.13.3.rel1.win32_1.0.0.202411081344/tools/bin/../lib/gcc/arm-none-eabi/13.3.1/../../../../arm-none-eabi/lib/thumb/v7e-m+fp/hard\libnosys.a
END GROUP
START GROUP
LOAD C:/ST/STM32CubeIDE_1.15.1/STM32CubeIDE/plugins/com.st.stm32cube.ide.mcu.externaltools.gnu-tools-for-stm32.13.3.rel1.win32_1.0.0.202411081344/tools/bin/../lib/gcc/arm-none-eabi/13.3.1/thumb/v7e-m+fp/hard\libgcc.a
LOAD C:/ST/STM32CubeIDE_1.15.1/STM32CubeIDE/plugins/com.st.stm32cube.ide.mcu.externaltools.gnu-tools-for-stm32.13.3.rel1.win32_1.0.0.202411081344/tools/bin/../lib/gcc/arm-none-eabi/13.3.1/../../../../arm-none-eabi/lib/thumb/v7e-m+fp/hard\libc_nano.a
LOAD C:/ST/STM32CubeIDE_1.15.1/STM32CubeIDE/plugins/com.st.stm32cube.ide.mcu.externaltools.gnu-tools-for-stm32.13.3.rel1.win32_1.0.0.202411081344/tools/bin/../lib/gcc/arm-none-eabi/13.3.1/../../../../arm-none-eabi/lib/thumb/v7e-m+fp/hard\libnosys.a
END GROUP
LOAD C:/ST/STM32CubeIDE_1.15.1/STM32CubeIDE/plugins/com.st.stm32cube.ide.mcu.externaltools.gnu-tools-for-stm32.13.3.rel1.win32_1.0.0.202411081344/tools/bin/../lib/gcc/arm-none-eabi/13.3.1/thumb/v7e-m+fp/hard/crtend.o
LOAD C:/ST/STM32CubeIDE_1.15.1/STM32CubeIDE/plugins/com.st.stm32cube.ide.mcu.externaltools.gnu-tools-for-stm32.13.3.rel1.win32_1.0.0.202411081344/tools/bin/../lib/gcc/arm-none-eabi/13.3.1/thumb/v7e-m+fp/hard/crtn.o
                0x20020000                        _estack = (ORIGIN (RAM) + LENGTH (RAM))
                0x00000200                        _Min_Heap_Size = 0x200
                0x00000400                        _Min_Stack_Size = 0x400

.isr_vector     0x08000000      0x188
                0x08000000                        . = ALIGN (0x4)
 *(.isr_vector)
 .isr_vector    0x08000000      0x188 ./Core/Startup/startup_stm32f407vetx.o
                0x08000000                g_pfnVectors
                0x08000188                        . = ALIGN (0x4)

.text           0x08000190    0x15e58
                0x08000190                        . = ALIGN (0x4)
 *(.text)
 .text          0x08000190       0x40 C:/ST/STM32CubeIDE_1.15.1/STM32CubeIDE/plugins/com.st.stm32cube.ide.mcu.externaltools.gnu-tools-for-stm32.13.3.rel1.win32_1.0.0.202411081344/tools/bin/../lib/gcc/arm-none-eabi/13.3.1/thumb/v7e-m+fp/hard/crtbegin.o
 .text          0x080001d0       0xa0 C:/ST/STM32CubeIDE_1.15.1/STM32CubeIDE/plugins/com.st.stm32cube.ide.mcu.externaltools.gnu-tools-for-stm32.13.3.rel1.win32_1.0.0.202411081344/tools/bin/../lib/gcc/arm-none-eabi/13.3.1/../../../../arm-none-eabi/lib/thumb/v7e-m+fp/hard\libc_nano.a(libc_a-memchr.o)
                0x080001d0                memchr
 .text          0x08000270      0x378 C:/ST/STM32CubeIDE_1.15.1/STM32CubeIDE/plugins/com.st.stm32cube.ide.mcu.externaltools.gnu-tools-for-stm32.13.3.rel1.win32_1.0.0.202411081344/tools/bin/../lib/gcc/arm-none-eabi/13.3.1/thumb/v7e-m+fp/hard\libgcc.a(_arm_addsubdf3.o)
                0x08000270                __aeabi_drsub
                0x08000278                __aeabi_dsub
                0x08000278                __subdf3
                0x0800027c                __aeabi_dadd
                0x0800027c                __adddf3
                0x080004f4                __floatunsidf
                0x080004f4                __aeabi_ui2d
                0x08000514                __floatsidf
                0x08000514                __aeabi_i2d
                0x08000538                __aeabi_f2d
                0x08000538                __extendsfdf2
                0x0800057c                __floatundidf
                0x0800057c                __aeabi_ul2d
                0x0800058c                __floatdidf
                0x0800058c                __aeabi_l2d
 .text          0x080005e8      0x424 C:/ST/STM32CubeIDE_1.15.1/STM32CubeIDE/plugins/com.st.stm32cube.ide.mcu.externaltools.gnu-tools-for-stm32.13.3.rel1.win32_1.0.0.202411081344/tools/bin/../lib/gcc/arm-none-eabi/13.3.1/thumb/v7e-m+fp/hard\libgcc.a(_arm_muldivdf3.o)
                0x080005e8                __aeabi_dmul
                0x080005e8                __muldf3
                0x0800083c                __divdf3
                0x0800083c                __aeabi_ddiv
 .text          0x08000a0c      0x110 C:/ST/STM32CubeIDE_1.15.1/STM32CubeIDE/plugins/com.st.stm32cube.ide.mcu.externaltools.gnu-tools-for-stm32.13.3.rel1.win32_1.0.0.202411081344/tools/bin/../lib/gcc/arm-none-eabi/13.3.1/thumb/v7e-m+fp/hard\libgcc.a(_arm_cmpdf2.o)
                0x08000a0c                __gtdf2
                0x08000a0c                __gedf2
                0x08000a14                __ltdf2
                0x08000a14                __ledf2
                0x08000a1c                __nedf2
                0x08000a1c                __eqdf2
                0x08000a1c                __cmpdf2
                0x08000a98                __aeabi_cdrcmple
                0x08000aa8                __aeabi_cdcmpeq
                0x08000aa8                __aeabi_cdcmple
                0x08000ab8                __aeabi_dcmpeq
                0x08000acc                __aeabi_dcmplt
                0x08000ae0                __aeabi_dcmple
                0x08000af4                __aeabi_dcmpge
                0x08000b08                __aeabi_dcmpgt
 .text          0x08000b1c       0x2c C:/ST/STM32CubeIDE_1.15.1/STM32CubeIDE/plugins/com.st.stm32cube.ide.mcu.externaltools.gnu-tools-for-stm32.13.3.rel1.win32_1.0.0.202411081344/tools/bin/../lib/gcc/arm-none-eabi/13.3.1/thumb/v7e-m+fp/hard\libgcc.a(_arm_unorddf2.o)
                0x08000b1c                __unorddf2
                0x08000b1c                __aeabi_dcmpun
 .text          0x08000b48       0x50 C:/ST/STM32CubeIDE_1.15.1/STM32CubeIDE/plugins/com.st.stm32cube.ide.mcu.externaltools.gnu-tools-for-stm32.13.3.rel1.win32_1.0.0.202411081344/tools/bin/../lib/gcc/arm-none-eabi/13.3.1/thumb/v7e-m+fp/hard\libgcc.a(_arm_fixdfsi.o)
                0x08000b48                __aeabi_d2iz
                0x08000b48                __fixdfsi
 .text          0x08000b98       0x40 C:/ST/STM32CubeIDE_1.15.1/STM32CubeIDE/plugins/com.st.stm32cube.ide.mcu.externaltools.gnu-tools-for-stm32.13.3.rel1.win32_1.0.0.202411081344/tools/bin/../lib/gcc/arm-none-eabi/13.3.1/thumb/v7e-m+fp/hard\libgcc.a(_arm_fixunsdfsi.o)
                0x08000b98                __aeabi_d2uiz
                0x08000b98                __fixunsdfsi
 .text          0x08000bd8       0xa0 C:/ST/STM32CubeIDE_1.15.1/STM32CubeIDE/plugins/com.st.stm32cube.ide.mcu.externaltools.gnu-tools-for-stm32.13.3.rel1.win32_1.0.0.202411081344/tools/bin/../lib/gcc/arm-none-eabi/13.3.1/thumb/v7e-m+fp/hard\libgcc.a(_arm_truncdfsf2.o)
                0x08000bd8                __truncdfsf2
                0x08000bd8                __aeabi_d2f
 .text          0x08000c78       0x30 C:/ST/STM32CubeIDE_1.15.1/STM32CubeIDE/plugins/com.st.stm32cube.ide.mcu.externaltools.gnu-tools-for-stm32.13.3.rel1.win32_1.0.0.202411081344/tools/bin/../lib/gcc/arm-none-eabi/13.3.1/thumb/v7e-m+fp/hard\libgcc.a(_aeabi_uldivmod.o)
                0x08000c78                __aeabi_uldivmod
 .text          0x08000ca8      0x2f8 C:/ST/STM32CubeIDE_1.15.1/STM32CubeIDE/plugins/com.st.stm32cube.ide.mcu.externaltools.gnu-tools-for-stm32.13.3.rel1.win32_1.0.0.202411081344/tools/bin/../lib/gcc/arm-none-eabi/13.3.1/thumb/v7e-m+fp/hard\libgcc.a(_udivmoddi4.o)
                0x08000ca8                __udivmoddi4
 .text          0x08000fa0        0x4 C:/ST/STM32CubeIDE_1.15.1/STM32CubeIDE/plugins/com.st.stm32cube.ide.mcu.externaltools.gnu-tools-for-stm32.13.3.rel1.win32_1.0.0.202411081344/tools/bin/../lib/gcc/arm-none-eabi/13.3.1/thumb/v7e-m+fp/hard\libgcc.a(_dvmd_tls.o)
                0x08000fa0                __aeabi_idiv0
                0x08000fa0                __aeabi_ldiv0
 *(.text*)
 .text.vApplicationGetIdleTaskMemory
                0x08000fa4       0x34 ./Core/Src/freertos.o
                0x08000fa4                vApplicationGetIdleTaskMemory
 .text.vApplicationGetTimerTaskMemory
                0x08000fd8       0x34 ./Core/Src/freertos.o
                0x08000fd8                vApplicationGetTimerTaskMemory
 .text.__NVIC_SystemReset
                0x0800100c       0x2c ./Core/Src/main.o
 .text.HardFault_Handler
                0x08001038        0x8 ./Core/Src/main.o
                0x08001038                HardFault_Handler
 .text.main     0x08001040      0x26c ./Core/Src/main.o
                0x08001040                main
 .text.SystemClock_Config
                0x080012ac       0xd8 ./Core/Src/main.o
                0x080012ac                SystemClock_Config
 .text.MX_ADC1_Init
                0x08001384       0xa4 ./Core/Src/main.o
 .text.MX_ADC2_Init
                0x08001428       0xa4 ./Core/Src/main.o
 .text.MX_ADC3_Init
                0x080014cc       0xa4 ./Core/Src/main.o
 .text.MX_RTC_Init
                0x08001570      0x118 ./Core/Src/main.o
 .text.MX_SPI1_Init
                0x08001688       0x6c ./Core/Src/main.o
 .text.MX_SPI3_Init
                0x080016f4       0x6c ./Core/Src/main.o
 .text.MX_TIM1_Init
                0x08001760      0x140 ./Core/Src/main.o
 .text.MX_TIM4_Init
                0x080018a0       0xec ./Core/Src/main.o
 .text.MX_USART1_UART_Init
                0x0800198c       0x54 ./Core/Src/main.o
 .text.MX_USART2_UART_Init
                0x080019e0       0x54 ./Core/Src/main.o
 .text.MX_DMA_Init
                0x08001a34       0x6c ./Core/Src/main.o
 .text.MX_GPIO_Init
                0x08001aa0      0x204 ./Core/Src/main.o
 .text.ICON_TOGGLE
                0x08001ca4       0xe8 ./Core/Src/main.o
                0x08001ca4                ICON_TOGGLE
 .text.display_icon_clr
                0x08001d8c       0x60 ./Core/Src/main.o
                0x08001d8c                display_icon_clr
 .text.display_data
                0x08001dec      0x438 ./Core/Src/main.o
                0x08001dec                display_data
 .text.SPI_Write
                0x08002224       0x28 ./Core/Src/main.o
                0x08002224                SPI_Write
 .text.SPI_Read
                0x0800224c       0x28 ./Core/Src/main.o
                0x0800224c                SPI_Read
 .text.W25Q_Read
                0x08002274       0x68 ./Core/Src/main.o
                0x08002274                W25Q_Read
 .text.write_enable
                0x080022dc       0x3c ./Core/Src/main.o
                0x080022dc                write_enable
 .text.write_disable
                0x08002318       0x3c ./Core/Src/main.o
                0x08002318                write_disable
 .text.bytetoWrite
                0x08002354       0x2c ./Core/Src/main.o
                0x08002354                bytetoWrite
 .text.erase_sector
                0x08002380       0x70 ./Core/Src/main.o
                0x08002380                erase_sector
 .text.W25Q_Write_Page
                0x080023f0      0x250 ./Core/Src/main.o
                0x080023f0                W25Q_Write_Page
 .text.intiger_val_send_Backup
                0x08002640       0x48 ./Core/Src/main.o
                0x08002640                intiger_val_send_Backup
 .text.intiger_val_vt_send_Backup
                0x08002688       0x60 ./Core/Src/main.o
                0x08002688                intiger_val_vt_send_Backup
 .text.cls_con  0x080026e8       0x88 ./Core/Src/main.o
                0x080026e8                cls_con
 .text.inc_drc_icon
                0x08002770       0x64 ./Core/Src/main.o
                0x08002770                inc_drc_icon
 .text.intiger_val_send
                0x080027d4       0x48 ./Core/Src/main.o
                0x080027d4                intiger_val_send
 .text.intiger_val_vt_send
                0x0800281c       0x60 ./Core/Src/main.o
                0x0800281c                intiger_val_vt_send
 .text.PIP_VAL  0x0800287c       0x4c ./Core/Src/main.o
                0x0800287c                PIP_VAL
 .text.cls_cmd  0x080028c8      0xb34 ./Core/Src/main.o
                0x080028c8                cls_cmd
 *fill*         0x080033fc        0x4 
 .text.Breath_calclution
                0x08003400      0x13c ./Core/Src/main.o
                0x08003400                Breath_calclution
 .text.Breath_calclution_Neo
                0x0800353c      0x1c4 ./Core/Src/main.o
                0x0800353c                Breath_calclution_Neo
 .text.Pre_set_value_show
                0x08003700      0x154 ./Core/Src/main.o
                0x08003700                Pre_set_value_show
 .text.modes_icon_change
                0x08003854       0x3c ./Core/Src/main.o
                0x08003854                modes_icon_change
 .text.battery_icon_change
                0x08003890       0x3c ./Core/Src/main.o
                0x08003890                battery_icon_change
 .text.muteUnmute_icon_change
                0x080038cc       0x3c ./Core/Src/main.o
                0x080038cc                muteUnmute_icon_change
 .text.alarm_icon_change
                0x08003908       0x3c ./Core/Src/main.o
                0x08003908                alarm_icon_change
 .text.leak_icon_change
                0x08003944       0x3c ./Core/Src/main.o
                0x08003944                leak_icon_change
 .text.O2_Sensor
                0x08003980       0x3c ./Core/Src/main.o
                0x08003980                O2_Sensor
 .text.AC_Plug  0x080039bc       0x3c ./Core/Src/main.o
                0x080039bc                AC_Plug
 .text.update_mbar_history
                0x080039f8       0x94 ./Core/Src/main.o
                0x080039f8                update_mbar_history
 .text.play_icon_change
                0x08003a8c       0x3c ./Core/Src/main.o
                0x08003a8c                play_icon_change
 .text.bag_play_icon_change
                0x08003ac8       0x3c ./Core/Src/main.o
                0x08003ac8                bag_play_icon_change
 .text.ap_icon_change
                0x08003b04       0x3c ./Core/Src/main.o
                0x08003b04                ap_icon_change
 .text.target_flow_cal
                0x08003b40       0x88 ./Core/Src/main.o
                0x08003b40                target_flow_cal
 .text.user_flowe_cal
                0x08003bc8       0xb0 ./Core/Src/main.o
                0x08003bc8                user_flowe_cal
 .text.vt_alarm
                0x08003c78       0x54 ./Core/Src/main.o
                0x08003c78                vt_alarm
 .text.mv_alarm
                0x08003ccc       0xf8 ./Core/Src/main.o
                0x08003ccc                mv_alarm
 .text.bag_mv_alarm
                0x08003dc4      0x104 ./Core/Src/main.o
                0x08003dc4                bag_mv_alarm
 .text.rr_alarm
                0x08003ec8       0x3c ./Core/Src/main.o
                0x08003ec8                rr_alarm
 .text.P_Peak_pressure
                0x08003f04       0x3c ./Core/Src/main.o
                0x08003f04                P_Peak_pressure
 .text.Peep_live_pressure
                0x08003f40       0x3c ./Core/Src/main.o
                0x08003f40                Peep_live_pressure
 .text.Compliance
                0x08003f7c       0x3c ./Core/Src/main.o
                0x08003f7c                Compliance
 .text.BUZZ_PWM
                0x08003fb8       0x30 ./Core/Src/main.o
                0x08003fb8                BUZZ_PWM
 .text.get_filtered_flow
                0x08003fe8       0x90 ./Core/Src/main.o
                0x08003fe8                get_filtered_flow
 .text.VCV_MODE
                0x08004078      0x354 ./Core/Src/main.o
                0x08004078                VCV_MODE
 .text.PCV_MODE
                0x080043cc      0x150 ./Core/Src/main.o
                0x080043cc                PCV_MODE
 .text.Mandatory_MODE
                0x0800451c      0x234 ./Core/Src/main.o
                0x0800451c                Mandatory_MODE
 .text.Spontaneous_MODE
                0x08004750      0x190 ./Core/Src/main.o
                0x08004750                Spontaneous_MODE
 .text.PSV_MODE
                0x080048e0      0x1a0 ./Core/Src/main.o
                0x080048e0                PSV_MODE
 .text.SIMV_MODE
                0x08004a80       0x3c ./Core/Src/main.o
                0x08004a80                SIMV_MODE
 .text.Mandarine
                0x08004abc       0xf4 ./Core/Src/main.o
                0x08004abc                Mandarine
 .text.CLT_MODE
                0x08004bb0      0x194 ./Core/Src/main.o
                0x08004bb0                CLT_MODE
 .text.BAG_MODE
                0x08004d44       0x98 ./Core/Src/main.o
                0x08004d44                BAG_MODE
 *fill*         0x08004ddc        0x4 
 .text.PID_FLOW_SET_VALUE
                0x08004de0       0xa0 ./Core/Src/main.o
                0x08004de0                PID_FLOW_SET_VALUE
 .text.VT_KEYPAD
                0x08004e80      0x308 ./Core/Src/main.o
                0x08004e80                VT_KEYPAD
 .text.SPI_Init
                0x08005188       0x14 ./Core/Src/main.o
                0x08005188                SPI_Init
 .text.MCP3551_ReadData
                0x0800519c       0x98 ./Core/Src/main.o
                0x0800519c                MCP3551_ReadData
 .text.oxy_per  0x08005234       0xbc ./Core/Src/main.o
                0x08005234                oxy_per
 .text.convert_ADC_to_Percentage
                0x080052f0       0x90 ./Core/Src/main.o
                0x080052f0                convert_ADC_to_Percentage
 .text.computeFlowFromPressure
                0x08005380       0x98 ./Core/Src/main.o
                0x08005380                computeFlowFromPressure
 .text.differential_flow
                0x08005418      0x13c ./Core/Src/main.o
                0x08005418                differential_flow
 .text.dwin_data
                0x08005554     0x2f7c ./Core/Src/main.o
                0x08005554                dwin_data
 .text.sensor_one
                0x080084d0     0x1444 ./Core/Src/main.o
                0x080084d0                sensor_one
 *fill*         0x08009914        0x4 
 .text.mode_ctr
                0x08009918      0x560 ./Core/Src/main.o
                0x08009918                mode_ctr
 .text.Icon     0x08009e78      0x560 ./Core/Src/main.o
                0x08009e78                Icon
 .text.Battery  0x0800a3d8      0x5f4 ./Core/Src/main.o
                0x0800a3d8                Battery
 .text.Loop     0x0800a9cc      0x658 ./Core/Src/main.o
                0x0800a9cc                Loop
 .text.FVG      0x0800b024      0x3c8 ./Core/Src/main.o
                0x0800b024                FVG
 .text.backup   0x0800b3ec      0x13c ./Core/Src/main.o
                0x0800b3ec                backup
 .text.Clear_Button
                0x0800b528       0x30 ./Core/Src/main.o
                0x0800b528                Clear_Button
 .text.value_reset
                0x0800b558      0x1b0 ./Core/Src/main.o
                0x0800b558                value_reset
 .text.HAL_TIM_PeriodElapsedCallback
                0x0800b708       0x24 ./Core/Src/main.o
                0x0800b708                HAL_TIM_PeriodElapsedCallback
 .text.Error_Handler
                0x0800b72c        0xc ./Core/Src/main.o
                0x0800b72c                Error_Handler
 .text.PID_Init
                0x0800b738       0x74 ./Core/Src/pid_c.o
                0x0800b738                PID_Init
 *fill*         0x0800b7ac        0x4 
 .text.PID      0x0800b7b0       0x98 ./Core/Src/pid_c.o
                0x0800b7b0                PID
 .text.PID_Compute
                0x0800b848      0x1d4 ./Core/Src/pid_c.o
                0x0800b848                PID_Compute
 .text.PID_SetMode
                0x0800ba1c       0x3c ./Core/Src/pid_c.o
                0x0800ba1c                PID_SetMode
 .text.PID_SetOutputLimits
                0x0800ba58       0xdc ./Core/Src/pid_c.o
                0x0800ba58                PID_SetOutputLimits
 .text.PID_SetTunings2
                0x0800bb34      0x150 ./Core/Src/pid_c.o
                0x0800bb34                PID_SetTunings2
 .text.PID_SetControllerDirection
                0x0800bc84       0x80 ./Core/Src/pid_c.o
                0x0800bc84                PID_SetControllerDirection
 .text.PID_SetSampleTime
                0x0800bd04       0x76 ./Core/Src/pid_c.o
                0x0800bd04                PID_SetSampleTime
 *fill*         0x0800bd7a        0x2 
 .text.HAL_MspInit
                0x0800bd7c       0x58 ./Core/Src/stm32f4xx_hal_msp.o
                0x0800bd7c                HAL_MspInit
 .text.HAL_ADC_MspInit
                0x0800bdd4      0x14c ./Core/Src/stm32f4xx_hal_msp.o
                0x0800bdd4                HAL_ADC_MspInit
 .text.HAL_RTC_MspInit
                0x0800bf20       0x64 ./Core/Src/stm32f4xx_hal_msp.o
                0x0800bf20                HAL_RTC_MspInit
 .text.HAL_SPI_MspInit
                0x0800bf84       0xfc ./Core/Src/stm32f4xx_hal_msp.o
                0x0800bf84                HAL_SPI_MspInit
 .text.HAL_TIM_Base_MspInit
                0x0800c080       0x70 ./Core/Src/stm32f4xx_hal_msp.o
                0x0800c080                HAL_TIM_Base_MspInit
 .text.HAL_TIM_MspPostInit
                0x0800c0f0       0xc8 ./Core/Src/stm32f4xx_hal_msp.o
                0x0800c0f0                HAL_TIM_MspPostInit
 .text.HAL_UART_MspInit
                0x0800c1b8      0x1e4 ./Core/Src/stm32f4xx_hal_msp.o
                0x0800c1b8                HAL_UART_MspInit
 .text.HAL_InitTick
                0x0800c39c       0xf8 ./Core/Src/stm32f4xx_hal_timebase_tim.o
                0x0800c39c                HAL_InitTick
 .text.NMI_Handler
                0x0800c494        0x8 ./Core/Src/stm32f4xx_it.o
                0x0800c494                NMI_Handler
 .text.MemManage_Handler
                0x0800c49c        0x8 ./Core/Src/stm32f4xx_it.o
                0x0800c49c                MemManage_Handler
 .text.BusFault_Handler
                0x0800c4a4        0x8 ./Core/Src/stm32f4xx_it.o
                0x0800c4a4                BusFault_Handler
 .text.UsageFault_Handler
                0x0800c4ac        0x8 ./Core/Src/stm32f4xx_it.o
                0x0800c4ac                UsageFault_Handler
 .text.DebugMon_Handler
                0x0800c4b4        0xe ./Core/Src/stm32f4xx_it.o
                0x0800c4b4                DebugMon_Handler
 *fill*         0x0800c4c2        0x2 
 .text.DMA1_Stream5_IRQHandler
                0x0800c4c4       0x14 ./Core/Src/stm32f4xx_it.o
                0x0800c4c4                DMA1_Stream5_IRQHandler
 .text.EXTI9_5_IRQHandler
                0x0800c4d8       0x1c ./Core/Src/stm32f4xx_it.o
                0x0800c4d8                EXTI9_5_IRQHandler
 .text.USART1_IRQHandler
                0x0800c4f4       0x14 ./Core/Src/stm32f4xx_it.o
                0x0800c4f4                USART1_IRQHandler
 .text.USART2_IRQHandler
                0x0800c508       0x14 ./Core/Src/stm32f4xx_it.o
                0x0800c508                USART2_IRQHandler
 .text.RTC_Alarm_IRQHandler
                0x0800c51c       0x14 ./Core/Src/stm32f4xx_it.o
                0x0800c51c                RTC_Alarm_IRQHandler
 .text.TIM6_DAC_IRQHandler
                0x0800c530       0x14 ./Core/Src/stm32f4xx_it.o
                0x0800c530                TIM6_DAC_IRQHandler
 .text.DMA2_Stream2_IRQHandler
                0x0800c544       0x14 ./Core/Src/stm32f4xx_it.o
                0x0800c544                DMA2_Stream2_IRQHandler
 .text._sbrk    0x0800c558       0x6c ./Core/Src/sysmem.o
                0x0800c558                _sbrk
 .text.SystemInit
                0x0800c5c4       0x24 ./Core/Src/system_stm32f4xx.o
                0x0800c5c4                SystemInit
 .text.Reset_Handler
                0x0800c5e8       0x50 ./Core/Startup/startup_stm32f407vetx.o
                0x0800c5e8                Reset_Handler
 .text.Default_Handler
                0x0800c638        0x2 ./Core/Startup/startup_stm32f407vetx.o
                0x0800c638                HASH_RNG_IRQHandler
                0x0800c638                EXTI2_IRQHandler
                0x0800c638                TIM8_CC_IRQHandler
                0x0800c638                TIM1_CC_IRQHandler
                0x0800c638                DMA2_Stream5_IRQHandler
                0x0800c638                PVD_IRQHandler
                0x0800c638                SDIO_IRQHandler
                0x0800c638                TAMP_STAMP_IRQHandler
                0x0800c638                CAN2_RX1_IRQHandler
                0x0800c638                EXTI3_IRQHandler
                0x0800c638                TIM8_TRG_COM_TIM14_IRQHandler
                0x0800c638                TIM1_UP_TIM10_IRQHandler
                0x0800c638                TIM8_UP_TIM13_IRQHandler
                0x0800c638                I2C3_ER_IRQHandler
                0x0800c638                EXTI0_IRQHandler
                0x0800c638                I2C2_EV_IRQHandler
                0x0800c638                DMA1_Stream2_IRQHandler
                0x0800c638                CAN1_RX0_IRQHandler
                0x0800c638                FPU_IRQHandler
                0x0800c638                OTG_HS_WKUP_IRQHandler
                0x0800c638                CAN2_SCE_IRQHandler
                0x0800c638                SPI1_IRQHandler
                0x0800c638                TIM1_BRK_TIM9_IRQHandler
                0x0800c638                DCMI_IRQHandler
                0x0800c638                CAN2_RX0_IRQHandler
                0x0800c638                DMA2_Stream3_IRQHandler
                0x0800c638                USART6_IRQHandler
                0x0800c638                USART3_IRQHandler
                0x0800c638                CAN1_RX1_IRQHandler
                0x0800c638                UART5_IRQHandler
                0x0800c638                DMA2_Stream0_IRQHandler
                0x0800c638                TIM4_IRQHandler
                0x0800c638                I2C1_EV_IRQHandler
                0x0800c638                DMA1_Stream6_IRQHandler
                0x0800c638                DMA1_Stream1_IRQHandler
                0x0800c638                UART4_IRQHandler
                0x0800c638                TIM3_IRQHandler
                0x0800c638                RCC_IRQHandler
                0x0800c638                TIM8_BRK_TIM12_IRQHandler
                0x0800c638                Default_Handler
                0x0800c638                EXTI15_10_IRQHandler
                0x0800c638                ADC_IRQHandler
                0x0800c638                DMA1_Stream7_IRQHandler
                0x0800c638                TIM7_IRQHandler
                0x0800c638                CAN2_TX_IRQHandler
                0x0800c638                TIM5_IRQHandler
                0x0800c638                DMA2_Stream7_IRQHandler
                0x0800c638                I2C3_EV_IRQHandler
                0x0800c638                RTC_WKUP_IRQHandler
                0x0800c638                ETH_WKUP_IRQHandler
                0x0800c638                SPI2_IRQHandler
                0x0800c638                OTG_HS_EP1_IN_IRQHandler
                0x0800c638                DMA1_Stream0_IRQHandler
                0x0800c638                CAN1_TX_IRQHandler
                0x0800c638                EXTI4_IRQHandler
                0x0800c638                FSMC_IRQHandler
                0x0800c638                ETH_IRQHandler
                0x0800c638                OTG_HS_EP1_OUT_IRQHandler
                0x0800c638                WWDG_IRQHandler
                0x0800c638                TIM2_IRQHandler
                0x0800c638                OTG_FS_WKUP_IRQHandler
                0x0800c638                TIM1_TRG_COM_TIM11_IRQHandler
                0x0800c638                OTG_HS_IRQHandler
                0x0800c638                EXTI1_IRQHandler
                0x0800c638                I2C2_ER_IRQHandler
                0x0800c638                DMA2_Stream1_IRQHandler
                0x0800c638                CAN1_SCE_IRQHandler
                0x0800c638                FLASH_IRQHandler
                0x0800c638                DMA2_Stream4_IRQHandler
                0x0800c638                OTG_FS_IRQHandler
                0x0800c638                SPI3_IRQHandler
                0x0800c638                DMA1_Stream4_IRQHandler
                0x0800c638                I2C1_ER_IRQHandler
                0x0800c638                DMA2_Stream6_IRQHandler
                0x0800c638                DMA1_Stream3_IRQHandler
 *fill*         0x0800c63a        0x2 
 .text.HAL_Init
                0x0800c63c       0x44 ./Drivers/STM32F4xx_HAL_Driver/Src/stm32f4xx_hal.o
                0x0800c63c                HAL_Init
 .text.HAL_IncTick
                0x0800c680       0x28 ./Drivers/STM32F4xx_HAL_Driver/Src/stm32f4xx_hal.o
                0x0800c680                HAL_IncTick
 .text.HAL_GetTick
                0x0800c6a8       0x18 ./Drivers/STM32F4xx_HAL_Driver/Src/stm32f4xx_hal.o
                0x0800c6a8                HAL_GetTick
 .text.HAL_Delay
                0x0800c6c0       0x48 ./Drivers/STM32F4xx_HAL_Driver/Src/stm32f4xx_hal.o
                0x0800c6c0                HAL_Delay
 .text.HAL_ADC_Init
                0x0800c708       0x86 ./Drivers/STM32F4xx_HAL_Driver/Src/stm32f4xx_hal_adc.o
                0x0800c708                HAL_ADC_Init
 *fill*         0x0800c78e        0x2 
 .text.HAL_ADC_Start
                0x0800c790      0x1a4 ./Drivers/STM32F4xx_HAL_Driver/Src/stm32f4xx_hal_adc.o
                0x0800c790                HAL_ADC_Start
 .text.HAL_ADC_Stop
                0x0800c934       0x66 ./Drivers/STM32F4xx_HAL_Driver/Src/stm32f4xx_hal_adc.o
                0x0800c934                HAL_ADC_Stop
 .text.HAL_ADC_PollForConversion
                0x0800c99a      0x116 ./Drivers/STM32F4xx_HAL_Driver/Src/stm32f4xx_hal_adc.o
                0x0800c99a                HAL_ADC_PollForConversion
 .text.HAL_ADC_GetValue
                0x0800cab0       0x1a ./Drivers/STM32F4xx_HAL_Driver/Src/stm32f4xx_hal_adc.o
                0x0800cab0                HAL_ADC_GetValue
 *fill*         0x0800caca        0x2 
 .text.HAL_ADC_ConfigChannel
                0x0800cacc      0x244 ./Drivers/STM32F4xx_HAL_Driver/Src/stm32f4xx_hal_adc.o
                0x0800cacc                HAL_ADC_ConfigChannel
 .text.ADC_Init
                0x0800cd10      0x1f8 ./Drivers/STM32F4xx_HAL_Driver/Src/stm32f4xx_hal_adc.o
 .text.__NVIC_SetPriorityGrouping
                0x0800cf08       0x48 ./Drivers/STM32F4xx_HAL_Driver/Src/stm32f4xx_hal_cortex.o
 .text.__NVIC_GetPriorityGrouping
                0x0800cf50       0x1c ./Drivers/STM32F4xx_HAL_Driver/Src/stm32f4xx_hal_cortex.o
 .text.__NVIC_EnableIRQ
                0x0800cf6c       0x3c ./Drivers/STM32F4xx_HAL_Driver/Src/stm32f4xx_hal_cortex.o
 .text.__NVIC_SetPriority
                0x0800cfa8       0x54 ./Drivers/STM32F4xx_HAL_Driver/Src/stm32f4xx_hal_cortex.o
 .text.NVIC_EncodePriority
                0x0800cffc       0x66 ./Drivers/STM32F4xx_HAL_Driver/Src/stm32f4xx_hal_cortex.o
 .text.HAL_NVIC_SetPriorityGrouping
                0x0800d062       0x16 ./Drivers/STM32F4xx_HAL_Driver/Src/stm32f4xx_hal_cortex.o
                0x0800d062                HAL_NVIC_SetPriorityGrouping
 .text.HAL_NVIC_SetPriority
                0x0800d078       0x38 ./Drivers/STM32F4xx_HAL_Driver/Src/stm32f4xx_hal_cortex.o
                0x0800d078                HAL_NVIC_SetPriority
 .text.HAL_NVIC_EnableIRQ
                0x0800d0b0       0x1c ./Drivers/STM32F4xx_HAL_Driver/Src/stm32f4xx_hal_cortex.o
                0x0800d0b0                HAL_NVIC_EnableIRQ
 .text.HAL_DMA_Init
                0x0800d0cc      0x15c ./Drivers/STM32F4xx_HAL_Driver/Src/stm32f4xx_hal_dma.o
                0x0800d0cc                HAL_DMA_Init
 .text.HAL_DMA_Start_IT
                0x0800d228       0xb0 ./Drivers/STM32F4xx_HAL_Driver/Src/stm32f4xx_hal_dma.o
                0x0800d228                HAL_DMA_Start_IT
 .text.HAL_DMA_Abort
                0x0800d2d8       0xe0 ./Drivers/STM32F4xx_HAL_Driver/Src/stm32f4xx_hal_dma.o
                0x0800d2d8                HAL_DMA_Abort
 .text.HAL_DMA_Abort_IT
                0x0800d3b8       0x44 ./Drivers/STM32F4xx_HAL_Driver/Src/stm32f4xx_hal_dma.o
                0x0800d3b8                HAL_DMA_Abort_IT
 .text.HAL_DMA_IRQHandler
                0x0800d3fc      0x314 ./Drivers/STM32F4xx_HAL_Driver/Src/stm32f4xx_hal_dma.o
                0x0800d3fc                HAL_DMA_IRQHandler
 .text.DMA_SetConfig
                0x0800d710       0x5c ./Drivers/STM32F4xx_HAL_Driver/Src/stm32f4xx_hal_dma.o
 .text.DMA_CalcBaseAndBitshift
                0x0800d76c       0x6c ./Drivers/STM32F4xx_HAL_Driver/Src/stm32f4xx_hal_dma.o
 .text.DMA_CheckFifoParam
                0x0800d7d8       0xf8 ./Drivers/STM32F4xx_HAL_Driver/Src/stm32f4xx_hal_dma.o
 .text.HAL_GPIO_Init
                0x0800d8d0      0x338 ./Drivers/STM32F4xx_HAL_Driver/Src/stm32f4xx_hal_gpio.o
                0x0800d8d0                HAL_GPIO_Init
 .text.HAL_GPIO_ReadPin
                0x0800dc08       0x30 ./Drivers/STM32F4xx_HAL_Driver/Src/stm32f4xx_hal_gpio.o
                0x0800dc08                HAL_GPIO_ReadPin
 .text.HAL_GPIO_WritePin
                0x0800dc38       0x32 ./Drivers/STM32F4xx_HAL_Driver/Src/stm32f4xx_hal_gpio.o
                0x0800dc38                HAL_GPIO_WritePin
 *fill*         0x0800dc6a        0x2 
 .text.HAL_GPIO_EXTI_IRQHandler
                0x0800dc6c       0x30 ./Drivers/STM32F4xx_HAL_Driver/Src/stm32f4xx_hal_gpio.o
                0x0800dc6c                HAL_GPIO_EXTI_IRQHandler
 .text.HAL_GPIO_EXTI_Callback
                0x0800dc9c       0x16 ./Drivers/STM32F4xx_HAL_Driver/Src/stm32f4xx_hal_gpio.o
                0x0800dc9c                HAL_GPIO_EXTI_Callback
 *fill*         0x0800dcb2        0x2 
 .text.HAL_RCC_OscConfig
                0x0800dcb4      0x4f0 ./Drivers/STM32F4xx_HAL_Driver/Src/stm32f4xx_hal_rcc.o
                0x0800dcb4                HAL_RCC_OscConfig
 .text.HAL_RCC_ClockConfig
                0x0800e1a4      0x1cc ./Drivers/STM32F4xx_HAL_Driver/Src/stm32f4xx_hal_rcc.o
                0x0800e1a4                HAL_RCC_ClockConfig
 .text.HAL_RCC_GetSysClockFreq
                0x0800e370      0x20c ./Drivers/STM32F4xx_HAL_Driver/Src/stm32f4xx_hal_rcc.o
                0x0800e370                HAL_RCC_GetSysClockFreq
 .text.HAL_RCC_GetHCLKFreq
                0x0800e57c       0x18 ./Drivers/STM32F4xx_HAL_Driver/Src/stm32f4xx_hal_rcc.o
                0x0800e57c                HAL_RCC_GetHCLKFreq
 .text.HAL_RCC_GetPCLK1Freq
                0x0800e594       0x28 ./Drivers/STM32F4xx_HAL_Driver/Src/stm32f4xx_hal_rcc.o
                0x0800e594                HAL_RCC_GetPCLK1Freq
 .text.HAL_RCC_GetPCLK2Freq
                0x0800e5bc       0x28 ./Drivers/STM32F4xx_HAL_Driver/Src/stm32f4xx_hal_rcc.o
                0x0800e5bc                HAL_RCC_GetPCLK2Freq
 .text.HAL_RCC_GetClockConfig
                0x0800e5e4       0x64 ./Drivers/STM32F4xx_HAL_Driver/Src/stm32f4xx_hal_rcc.o
                0x0800e5e4                HAL_RCC_GetClockConfig
 .text.HAL_RCCEx_PeriphCLKConfig
                0x0800e648      0x1c4 ./Drivers/STM32F4xx_HAL_Driver/Src/stm32f4xx_hal_rcc_ex.o
                0x0800e648                HAL_RCCEx_PeriphCLKConfig
 .text.HAL_RTC_Init
                0x0800e80c      0x106 ./Drivers/STM32F4xx_HAL_Driver/Src/stm32f4xx_hal_rtc.o
                0x0800e80c                HAL_RTC_Init
 .text.HAL_RTC_SetTime
                0x0800e912      0x134 ./Drivers/STM32F4xx_HAL_Driver/Src/stm32f4xx_hal_rtc.o
                0x0800e912                HAL_RTC_SetTime
 .text.HAL_RTC_SetDate
                0x0800ea46      0x108 ./Drivers/STM32F4xx_HAL_Driver/Src/stm32f4xx_hal_rtc.o
                0x0800ea46                HAL_RTC_SetDate
 *fill*         0x0800eb4e        0x2 
 .text.HAL_RTC_SetAlarm_IT
                0x0800eb50      0x288 ./Drivers/STM32F4xx_HAL_Driver/Src/stm32f4xx_hal_rtc.o
                0x0800eb50                HAL_RTC_SetAlarm_IT
 .text.HAL_RTC_AlarmIRQHandler
                0x0800edd8       0x8c ./Drivers/STM32F4xx_HAL_Driver/Src/stm32f4xx_hal_rtc.o
                0x0800edd8                HAL_RTC_AlarmIRQHandler
 .text.HAL_RTC_AlarmAEventCallback
                0x0800ee64       0x14 ./Drivers/STM32F4xx_HAL_Driver/Src/stm32f4xx_hal_rtc.o
                0x0800ee64                HAL_RTC_AlarmAEventCallback
 .text.HAL_RTC_WaitForSynchro
                0x0800ee78       0x4c ./Drivers/STM32F4xx_HAL_Driver/Src/stm32f4xx_hal_rtc.o
                0x0800ee78                HAL_RTC_WaitForSynchro
 .text.RTC_EnterInitMode
                0x0800eec4       0x6e ./Drivers/STM32F4xx_HAL_Driver/Src/stm32f4xx_hal_rtc.o
                0x0800eec4                RTC_EnterInitMode
 .text.RTC_ExitInitMode
                0x0800ef32       0x4a ./Drivers/STM32F4xx_HAL_Driver/Src/stm32f4xx_hal_rtc.o
                0x0800ef32                RTC_ExitInitMode
 .text.RTC_ByteToBcd2
                0x0800ef7c       0x3c ./Drivers/STM32F4xx_HAL_Driver/Src/stm32f4xx_hal_rtc.o
                0x0800ef7c                RTC_ByteToBcd2
 .text.HAL_RTCEx_AlarmBEventCallback
                0x0800efb8       0x14 ./Drivers/STM32F4xx_HAL_Driver/Src/stm32f4xx_hal_rtc_ex.o
                0x0800efb8                HAL_RTCEx_AlarmBEventCallback
 .text.HAL_SPI_Init
                0x0800efcc      0x112 ./Drivers/STM32F4xx_HAL_Driver/Src/stm32f4xx_hal_spi.o
                0x0800efcc                HAL_SPI_Init
 .text.HAL_SPI_Transmit
                0x0800f0de      0x288 ./Drivers/STM32F4xx_HAL_Driver/Src/stm32f4xx_hal_spi.o
                0x0800f0de                HAL_SPI_Transmit
 .text.HAL_SPI_Receive
                0x0800f366      0x232 ./Drivers/STM32F4xx_HAL_Driver/Src/stm32f4xx_hal_spi.o
                0x0800f366                HAL_SPI_Receive
 .text.HAL_SPI_TransmitReceive
                0x0800f598      0x352 ./Drivers/STM32F4xx_HAL_Driver/Src/stm32f4xx_hal_spi.o
                0x0800f598                HAL_SPI_TransmitReceive
 *fill*         0x0800f8ea        0x2 
 .text.SPI_WaitFlagStateUntilTimeout
                0x0800f8ec      0x110 ./Drivers/STM32F4xx_HAL_Driver/Src/stm32f4xx_hal_spi.o
 .text.SPI_EndRxTransaction
                0x0800f9fc       0xca ./Drivers/STM32F4xx_HAL_Driver/Src/stm32f4xx_hal_spi.o
 *fill*         0x0800fac6        0x2 
 .text.SPI_EndRxTxTransaction
                0x0800fac8       0xa8 ./Drivers/STM32F4xx_HAL_Driver/Src/stm32f4xx_hal_spi.o
 .text.HAL_TIM_Base_Init
                0x0800fb70       0x9e ./Drivers/STM32F4xx_HAL_Driver/Src/stm32f4xx_hal_tim.o
                0x0800fb70                HAL_TIM_Base_Init
 *fill*         0x0800fc0e        0x2 
 .text.HAL_TIM_Base_Start_IT
                0x0800fc10       0xe0 ./Drivers/STM32F4xx_HAL_Driver/Src/stm32f4xx_hal_tim.o
                0x0800fc10                HAL_TIM_Base_Start_IT
 .text.HAL_TIM_PWM_Init
                0x0800fcf0       0x9e ./Drivers/STM32F4xx_HAL_Driver/Src/stm32f4xx_hal_tim.o
                0x0800fcf0                HAL_TIM_PWM_Init
 .text.HAL_TIM_PWM_MspInit
                0x0800fd8e       0x14 ./Drivers/STM32F4xx_HAL_Driver/Src/stm32f4xx_hal_tim.o
                0x0800fd8e                HAL_TIM_PWM_MspInit
 *fill*         0x0800fda2        0x2 
 .text.HAL_TIM_PWM_Start
                0x0800fda4      0x190 ./Drivers/STM32F4xx_HAL_Driver/Src/stm32f4xx_hal_tim.o
                0x0800fda4                HAL_TIM_PWM_Start
 .text.HAL_TIM_IRQHandler
                0x0800ff34      0x1e0 ./Drivers/STM32F4xx_HAL_Driver/Src/stm32f4xx_hal_tim.o
                0x0800ff34                HAL_TIM_IRQHandler
 .text.HAL_TIM_PWM_ConfigChannel
                0x08010114      0x184 ./Drivers/STM32F4xx_HAL_Driver/Src/stm32f4xx_hal_tim.o
                0x08010114                HAL_TIM_PWM_ConfigChannel
 .text.HAL_TIM_ConfigClockSource
                0x08010298      0x18e ./Drivers/STM32F4xx_HAL_Driver/Src/stm32f4xx_hal_tim.o
                0x08010298                HAL_TIM_ConfigClockSource
 .text.HAL_TIM_OC_DelayElapsedCallback
                0x08010426       0x14 ./Drivers/STM32F4xx_HAL_Driver/Src/stm32f4xx_hal_tim.o
                0x08010426                HAL_TIM_OC_DelayElapsedCallback
 .text.HAL_TIM_IC_CaptureCallback
                0x0801043a       0x14 ./Drivers/STM32F4xx_HAL_Driver/Src/stm32f4xx_hal_tim.o
                0x0801043a                HAL_TIM_IC_CaptureCallback
 .text.HAL_TIM_PWM_PulseFinishedCallback
                0x0801044e       0x14 ./Drivers/STM32F4xx_HAL_Driver/Src/stm32f4xx_hal_tim.o
                0x0801044e                HAL_TIM_PWM_PulseFinishedCallback
 .text.HAL_TIM_TriggerCallback
                0x08010462       0x14 ./Drivers/STM32F4xx_HAL_Driver/Src/stm32f4xx_hal_tim.o
                0x08010462                HAL_TIM_TriggerCallback
 *fill*         0x08010476        0x2 
 .text.TIM_Base_SetConfig
                0x08010478      0x158 ./Drivers/STM32F4xx_HAL_Driver/Src/stm32f4xx_hal_tim.o
                0x08010478                TIM_Base_SetConfig
 .text.TIM_OC1_SetConfig
                0x080105d0       0xe0 ./Drivers/STM32F4xx_HAL_Driver/Src/stm32f4xx_hal_tim.o
 .text.TIM_OC2_SetConfig
                0x080106b0       0xec ./Drivers/STM32F4xx_HAL_Driver/Src/stm32f4xx_hal_tim.o
                0x080106b0                TIM_OC2_SetConfig
 .text.TIM_OC3_SetConfig
                0x0801079c       0xe8 ./Drivers/STM32F4xx_HAL_Driver/Src/stm32f4xx_hal_tim.o
 .text.TIM_OC4_SetConfig
                0x08010884       0xac ./Drivers/STM32F4xx_HAL_Driver/Src/stm32f4xx_hal_tim.o
 .text.TIM_TI1_ConfigInputStage
                0x08010930       0x5e ./Drivers/STM32F4xx_HAL_Driver/Src/stm32f4xx_hal_tim.o
 .text.TIM_TI2_ConfigInputStage
                0x0801098e       0x60 ./Drivers/STM32F4xx_HAL_Driver/Src/stm32f4xx_hal_tim.o
 .text.TIM_ITRx_SetConfig
                0x080109ee       0x36 ./Drivers/STM32F4xx_HAL_Driver/Src/stm32f4xx_hal_tim.o
 .text.TIM_ETR_SetConfig
                0x08010a24       0x40 ./Drivers/STM32F4xx_HAL_Driver/Src/stm32f4xx_hal_tim.o
                0x08010a24                TIM_ETR_SetConfig
 .text.TIM_CCxChannelCmd
                0x08010a64       0x4a ./Drivers/STM32F4xx_HAL_Driver/Src/stm32f4xx_hal_tim.o
                0x08010a64                TIM_CCxChannelCmd
 *fill*         0x08010aae        0x2 
 .text.HAL_TIMEx_MasterConfigSynchronization
                0x08010ab0       0xf8 ./Drivers/STM32F4xx_HAL_Driver/Src/stm32f4xx_hal_tim_ex.o
                0x08010ab0                HAL_TIMEx_MasterConfigSynchronization
 .text.HAL_TIMEx_ConfigBreakDeadTime
                0x08010ba8       0xa4 ./Drivers/STM32F4xx_HAL_Driver/Src/stm32f4xx_hal_tim_ex.o
                0x08010ba8                HAL_TIMEx_ConfigBreakDeadTime
 .text.HAL_TIMEx_CommutCallback
                0x08010c4c       0x14 ./Drivers/STM32F4xx_HAL_Driver/Src/stm32f4xx_hal_tim_ex.o
                0x08010c4c                HAL_TIMEx_CommutCallback
 .text.HAL_TIMEx_BreakCallback
                0x08010c60       0x14 ./Drivers/STM32F4xx_HAL_Driver/Src/stm32f4xx_hal_tim_ex.o
                0x08010c60                HAL_TIMEx_BreakCallback
 .text.HAL_UART_Init
                0x08010c74       0xa0 ./Drivers/STM32F4xx_HAL_Driver/Src/stm32f4xx_hal_uart.o
                0x08010c74                HAL_UART_Init
 .text.HAL_UART_Transmit
                0x08010d14      0x116 ./Drivers/STM32F4xx_HAL_Driver/Src/stm32f4xx_hal_uart.o
                0x08010d14                HAL_UART_Transmit
 .text.HAL_UART_Receive_IT
                0x08010e2a       0x4a ./Drivers/STM32F4xx_HAL_Driver/Src/stm32f4xx_hal_uart.o
                0x08010e2a                HAL_UART_Receive_IT
 .text.HAL_UART_Receive_DMA
                0x08010e74       0x4a ./Drivers/STM32F4xx_HAL_Driver/Src/stm32f4xx_hal_uart.o
                0x08010e74                HAL_UART_Receive_DMA
 *fill*         0x08010ebe        0x2 
 .text.HAL_UART_AbortReceive_IT
                0x08010ec0      0x164 ./Drivers/STM32F4xx_HAL_Driver/Src/stm32f4xx_hal_uart.o
                0x08010ec0                HAL_UART_AbortReceive_IT
 .text.HAL_UART_IRQHandler
                0x08011024      0x524 ./Drivers/STM32F4xx_HAL_Driver/Src/stm32f4xx_hal_uart.o
                0x08011024                HAL_UART_IRQHandler
 .text.HAL_UART_TxCpltCallback
                0x08011548       0x14 ./Drivers/STM32F4xx_HAL_Driver/Src/stm32f4xx_hal_uart.o
                0x08011548                HAL_UART_TxCpltCallback
 .text.HAL_UART_RxCpltCallback
                0x0801155c       0x14 ./Drivers/STM32F4xx_HAL_Driver/Src/stm32f4xx_hal_uart.o
                0x0801155c                HAL_UART_RxCpltCallback
 .text.HAL_UART_RxHalfCpltCallback
                0x08011570       0x14 ./Drivers/STM32F4xx_HAL_Driver/Src/stm32f4xx_hal_uart.o
                0x08011570                HAL_UART_RxHalfCpltCallback
 .text.HAL_UART_ErrorCallback
                0x08011584       0x14 ./Drivers/STM32F4xx_HAL_Driver/Src/stm32f4xx_hal_uart.o
                0x08011584                HAL_UART_ErrorCallback
 .text.HAL_UART_AbortReceiveCpltCallback
                0x08011598       0x14 ./Drivers/STM32F4xx_HAL_Driver/Src/stm32f4xx_hal_uart.o
                0x08011598                HAL_UART_AbortReceiveCpltCallback
 .text.HAL_UARTEx_RxEventCallback
                0x080115ac       0x18 ./Drivers/STM32F4xx_HAL_Driver/Src/stm32f4xx_hal_uart.o
                0x080115ac                HAL_UARTEx_RxEventCallback
 .text.UART_DMAReceiveCplt
                0x080115c4      0x12c ./Drivers/STM32F4xx_HAL_Driver/Src/stm32f4xx_hal_uart.o
 .text.UART_DMARxHalfCplt
                0x080116f0       0x3c ./Drivers/STM32F4xx_HAL_Driver/Src/stm32f4xx_hal_uart.o
 .text.UART_DMAError
                0x0801172c       0x94 ./Drivers/STM32F4xx_HAL_Driver/Src/stm32f4xx_hal_uart.o
 .text.UART_WaitOnFlagUntilTimeout
                0x080117c0       0xb2 ./Drivers/STM32F4xx_HAL_Driver/Src/stm32f4xx_hal_uart.o
 .text.UART_Start_Receive_IT
                0x08011872       0x74 ./Drivers/STM32F4xx_HAL_Driver/Src/stm32f4xx_hal_uart.o
                0x08011872                UART_Start_Receive_IT
 *fill*         0x080118e6        0x2 
 .text.UART_Start_Receive_DMA
                0x080118e8      0x134 ./Drivers/STM32F4xx_HAL_Driver/Src/stm32f4xx_hal_uart.o
                0x080118e8                UART_Start_Receive_DMA
 .text.UART_EndTxTransfer
                0x08011a1c       0x50 ./Drivers/STM32F4xx_HAL_Driver/Src/stm32f4xx_hal_uart.o
 .text.UART_EndRxTransfer
                0x08011a6c       0xc6 ./Drivers/STM32F4xx_HAL_Driver/Src/stm32f4xx_hal_uart.o
 .text.UART_DMAAbortOnError
                0x08011b32       0x28 ./Drivers/STM32F4xx_HAL_Driver/Src/stm32f4xx_hal_uart.o
 .text.UART_DMARxOnlyAbortCallback
                0x08011b5a       0x30 ./Drivers/STM32F4xx_HAL_Driver/Src/stm32f4xx_hal_uart.o
 .text.UART_Transmit_IT
                0x08011b8a       0xa0 ./Drivers/STM32F4xx_HAL_Driver/Src/stm32f4xx_hal_uart.o
 .text.UART_EndTransmit_IT
                0x08011c2a       0x30 ./Drivers/STM32F4xx_HAL_Driver/Src/stm32f4xx_hal_uart.o
 .text.UART_Receive_IT
                0x08011c5a      0x17c ./Drivers/STM32F4xx_HAL_Driver/Src/stm32f4xx_hal_uart.o
 *fill*         0x08011dd6        0x2 
 .text.UART_SetConfig
                0x08011dd8      0x4e8 ./Drivers/STM32F4xx_HAL_Driver/Src/stm32f4xx_hal_uart.o
 .text.makeFreeRtosPriority
                0x080122c0       0x30 ./Middlewares/Third_Party/FreeRTOS/Source/CMSIS_RTOS/cmsis_os.o
 .text.inHandlerMode
                0x080122f0       0x24 ./Middlewares/Third_Party/FreeRTOS/Source/CMSIS_RTOS/cmsis_os.o
 .text.osKernelStart
                0x08012314        0xe ./Middlewares/Third_Party/FreeRTOS/Source/CMSIS_RTOS/cmsis_os.o
                0x08012314                osKernelStart
 .text.osThreadCreate
                0x08012322       0x98 ./Middlewares/Third_Party/FreeRTOS/Source/CMSIS_RTOS/cmsis_os.o
                0x08012322                osThreadCreate
 .text.osDelay  0x080123ba       0x28 ./Middlewares/Third_Party/FreeRTOS/Source/CMSIS_RTOS/cmsis_os.o
                0x080123ba                osDelay
 *fill*         0x080123e2        0x2 
 .text.osTimerCreate
                0x080123e4       0x68 ./Middlewares/Third_Party/FreeRTOS/Source/CMSIS_RTOS/cmsis_os.o
                0x080123e4                osTimerCreate
 .text.osTimerStart
                0x0801244c       0x88 ./Middlewares/Third_Party/FreeRTOS/Source/CMSIS_RTOS/cmsis_os.o
                0x0801244c                osTimerStart
 .text.osTimerStop
                0x080124d4       0x78 ./Middlewares/Third_Party/FreeRTOS/Source/CMSIS_RTOS/cmsis_os.o
                0x080124d4                osTimerStop
 .text.osSemaphoreCreate
                0x0801254c       0x64 ./Middlewares/Third_Party/FreeRTOS/Source/CMSIS_RTOS/cmsis_os.o
                0x0801254c                osSemaphoreCreate
 .text.vListInitialise
                0x080125b0       0x40 ./Middlewares/Third_Party/FreeRTOS/Source/list.o
                0x080125b0                vListInitialise
 .text.vListInitialiseItem
                0x080125f0       0x1a ./Middlewares/Third_Party/FreeRTOS/Source/list.o
                0x080125f0                vListInitialiseItem
 .text.vListInsertEnd
                0x0801260a       0x48 ./Middlewares/Third_Party/FreeRTOS/Source/list.o
                0x0801260a                vListInsertEnd
 .text.vListInsert
                0x08012652       0x72 ./Middlewares/Third_Party/FreeRTOS/Source/list.o
                0x08012652                vListInsert
 .text.uxListRemove
                0x080126c4       0x54 ./Middlewares/Third_Party/FreeRTOS/Source/list.o
                0x080126c4                uxListRemove
 .text.xQueueGenericReset
                0x08012718       0xd4 ./Middlewares/Third_Party/FreeRTOS/Source/queue.o
                0x08012718                xQueueGenericReset
 .text.xQueueGenericCreateStatic
                0x080127ec       0xfa ./Middlewares/Third_Party/FreeRTOS/Source/queue.o
                0x080127ec                xQueueGenericCreateStatic
 .text.xQueueGenericCreate
                0x080128e6       0x76 ./Middlewares/Third_Party/FreeRTOS/Source/queue.o
                0x080128e6                xQueueGenericCreate
 .text.prvInitialiseNewQueue
                0x0801295c       0x3e ./Middlewares/Third_Party/FreeRTOS/Source/queue.o
 *fill*         0x0801299a        0x2 
 .text.xQueueGenericSend
                0x0801299c      0x204 ./Middlewares/Third_Party/FreeRTOS/Source/queue.o
                0x0801299c                xQueueGenericSend
 .text.xQueueGenericSendFromISR
                0x08012ba0      0x13c ./Middlewares/Third_Party/FreeRTOS/Source/queue.o
                0x08012ba0                xQueueGenericSendFromISR
 .text.xQueueReceive
                0x08012cdc      0x1c4 ./Middlewares/Third_Party/FreeRTOS/Source/queue.o
                0x08012cdc                xQueueReceive
 .text.prvCopyDataToQueue
                0x08012ea0       0xd4 ./Middlewares/Third_Party/FreeRTOS/Source/queue.o
 .text.prvCopyDataFromQueue
                0x08012f74       0x4c ./Middlewares/Third_Party/FreeRTOS/Source/queue.o
 .text.prvUnlockQueue
                0x08012fc0       0xa4 ./Middlewares/Third_Party/FreeRTOS/Source/queue.o
 .text.prvIsQueueEmpty
                0x08013064       0x2c ./Middlewares/Third_Party/FreeRTOS/Source/queue.o
 .text.prvIsQueueFull
                0x08013090       0x30 ./Middlewares/Third_Party/FreeRTOS/Source/queue.o
 .text.vQueueAddToRegistry
                0x080130c0       0x54 ./Middlewares/Third_Party/FreeRTOS/Source/queue.o
                0x080130c0                vQueueAddToRegistry
 .text.vQueueWaitForMessageRestricted
                0x08013114       0x68 ./Middlewares/Third_Party/FreeRTOS/Source/queue.o
                0x08013114                vQueueWaitForMessageRestricted
 .text.xTaskCreateStatic
                0x0801317c       0xc0 ./Middlewares/Third_Party/FreeRTOS/Source/tasks.o
                0x0801317c                xTaskCreateStatic
 .text.xTaskCreate
                0x0801323c       0x8a ./Middlewares/Third_Party/FreeRTOS/Source/tasks.o
                0x0801323c                xTaskCreate
 *fill*         0x080132c6        0x2 
 .text.prvInitialiseNewTask
                0x080132c8      0x140 ./Middlewares/Third_Party/FreeRTOS/Source/tasks.o
 .text.prvAddNewTaskToReadyList
                0x08013408       0xd4 ./Middlewares/Third_Party/FreeRTOS/Source/tasks.o
 .text.vTaskDelay
                0x080134dc       0x6c ./Middlewares/Third_Party/FreeRTOS/Source/tasks.o
                0x080134dc                vTaskDelay
 .text.vTaskSuspend
                0x08013548      0x128 ./Middlewares/Third_Party/FreeRTOS/Source/tasks.o
                0x08013548                vTaskSuspend
 .text.prvTaskIsTaskSuspended
                0x08013670       0x64 ./Middlewares/Third_Party/FreeRTOS/Source/tasks.o
 .text.vTaskResume
                0x080136d4       0xbc ./Middlewares/Third_Party/FreeRTOS/Source/tasks.o
                0x080136d4                vTaskResume
 .text.vTaskStartScheduler
                0x08013790       0xe0 ./Middlewares/Third_Party/FreeRTOS/Source/tasks.o
                0x08013790                vTaskStartScheduler
 .text.vTaskSuspendAll
                0x08013870       0x1c ./Middlewares/Third_Party/FreeRTOS/Source/tasks.o
                0x08013870                vTaskSuspendAll
 .text.xTaskResumeAll
                0x0801388c      0x13c ./Middlewares/Third_Party/FreeRTOS/Source/tasks.o
                0x0801388c                xTaskResumeAll
 .text.xTaskGetTickCount
                0x080139c8       0x20 ./Middlewares/Third_Party/FreeRTOS/Source/tasks.o
                0x080139c8                xTaskGetTickCount
 .text.xTaskIncrementTick
                0x080139e8      0x174 ./Middlewares/Third_Party/FreeRTOS/Source/tasks.o
                0x080139e8                xTaskIncrementTick
 .text.vTaskSwitchContext
                0x08013b5c       0xc8 ./Middlewares/Third_Party/FreeRTOS/Source/tasks.o
                0x08013b5c                vTaskSwitchContext
 .text.vTaskPlaceOnEventList
                0x08013c24       0x4c ./Middlewares/Third_Party/FreeRTOS/Source/tasks.o
                0x08013c24                vTaskPlaceOnEventList
 .text.vTaskPlaceOnEventListRestricted
                0x08013c70       0x58 ./Middlewares/Third_Party/FreeRTOS/Source/tasks.o
                0x08013c70                vTaskPlaceOnEventListRestricted
 .text.xTaskRemoveFromEventList
                0x08013cc8       0xc8 ./Middlewares/Third_Party/FreeRTOS/Source/tasks.o
                0x08013cc8                xTaskRemoveFromEventList
 .text.vTaskInternalSetTimeOutState
                0x08013d90       0x2c ./Middlewares/Third_Party/FreeRTOS/Source/tasks.o
                0x08013d90                vTaskInternalSetTimeOutState
 .text.xTaskCheckForTimeOut
                0x08013dbc       0xc8 ./Middlewares/Third_Party/FreeRTOS/Source/tasks.o
                0x08013dbc                xTaskCheckForTimeOut
 .text.vTaskMissedYield
                0x08013e84       0x18 ./Middlewares/Third_Party/FreeRTOS/Source/tasks.o
                0x08013e84                vTaskMissedYield
 .text.prvIdleTask
                0x08013e9c       0x30 ./Middlewares/Third_Party/FreeRTOS/Source/tasks.o
 .text.prvInitialiseTaskLists
                0x08013ecc       0x80 ./Middlewares/Third_Party/FreeRTOS/Source/tasks.o
 .text.prvCheckTasksWaitingTermination
                0x08013f4c       0x5c ./Middlewares/Third_Party/FreeRTOS/Source/tasks.o
 .text.prvDeleteTCB
                0x08013fa8       0x6a ./Middlewares/Third_Party/FreeRTOS/Source/tasks.o
 *fill*         0x08014012        0x2 
 .text.prvResetNextTaskUnblockTime
                0x08014014       0x40 ./Middlewares/Third_Party/FreeRTOS/Source/tasks.o
 .text.xTaskGetSchedulerState
                0x08014054       0x3c ./Middlewares/Third_Party/FreeRTOS/Source/tasks.o
                0x08014054                xTaskGetSchedulerState
 .text.xTaskPriorityDisinherit
                0x08014090      0x110 ./Middlewares/Third_Party/FreeRTOS/Source/tasks.o
                0x08014090                xTaskPriorityDisinherit
 .text.prvAddCurrentTaskToDelayedList
                0x080141a0       0xcc ./Middlewares/Third_Party/FreeRTOS/Source/tasks.o
 .text.xTimerCreateTimerTask
                0x0801426c       0x94 ./Middlewares/Third_Party/FreeRTOS/Source/timers.o
                0x0801426c                xTimerCreateTimerTask
 .text.xTimerCreate
                0x08014300       0x42 ./Middlewares/Third_Party/FreeRTOS/Source/timers.o
                0x08014300                xTimerCreate
 .text.xTimerCreateStatic
                0x08014342       0x80 ./Middlewares/Third_Party/FreeRTOS/Source/timers.o
                0x08014342                xTimerCreateStatic
 .text.prvInitialiseNewTimer
                0x080143c2       0x78 ./Middlewares/Third_Party/FreeRTOS/Source/timers.o
 *fill*         0x0801443a        0x2 
 .text.xTimerGenericCommand
                0x0801443c       0x9c ./Middlewares/Third_Party/FreeRTOS/Source/timers.o
                0x0801443c                xTimerGenericCommand
 .text.prvProcessExpiredTimer
                0x080144d8       0x9c ./Middlewares/Third_Party/FreeRTOS/Source/timers.o
 .text.prvTimerTask
                0x08014574       0x26 ./Middlewares/Third_Party/FreeRTOS/Source/timers.o
 *fill*         0x0801459a        0x2 
 .text.prvProcessTimerOrBlockTask
                0x0801459c       0x9c ./Middlewares/Third_Party/FreeRTOS/Source/timers.o
 .text.prvGetNextExpireTime
                0x08014638       0x48 ./Middlewares/Third_Party/FreeRTOS/Source/timers.o
 .text.prvSampleTimeNow
                0x08014680       0x40 ./Middlewares/Third_Party/FreeRTOS/Source/timers.o
 .text.prvInsertTimerInActiveList
                0x080146c0       0x84 ./Middlewares/Third_Party/FreeRTOS/Source/timers.o
 .text.prvProcessReceivedCommands
                0x08014744      0x194 ./Middlewares/Third_Party/FreeRTOS/Source/timers.o
 .text.prvSwitchTimerLists
                0x080148d8       0xcc ./Middlewares/Third_Party/FreeRTOS/Source/timers.o
 .text.prvCheckForValidListAndQueue
                0x080149a4       0x80 ./Middlewares/Third_Party/FreeRTOS/Source/timers.o
 .text.pxPortInitialiseStack
                0x08014a24       0x68 ./Middlewares/Third_Party/FreeRTOS/Source/portable/GCC/ARM_CM4F/port.o
                0x08014a24                pxPortInitialiseStack
 .text.prvTaskExitError
                0x08014a8c       0x5c ./Middlewares/Third_Party/FreeRTOS/Source/portable/GCC/ARM_CM4F/port.o
 *fill*         0x08014ae8        0x8 
 .text.SVC_Handler
                0x08014af0       0x28 ./Middlewares/Third_Party/FreeRTOS/Source/portable/GCC/ARM_CM4F/port.o
                0x08014af0                SVC_Handler
 .text.prvPortStartFirstTask
                0x08014b18       0x28 ./Middlewares/Third_Party/FreeRTOS/Source/portable/GCC/ARM_CM4F/port.o
 .text.xPortStartScheduler
                0x08014b40      0x148 ./Middlewares/Third_Party/FreeRTOS/Source/portable/GCC/ARM_CM4F/port.o
                0x08014b40                xPortStartScheduler
 .text.vPortEnterCritical
                0x08014c88       0x64 ./Middlewares/Third_Party/FreeRTOS/Source/portable/GCC/ARM_CM4F/port.o
                0x08014c88                vPortEnterCritical
 .text.vPortExitCritical
                0x08014cec       0x54 ./Middlewares/Third_Party/FreeRTOS/Source/portable/GCC/ARM_CM4F/port.o
                0x08014cec                vPortExitCritical
 .text.PendSV_Handler
                0x08014d40       0x68 ./Middlewares/Third_Party/FreeRTOS/Source/portable/GCC/ARM_CM4F/port.o
                0x08014d40                PendSV_Handler
 .text.SysTick_Handler
                0x08014da8       0x44 ./Middlewares/Third_Party/FreeRTOS/Source/portable/GCC/ARM_CM4F/port.o
                0x08014da8                SysTick_Handler
 .text.vPortSetupTimerInterrupt
                0x08014dec       0x48 ./Middlewares/Third_Party/FreeRTOS/Source/portable/GCC/ARM_CM4F/port.o
                0x08014dec                vPortSetupTimerInterrupt
 .text.vPortEnableVFP
                0x08014e34       0x14 ./Middlewares/Third_Party/FreeRTOS/Source/portable/GCC/ARM_CM4F/port.o
 .text.vPortValidateInterruptPriority
                0x08014e48       0x84 ./Middlewares/Third_Party/FreeRTOS/Source/portable/GCC/ARM_CM4F/port.o
                0x08014e48                vPortValidateInterruptPriority
 .text.pvPortMalloc
                0x08014ecc      0x19c ./Middlewares/Third_Party/FreeRTOS/Source/portable/MemMang/heap_4.o
                0x08014ecc                pvPortMalloc
 .text.vPortFree
                0x08015068       0xc8 ./Middlewares/Third_Party/FreeRTOS/Source/portable/MemMang/heap_4.o
                0x08015068                vPortFree
 .text.prvHeapInit
                0x08015130       0xc4 ./Middlewares/Third_Party/FreeRTOS/Source/portable/MemMang/heap_4.o
 .text.prvInsertBlockIntoFreeList
                0x080151f4       0xb4 ./Middlewares/Third_Party/FreeRTOS/Source/portable/MemMang/heap_4.o
 .text.malloc   0x080152a8       0x10 C:/ST/STM32CubeIDE_1.15.1/STM32CubeIDE/plugins/com.st.stm32cube.ide.mcu.externaltools.gnu-tools-for-stm32.13.3.rel1.win32_1.0.0.202411081344/tools/bin/../lib/gcc/arm-none-eabi/13.3.1/../../../../arm-none-eabi/lib/thumb/v7e-m+fp/hard\libc_nano.a(libc_a-malloc.o)
                0x080152a8                malloc
 .text.free     0x080152b8       0x10 C:/ST/STM32CubeIDE_1.15.1/STM32CubeIDE/plugins/com.st.stm32cube.ide.mcu.externaltools.gnu-tools-for-stm32.13.3.rel1.win32_1.0.0.202411081344/tools/bin/../lib/gcc/arm-none-eabi/13.3.1/../../../../arm-none-eabi/lib/thumb/v7e-m+fp/hard\libc_nano.a(libc_a-malloc.o)
                0x080152b8                free
 .text.sbrk_aligned
                0x080152c8       0x44 C:/ST/STM32CubeIDE_1.15.1/STM32CubeIDE/plugins/com.st.stm32cube.ide.mcu.externaltools.gnu-tools-for-stm32.13.3.rel1.win32_1.0.0.202411081344/tools/bin/../lib/gcc/arm-none-eabi/13.3.1/../../../../arm-none-eabi/lib/thumb/v7e-m+fp/hard\libc_nano.a(libc_a-mallocr.o)
 .text._malloc_r
                0x0801530c      0x100 C:/ST/STM32CubeIDE_1.15.1/STM32CubeIDE/plugins/com.st.stm32cube.ide.mcu.externaltools.gnu-tools-for-stm32.13.3.rel1.win32_1.0.0.202411081344/tools/bin/../lib/gcc/arm-none-eabi/13.3.1/../../../../arm-none-eabi/lib/thumb/v7e-m+fp/hard\libc_nano.a(libc_a-mallocr.o)
                0x0801530c                _malloc_r
 .text.__malloc_lock
                0x0801540c        0xc C:/ST/STM32CubeIDE_1.15.1/STM32CubeIDE/plugins/com.st.stm32cube.ide.mcu.externaltools.gnu-tools-for-stm32.13.3.rel1.win32_1.0.0.202411081344/tools/bin/../lib/gcc/arm-none-eabi/13.3.1/../../../../arm-none-eabi/lib/thumb/v7e-m+fp/hard\libc_nano.a(libc_a-mlock.o)
                0x0801540c                __malloc_lock
 .text.__malloc_unlock
                0x08015418        0xc C:/ST/STM32CubeIDE_1.15.1/STM32CubeIDE/plugins/com.st.stm32cube.ide.mcu.externaltools.gnu-tools-for-stm32.13.3.rel1.win32_1.0.0.202411081344/tools/bin/../lib/gcc/arm-none-eabi/13.3.1/../../../../arm-none-eabi/lib/thumb/v7e-m+fp/hard\libc_nano.a(libc_a-mlock.o)
                0x08015418                __malloc_unlock
 .text._strtol_l.isra.0
                0x08015424       0xf4 C:/ST/STM32CubeIDE_1.15.1/STM32CubeIDE/plugins/com.st.stm32cube.ide.mcu.externaltools.gnu-tools-for-stm32.13.3.rel1.win32_1.0.0.202411081344/tools/bin/../lib/gcc/arm-none-eabi/13.3.1/../../../../arm-none-eabi/lib/thumb/v7e-m+fp/hard\libc_nano.a(libc_a-strtol.o)
 .text.strtol   0x08015518       0x14 C:/ST/STM32CubeIDE_1.15.1/STM32CubeIDE/plugins/com.st.stm32cube.ide.mcu.externaltools.gnu-tools-for-stm32.13.3.rel1.win32_1.0.0.202411081344/tools/bin/../lib/gcc/arm-none-eabi/13.3.1/../../../../arm-none-eabi/lib/thumb/v7e-m+fp/hard\libc_nano.a(libc_a-strtol.o)
                0x08015518                strtol
 .text.sprintf  0x0801552c       0x44 C:/ST/STM32CubeIDE_1.15.1/STM32CubeIDE/plugins/com.st.stm32cube.ide.mcu.externaltools.gnu-tools-for-stm32.13.3.rel1.win32_1.0.0.202411081344/tools/bin/../lib/gcc/arm-none-eabi/13.3.1/../../../../arm-none-eabi/lib/thumb/v7e-m+fp/hard\libc_nano.a(libc_a-sprintf.o)
                0x0801552c                siprintf
                0x0801552c                sprintf
 .text.memset   0x08015570       0x10 C:/ST/STM32CubeIDE_1.15.1/STM32CubeIDE/plugins/com.st.stm32cube.ide.mcu.externaltools.gnu-tools-for-stm32.13.3.rel1.win32_1.0.0.202411081344/tools/bin/../lib/gcc/arm-none-eabi/13.3.1/../../../../arm-none-eabi/lib/thumb/v7e-m+fp/hard\libc_nano.a(libc_a-memset.o)
                0x08015570                memset
 .text._reclaim_reent
                0x08015580       0xbc C:/ST/STM32CubeIDE_1.15.1/STM32CubeIDE/plugins/com.st.stm32cube.ide.mcu.externaltools.gnu-tools-for-stm32.13.3.rel1.win32_1.0.0.202411081344/tools/bin/../lib/gcc/arm-none-eabi/13.3.1/../../../../arm-none-eabi/lib/thumb/v7e-m+fp/hard\libc_nano.a(libc_a-reent.o)
                0x08015580                _reclaim_reent
 .text._sbrk_r  0x0801563c       0x20 C:/ST/STM32CubeIDE_1.15.1/STM32CubeIDE/plugins/com.st.stm32cube.ide.mcu.externaltools.gnu-tools-for-stm32.13.3.rel1.win32_1.0.0.202411081344/tools/bin/../lib/gcc/arm-none-eabi/13.3.1/../../../../arm-none-eabi/lib/thumb/v7e-m+fp/hard\libc_nano.a(libc_a-sbrkr.o)
                0x0801563c                _sbrk_r
 .text.__errno  0x0801565c        0xc C:/ST/STM32CubeIDE_1.15.1/STM32CubeIDE/plugins/com.st.stm32cube.ide.mcu.externaltools.gnu-tools-for-stm32.13.3.rel1.win32_1.0.0.202411081344/tools/bin/../lib/gcc/arm-none-eabi/13.3.1/../../../../arm-none-eabi/lib/thumb/v7e-m+fp/hard\libc_nano.a(libc_a-errno.o)
                0x0801565c                __errno
 .text.__libc_init_array
                0x08015668       0x48 C:/ST/STM32CubeIDE_1.15.1/STM32CubeIDE/plugins/com.st.stm32cube.ide.mcu.externaltools.gnu-tools-for-stm32.13.3.rel1.win32_1.0.0.202411081344/tools/bin/../lib/gcc/arm-none-eabi/13.3.1/../../../../arm-none-eabi/lib/thumb/v7e-m+fp/hard\libc_nano.a(libc_a-init.o)
                0x08015668                __libc_init_array
 .text.__retarget_lock_acquire_recursive
                0x080156b0        0x2 C:/ST/STM32CubeIDE_1.15.1/STM32CubeIDE/plugins/com.st.stm32cube.ide.mcu.externaltools.gnu-tools-for-stm32.13.3.rel1.win32_1.0.0.202411081344/tools/bin/../lib/gcc/arm-none-eabi/13.3.1/../../../../arm-none-eabi/lib/thumb/v7e-m+fp/hard\libc_nano.a(libc_a-lock.o)
                0x080156b0                __retarget_lock_acquire_recursive
 .text.__retarget_lock_release_recursive
                0x080156b2        0x2 C:/ST/STM32CubeIDE_1.15.1/STM32CubeIDE/plugins/com.st.stm32cube.ide.mcu.externaltools.gnu-tools-for-stm32.13.3.rel1.win32_1.0.0.202411081344/tools/bin/../lib/gcc/arm-none-eabi/13.3.1/../../../../arm-none-eabi/lib/thumb/v7e-m+fp/hard\libc_nano.a(libc_a-lock.o)
                0x080156b2                __retarget_lock_release_recursive
 .text.memcpy   0x080156b4       0x1c C:/ST/STM32CubeIDE_1.15.1/STM32CubeIDE/plugins/com.st.stm32cube.ide.mcu.externaltools.gnu-tools-for-stm32.13.3.rel1.win32_1.0.0.202411081344/tools/bin/../lib/gcc/arm-none-eabi/13.3.1/../../../../arm-none-eabi/lib/thumb/v7e-m+fp/hard\libc_nano.a(libc_a-memcpy-stub.o)
                0x080156b4                memcpy
 .text._free_r  0x080156d0       0x94 C:/ST/STM32CubeIDE_1.15.1/STM32CubeIDE/plugins/com.st.stm32cube.ide.mcu.externaltools.gnu-tools-for-stm32.13.3.rel1.win32_1.0.0.202411081344/tools/bin/../lib/gcc/arm-none-eabi/13.3.1/../../../../arm-none-eabi/lib/thumb/v7e-m+fp/hard\libc_nano.a(libc_a-freer.o)
                0x080156d0                _free_r
 .text.__ssputs_r
                0x08015764       0xb6 C:/ST/STM32CubeIDE_1.15.1/STM32CubeIDE/plugins/com.st.stm32cube.ide.mcu.externaltools.gnu-tools-for-stm32.13.3.rel1.win32_1.0.0.202411081344/tools/bin/../lib/gcc/arm-none-eabi/13.3.1/../../../../arm-none-eabi/lib/thumb/v7e-m+fp/hard\libc_nano.a(libc_a-nano-svfprintf.o)
                0x08015764                __ssputs_r
 *fill*         0x0801581a        0x2 
 .text._svfprintf_r
                0x0801581c      0x1f8 C:/ST/STM32CubeIDE_1.15.1/STM32CubeIDE/plugins/com.st.stm32cube.ide.mcu.externaltools.gnu-tools-for-stm32.13.3.rel1.win32_1.0.0.202411081344/tools/bin/../lib/gcc/arm-none-eabi/13.3.1/../../../../arm-none-eabi/lib/thumb/v7e-m+fp/hard\libc_nano.a(libc_a-nano-svfprintf.o)
                0x0801581c                _svfiprintf_r
                0x0801581c                _svfprintf_r
 .text._printf_common
                0x08015a14       0xda C:/ST/STM32CubeIDE_1.15.1/STM32CubeIDE/plugins/com.st.stm32cube.ide.mcu.externaltools.gnu-tools-for-stm32.13.3.rel1.win32_1.0.0.202411081344/tools/bin/../lib/gcc/arm-none-eabi/13.3.1/../../../../arm-none-eabi/lib/thumb/v7e-m+fp/hard\libc_nano.a(libc_a-nano-vfprintf_i.o)
                0x08015a14                _printf_common
 *fill*         0x08015aee        0x2 
 .text._printf_i
                0x08015af0      0x23c C:/ST/STM32CubeIDE_1.15.1/STM32CubeIDE/plugins/com.st.stm32cube.ide.mcu.externaltools.gnu-tools-for-stm32.13.3.rel1.win32_1.0.0.202411081344/tools/bin/../lib/gcc/arm-none-eabi/13.3.1/../../../../arm-none-eabi/lib/thumb/v7e-m+fp/hard\libc_nano.a(libc_a-nano-vfprintf_i.o)
                0x08015af0                _printf_i
 .text.memmove  0x08015d2c       0x34 C:/ST/STM32CubeIDE_1.15.1/STM32CubeIDE/plugins/com.st.stm32cube.ide.mcu.externaltools.gnu-tools-for-stm32.13.3.rel1.win32_1.0.0.202411081344/tools/bin/../lib/gcc/arm-none-eabi/13.3.1/../../../../arm-none-eabi/lib/thumb/v7e-m+fp/hard\libc_nano.a(libc_a-memmove.o)
                0x08015d2c                memmove
 .text._realloc_r
                0x08015d60       0x5c C:/ST/STM32CubeIDE_1.15.1/STM32CubeIDE/plugins/com.st.stm32cube.ide.mcu.externaltools.gnu-tools-for-stm32.13.3.rel1.win32_1.0.0.202411081344/tools/bin/../lib/gcc/arm-none-eabi/13.3.1/../../../../arm-none-eabi/lib/thumb/v7e-m+fp/hard\libc_nano.a(libc_a-reallocr.o)
                0x08015d60                _realloc_r
 .text._malloc_usable_size_r
                0x08015dbc       0x10 C:/ST/STM32CubeIDE_1.15.1/STM32CubeIDE/plugins/com.st.stm32cube.ide.mcu.externaltools.gnu-tools-for-stm32.13.3.rel1.win32_1.0.0.202411081344/tools/bin/../lib/gcc/arm-none-eabi/13.3.1/../../../../arm-none-eabi/lib/thumb/v7e-m+fp/hard\libc_nano.a(libc_a-msizer.o)
                0x08015dbc                _malloc_usable_size_r
 .text.sqrt     0x08015dcc       0x58 C:/ST/STM32CubeIDE_1.15.1/STM32CubeIDE/plugins/com.st.stm32cube.ide.mcu.externaltools.gnu-tools-for-stm32.13.3.rel1.win32_1.0.0.202411081344/tools/bin/../lib/gcc/arm-none-eabi/13.3.1/../../../../arm-none-eabi/lib/thumb/v7e-m+fp/hard\libm.a(libm_a-w_sqrt.o)
                0x08015dcc                sqrt
 .text.__ieee754_sqrt
                0x08015e24      0x1ac C:/ST/STM32CubeIDE_1.15.1/STM32CubeIDE/plugins/com.st.stm32cube.ide.mcu.externaltools.gnu-tools-for-stm32.13.3.rel1.win32_1.0.0.202411081344/tools/bin/../lib/gcc/arm-none-eabi/13.3.1/../../../../arm-none-eabi/lib/thumb/v7e-m+fp/hard\libm.a(libm_a-e_sqrt.o)
                0x08015e24                __ieee754_sqrt
 *(.glue_7)
 .glue_7        0x08015fd0        0x0 linker stubs
 *(.glue_7t)
 .glue_7t       0x08015fd0        0x0 linker stubs
 *(.eh_frame)
 .eh_frame      0x08015fd0        0x0 C:/ST/STM32CubeIDE_1.15.1/STM32CubeIDE/plugins/com.st.stm32cube.ide.mcu.externaltools.gnu-tools-for-stm32.13.3.rel1.win32_1.0.0.202411081344/tools/bin/../lib/gcc/arm-none-eabi/13.3.1/thumb/v7e-m+fp/hard/crtbegin.o
 *(.init)
 .init          0x08015fd0        0x4 C:/ST/STM32CubeIDE_1.15.1/STM32CubeIDE/plugins/com.st.stm32cube.ide.mcu.externaltools.gnu-tools-for-stm32.13.3.rel1.win32_1.0.0.202411081344/tools/bin/../lib/gcc/arm-none-eabi/13.3.1/thumb/v7e-m+fp/hard/crti.o
                0x08015fd0                _init
 .init          0x08015fd4        0x8 C:/ST/STM32CubeIDE_1.15.1/STM32CubeIDE/plugins/com.st.stm32cube.ide.mcu.externaltools.gnu-tools-for-stm32.13.3.rel1.win32_1.0.0.202411081344/tools/bin/../lib/gcc/arm-none-eabi/13.3.1/thumb/v7e-m+fp/hard/crtn.o
 *(.fini)
 .fini          0x08015fdc        0x4 C:/ST/STM32CubeIDE_1.15.1/STM32CubeIDE/plugins/com.st.stm32cube.ide.mcu.externaltools.gnu-tools-for-stm32.13.3.rel1.win32_1.0.0.202411081344/tools/bin/../lib/gcc/arm-none-eabi/13.3.1/thumb/v7e-m+fp/hard/crti.o
                0x08015fdc                _fini
 .fini          0x08015fe0        0x8 C:/ST/STM32CubeIDE_1.15.1/STM32CubeIDE/plugins/com.st.stm32cube.ide.mcu.externaltools.gnu-tools-for-stm32.13.3.rel1.win32_1.0.0.202411081344/tools/bin/../lib/gcc/arm-none-eabi/13.3.1/thumb/v7e-m+fp/hard/crtn.o
                0x08015fe8                        . = ALIGN (0x4)
                0x08015fe8                        _etext = .

.vfp11_veneer   0x08015fe8        0x0
 .vfp11_veneer  0x08015fe8        0x0 linker stubs

.v4_bx          0x08015fe8        0x0
 .v4_bx         0x08015fe8        0x0 linker stubs

.iplt           0x08015fe8        0x0
 .iplt          0x08015fe8        0x0 C:/ST/STM32CubeIDE_1.15.1/STM32CubeIDE/plugins/com.st.stm32cube.ide.mcu.externaltools.gnu-tools-for-stm32.13.3.rel1.win32_1.0.0.202411081344/tools/bin/../lib/gcc/arm-none-eabi/13.3.1/thumb/v7e-m+fp/hard/crtbegin.o

.rodata         0x08015fe8      0x358
                0x08015fe8                        . = ALIGN (0x4)
 *(.rodata)
 .rodata        0x08015fe8      0x1d8 ./Core/Src/main.o
 .rodata        0x080161c0        0x1 ./Middlewares/Third_Party/FreeRTOS/Source/CMSIS_RTOS/cmsis_os.o
 *fill*         0x080161c1        0x3 
 .rodata        0x080161c4        0x5 ./Middlewares/Third_Party/FreeRTOS/Source/tasks.o
 *fill*         0x080161c9        0x3 
 .rodata        0x080161cc        0xd ./Middlewares/Third_Party/FreeRTOS/Source/timers.o
 *(.rodata*)
 *fill*         0x080161d9        0x3 
 .rodata.AHBPrescTable
                0x080161dc       0x10 ./Core/Src/system_stm32f4xx.o
                0x080161dc                AHBPrescTable
 .rodata.APBPrescTable
                0x080161ec        0x8 ./Core/Src/system_stm32f4xx.o
                0x080161ec                APBPrescTable
 .rodata.flagBitshiftOffset.0
                0x080161f4        0x8 ./Drivers/STM32F4xx_HAL_Driver/Src/stm32f4xx_hal_dma.o
 .rodata._ctype_
                0x080161fc      0x101 C:/ST/STM32CubeIDE_1.15.1/STM32CubeIDE/plugins/com.st.stm32cube.ide.mcu.externaltools.gnu-tools-for-stm32.13.3.rel1.win32_1.0.0.202411081344/tools/bin/../lib/gcc/arm-none-eabi/13.3.1/../../../../arm-none-eabi/lib/thumb/v7e-m+fp/hard\libc_nano.a(libc_a-ctype_.o)
                0x080161fc                _ctype_
 .rodata._svfprintf_r.str1.1
                0x080162fd       0x33 C:/ST/STM32CubeIDE_1.15.1/STM32CubeIDE/plugins/com.st.stm32cube.ide.mcu.externaltools.gnu-tools-for-stm32.13.3.rel1.win32_1.0.0.202411081344/tools/bin/../lib/gcc/arm-none-eabi/13.3.1/../../../../arm-none-eabi/lib/thumb/v7e-m+fp/hard\libc_nano.a(libc_a-nano-svfprintf.o)
                                 0x11 (size before relaxing)
 .rodata._printf_i.str1.1
                0x08016330       0x22 C:/ST/STM32CubeIDE_1.15.1/STM32CubeIDE/plugins/com.st.stm32cube.ide.mcu.externaltools.gnu-tools-for-stm32.13.3.rel1.win32_1.0.0.202411081344/tools/bin/../lib/gcc/arm-none-eabi/13.3.1/../../../../arm-none-eabi/lib/thumb/v7e-m+fp/hard\libc_nano.a(libc_a-nano-vfprintf_i.o)
 .rodata.tiny   0x08016330        0x8 C:/ST/STM32CubeIDE_1.15.1/STM32CubeIDE/plugins/com.st.stm32cube.ide.mcu.externaltools.gnu-tools-for-stm32.13.3.rel1.win32_1.0.0.202411081344/tools/bin/../lib/gcc/arm-none-eabi/13.3.1/../../../../arm-none-eabi/lib/thumb/v7e-m+fp/hard\libm.a(libm_a-e_sqrt.o)
 .rodata.one    0x08016338        0x8 C:/ST/STM32CubeIDE_1.15.1/STM32CubeIDE/plugins/com.st.stm32cube.ide.mcu.externaltools.gnu-tools-for-stm32.13.3.rel1.win32_1.0.0.202411081344/tools/bin/../lib/gcc/arm-none-eabi/13.3.1/../../../../arm-none-eabi/lib/thumb/v7e-m+fp/hard\libm.a(libm_a-e_sqrt.o)
                0x08016354                        . = ALIGN (0x4)

.ARM.extab      0x08016340        0x0
                0x08016340                        . = ALIGN (0x4)
 *(.ARM.extab* .gnu.linkonce.armextab.*)
                0x08016340                        . = ALIGN (0x4)

.ARM            0x08016340        0x8
                0x08016340                        . = ALIGN (0x4)
                0x08016340                        __exidx_start = .
 *(.ARM.exidx*)
 .ARM.exidx     0x08016340        0x8 C:/ST/STM32CubeIDE_1.15.1/STM32CubeIDE/plugins/com.st.stm32cube.ide.mcu.externaltools.gnu-tools-for-stm32.13.3.rel1.win32_1.0.0.202411081344/tools/bin/../lib/gcc/arm-none-eabi/13.3.1/../../../../arm-none-eabi/lib/thumb/v7e-m+fp/hard\libc_nano.a(libc_a-memchr.o)
 .ARM.exidx     0x08016348        0x0 C:/ST/STM32CubeIDE_1.15.1/STM32CubeIDE/plugins/com.st.stm32cube.ide.mcu.externaltools.gnu-tools-for-stm32.13.3.rel1.win32_1.0.0.202411081344/tools/bin/../lib/gcc/arm-none-eabi/13.3.1/thumb/v7e-m+fp/hard\libgcc.a(_udivmoddi4.o)
                                  0x8 (size before relaxing)
                0x08016348                        __exidx_end = .
                0x08016348                        . = ALIGN (0x4)

.preinit_array  0x08016348        0x0
                0x08016348                        . = ALIGN (0x4)
                0x08016348                        PROVIDE (__preinit_array_start = .)
 *(.preinit_array*)
                0x08016348                        PROVIDE (__preinit_array_end = .)
                0x08016348                        . = ALIGN (0x4)

.init_array     0x08016348        0x4
                0x08016348                        . = ALIGN (0x4)
                0x08016348                        PROVIDE (__init_array_start = .)
 *(SORT_BY_NAME(.init_array.*))
 *(.init_array*)
 .init_array    0x08016348        0x4 C:/ST/STM32CubeIDE_1.15.1/STM32CubeIDE/plugins/com.st.stm32cube.ide.mcu.externaltools.gnu-tools-for-stm32.13.3.rel1.win32_1.0.0.202411081344/tools/bin/../lib/gcc/arm-none-eabi/13.3.1/thumb/v7e-m+fp/hard/crtbegin.o
                0x0801634c                        PROVIDE (__init_array_end = .)
                0x0801634c                        . = ALIGN (0x4)

.fini_array     0x0801634c        0x4
                0x0801634c                        . = ALIGN (0x4)
                [!provide]                        PROVIDE (__fini_array_start = .)
 *(SORT_BY_NAME(.fini_array.*))
 *(.fini_array*)
 .fini_array    0x0801634c        0x4 C:/ST/STM32CubeIDE_1.15.1/STM32CubeIDE/plugins/com.st.stm32cube.ide.mcu.externaltools.gnu-tools-for-stm32.13.3.rel1.win32_1.0.0.202411081344/tools/bin/../lib/gcc/arm-none-eabi/13.3.1/thumb/v7e-m+fp/hard/crtbegin.o
                [!provide]                        PROVIDE (__fini_array_end = .)
                0x08016350                        . = ALIGN (0x4)
                0x08016350                        _sidata = LOADADDR (.data)

.rel.dyn        0x08016350        0x0
 .rel.iplt      0x08016350        0x0 C:/ST/STM32CubeIDE_1.15.1/STM32CubeIDE/plugins/com.st.stm32cube.ide.mcu.externaltools.gnu-tools-for-stm32.13.3.rel1.win32_1.0.0.202411081344/tools/bin/../lib/gcc/arm-none-eabi/13.3.1/thumb/v7e-m+fp/hard/crtbegin.o

.data           0x20000000      0x1c4 load address 0x08016350
                0x20000000                        . = ALIGN (0x4)
                0x20000000                        _sdata = .
 *(.data)
 *(.data*)
 .data.y_coor   0x20000000        0x4 ./Core/Src/main.o
                0x20000000                y_coor
 .data.x_coor   0x20000004        0x4 ./Core/Src/main.o
                0x20000004                x_coor
 .data.vt_coor  0x20000008        0x4 ./Core/Src/main.o
                0x20000008                vt_coor
 .data.fl_coor  0x2000000c        0x4 ./Core/Src/main.o
                0x2000000c                fl_coor
 .data.offset   0x20000010        0x4 ./Core/Src/main.o
                0x20000010                offset
 .data.scal_fact
                0x20000014        0x4 ./Core/Src/main.o
                0x20000014                scal_fact
 .data.Fdata    0x20000018        0x4 ./Core/Src/main.o
                0x20000018                Fdata
 *fill*         0x2000001c        0x4 
 .data.Temp     0x20000020        0x8 ./Core/Src/main.o
                0x20000020                Temp
 .data.hI       0x20000028        0x4 ./Core/Src/main.o
                0x20000028                hI
 .data.insP_value
                0x2000002c        0x4 ./Core/Src/main.o
                0x2000002c                insP_value
 .data.exp_value
                0x20000030        0x4 ./Core/Src/main.o
                0x20000030                exp_value
 .data.vt_value
                0x20000034        0x2 ./Core/Src/main.o
                0x20000034                vt_value
 .data.PLR_value
                0x20000036        0x1 ./Core/Src/main.o
                0x20000036                PLR_value
 .data.RR_value
                0x20000037        0x1 ./Core/Src/main.o
                0x20000037                RR_value
 .data.PIP_value
                0x20000038        0x1 ./Core/Src/main.o
                0x20000038                PIP_value
 *fill*         0x20000039        0x3 
 .data.temp_insP_value
                0x2000003c        0x4 ./Core/Src/main.o
                0x2000003c                temp_insP_value
 .data.temp_exp_value
                0x20000040        0x4 ./Core/Src/main.o
                0x20000040                temp_exp_value
 .data.vt_temp_value
                0x20000044        0x2 ./Core/Src/main.o
                0x20000044                vt_temp_value
 *fill*         0x20000046        0x2 
 .data.PLR_temp_value
                0x20000048        0x4 ./Core/Src/main.o
                0x20000048                PLR_temp_value
 .data.RR_temp_value
                0x2000004c        0x1 ./Core/Src/main.o
                0x2000004c                RR_temp_value
 .data.RR_alarm_min_value
                0x2000004d        0x1 ./Core/Src/main.o
                0x2000004d                RR_alarm_min_value
 .data.peep_alarm_min_value
                0x2000004e        0x1 ./Core/Src/main.o
                0x2000004e                peep_alarm_min_value
 .data.O2_alarm_min_value
                0x2000004f        0x1 ./Core/Src/main.o
                0x2000004f                O2_alarm_min_value
 .data.P_peak_alarm_max_value
                0x20000050        0x1 ./Core/Src/main.o
                0x20000050                P_peak_alarm_max_value
 .data.MV_alarm_max_value
                0x20000051        0x1 ./Core/Src/main.o
                0x20000051                MV_alarm_max_value
 .data.RR_alarm_max_value
                0x20000052        0x1 ./Core/Src/main.o
                0x20000052                RR_alarm_max_value
 .data.peep_alarm_max_value
                0x20000053        0x1 ./Core/Src/main.o
                0x20000053                peep_alarm_max_value
 .data.O2_alarm_max_value
                0x20000054        0x1 ./Core/Src/main.o
                0x20000054                O2_alarm_max_value
 *fill*         0x20000055        0x3 
 .data.data_val2
                0x20000058       0x16 ./Core/Src/main.o
                0x20000058                data_val2
 *fill*         0x2000006e        0x2 
 .data.line     0x20000070       0x16 ./Core/Src/main.o
                0x20000070                line
 *fill*         0x20000086        0x2 
 .data.line_graph
                0x20000088       0x1a ./Core/Src/main.o
                0x20000088                line_graph
 *fill*         0x200000a2        0x2 
 .data.line_gr8
                0x200000a4       0x2e ./Core/Src/main.o
                0x200000a4                line_gr8
 *fill*         0x200000d2        0x2 
 .data.line_gr81
                0x200000d4       0x2e ./Core/Src/main.o
                0x200000d4                line_gr81
 *fill*         0x20000102        0x2 
 .data.flowvt   0x20000104       0x2a ./Core/Src/main.o
                0x20000104                flowvt
 *fill*         0x2000012e        0x2 
 .data.GREEN_ICON
                0x20000130       0x16 ./Core/Src/main.o
                0x20000130                GREEN_ICON
 *fill*         0x20000146        0x2 
 .data.BLUE_ICON
                0x20000148       0x16 ./Core/Src/main.o
                0x20000148                BLUE_ICON
 *fill*         0x2000015e        0x2 
 .data.insPause_vale
                0x20000160        0x4 ./Core/Src/main.o
                0x20000160                insPause_vale
 .data.SystemCoreClock
                0x20000164        0x4 ./Core/Src/system_stm32f4xx.o
                0x20000164                SystemCoreClock
 .data.uwTickPrio
                0x20000168        0x4 ./Drivers/STM32F4xx_HAL_Driver/Src/stm32f4xx_hal.o
                0x20000168                uwTickPrio
 .data.uwTickFreq
                0x2000016c        0x1 ./Drivers/STM32F4xx_HAL_Driver/Src/stm32f4xx_hal.o
                0x2000016c                uwTickFreq
 *fill*         0x2000016d        0x3 
 .data.uxCriticalNesting
                0x20000170        0x4 ./Middlewares/Third_Party/FreeRTOS/Source/portable/GCC/ARM_CM4F/port.o
 .data._impure_ptr
                0x20000174        0x4 C:/ST/STM32CubeIDE_1.15.1/STM32CubeIDE/plugins/com.st.stm32cube.ide.mcu.externaltools.gnu-tools-for-stm32.13.3.rel1.win32_1.0.0.202411081344/tools/bin/../lib/gcc/arm-none-eabi/13.3.1/../../../../arm-none-eabi/lib/thumb/v7e-m+fp/hard\libc_nano.a(libc_a-impure.o)
                0x20000174                _impure_ptr
 .data._impure_data
                0x20000178       0x4c C:/ST/STM32CubeIDE_1.15.1/STM32CubeIDE/plugins/com.st.stm32cube.ide.mcu.externaltools.gnu-tools-for-stm32.13.3.rel1.win32_1.0.0.202411081344/tools/bin/../lib/gcc/arm-none-eabi/13.3.1/../../../../arm-none-eabi/lib/thumb/v7e-m+fp/hard\libc_nano.a(libc_a-impure.o)
                0x20000178                _impure_data
 *(.RamFunc)
 *(.RamFunc*)
                0x200001c4                        . = ALIGN (0x4)
                0x200001c4                        _edata = .
                0x08016514                        _siccmram = LOADADDR (.ccmram)

.igot.plt       0x200001c4        0x0 load address 0x08016514
 .igot.plt      0x200001c4        0x0 C:/ST/STM32CubeIDE_1.15.1/STM32CubeIDE/plugins/com.st.stm32cube.ide.mcu.externaltools.gnu-tools-for-stm32.13.3.rel1.win32_1.0.0.202411081344/tools/bin/../lib/gcc/arm-none-eabi/13.3.1/thumb/v7e-m+fp/hard/crtbegin.o

.ccmram         0x10000000        0x0 load address 0x08016514
                0x10000000                        . = ALIGN (0x4)
                0x10000000                        _sccmram = .
 *(.ccmram)
 *(.ccmram*)
                0x10000000                        . = ALIGN (0x4)
                0x10000000                        _eccmram = .
                0x10000000                        . = ALIGN (0x4)

.bss            0x200001c8     0x59d4
                0x200001c8                        _sbss = .
                0x200001c8                        __bss_start__ = _sbss
 *(.bss)
 .bss           0x200001c8       0x1c C:/ST/STM32CubeIDE_1.15.1/STM32CubeIDE/plugins/com.st.stm32cube.ide.mcu.externaltools.gnu-tools-for-stm32.13.3.rel1.win32_1.0.0.202411081344/tools/bin/../lib/gcc/arm-none-eabi/13.3.1/thumb/v7e-m+fp/hard/crtbegin.o
 *(.bss*)
 .bss.xIdleTaskTCBBuffer
                0x200001e4       0xa0 ./Core/Src/freertos.o
 .bss.xIdleStack
                0x20000284      0x200 ./Core/Src/freertos.o
 .bss.xTimerTaskTCBBuffer
                0x20000484       0xa0 ./Core/Src/freertos.o
 .bss.xTimerStack
                0x20000524      0x800 ./Core/Src/freertos.o
 *fill*         0x20000d24        0x4 
 .bss.TPID      0x20000d28       0x70 ./Core/Src/main.o
                0x20000d28                TPID
 .bss.hadc1     0x20000d98       0x48 ./Core/Src/main.o
                0x20000d98                hadc1
 .bss.hadc2     0x20000de0       0x48 ./Core/Src/main.o
                0x20000de0                hadc2
 .bss.hadc3     0x20000e28       0x48 ./Core/Src/main.o
                0x20000e28                hadc3
 .bss.hrtc      0x20000e70       0x20 ./Core/Src/main.o
                0x20000e70                hrtc
 .bss.hspi1     0x20000e90       0x58 ./Core/Src/main.o
                0x20000e90                hspi1
 .bss.hspi3     0x20000ee8       0x58 ./Core/Src/main.o
                0x20000ee8                hspi3
 .bss.htim1     0x20000f40       0x48 ./Core/Src/main.o
                0x20000f40                htim1
 .bss.htim4     0x20000f88       0x48 ./Core/Src/main.o
                0x20000f88                htim4
 .bss.huart1    0x20000fd0       0x48 ./Core/Src/main.o
                0x20000fd0                huart1
 .bss.huart2    0x20001018       0x48 ./Core/Src/main.o
                0x20001018                huart2
 .bss.hdma_usart1_rx
                0x20001060       0x60 ./Core/Src/main.o
                0x20001060                hdma_usart1_rx
 .bss.hdma_usart2_rx
                0x200010c0       0x60 ./Core/Src/main.o
                0x200010c0                hdma_usart2_rx
 .bss.dwinHandle
                0x20001120        0x4 ./Core/Src/main.o
                0x20001120                dwinHandle
 .bss.sensorHandle
                0x20001124        0x4 ./Core/Src/main.o
                0x20001124                sensorHandle
 .bss.mode_controlHandle
                0x20001128        0x4 ./Core/Src/main.o
                0x20001128                mode_controlHandle
 .bss.NotificationHandle
                0x2000112c        0x4 ./Core/Src/main.o
                0x2000112c                NotificationHandle
 .bss.BT_ADCHandle
                0x20001130        0x4 ./Core/Src/main.o
                0x20001130                BT_ADCHandle
 .bss.Loop_GraphHandle
                0x20001134        0x4 ./Core/Src/main.o
                0x20001134                Loop_GraphHandle
 .bss.FVGraphHandle